▶ API real-process concurrency, durability, response loss and event contract
  ✔ mock identity, origin and malformed transport never enter sequencer (64.6926ms)
  ✔ 12 concurrent clients submit, replay and cancel without duplicated effects (168.6176ms)
  ✔ concurrent fill versus owner cancel follows durable sequence and settles exactly once (1820.2678ms)
  ✔ maker price, partial fill, reserves and ownership across API (32.2613ms)
  ✔ snapshot, clean restart and durable request lookup (221.0096ms)
  ✔ network response loss, forced kill, retry has exactly one effect (163.5137ms)
  ✔ WS subscription initial state, concurrent commands and reconnect converge (78.0576ms)
  ✔ stalled request body cannot indefinitely block graceful shutdown (5161.0837ms)
Evidence: C:\project\hackton-2026-tbd\trading\evidence\2026-09-21T09-16-59-385Z-api-2122fed0
✔ API real-process concurrency, durability, response loss and event contract (7937.5951ms)
Checkpoint failure evidence: C:\project\hackton-2026-tbd\trading\evidence\2026-09-21T09-16-59-385Z-api-2122fed0\checkpoint-publication-failure
✔ checkpoint publication failure returns 503, exits nonzero and preserves durable ACKs (565.1259ms)
ℹ tests 10
ℹ suites 0
ℹ pass 10
ℹ fail 0
ℹ cancelled 0
ℹ skipped 0
ℹ todo 0
ℹ duration_ms 8637.4547
