   Compiling leave-exchange v0.1.0 (C:\project\hackton-2026-tbd\trading\engine)
    Finished `release` profile [optimized] target(s) in 25.95s
     Running unittests src\lib.rs (target\release\deps\leave_exchange-f2a75ff8d281c2fd.exe)

running 7 tests
test storage::tests::storage_sync_error_has_unknown_outcome_and_restart_resolves_it_without_duplicates ... ok
test storage::tests::storage_actual_write_syscall_failure_does_not_apply_or_ack ... ok
test storage::tests::storage_interruption_after_sync_before_apply_or_ack_recovers_committed_command ... ok
test storage::tests::storage_interrupted_snapshot_publication_preserves_previous_checkpoint ... ok
test storage::tests::storage_partial_write_fails_closed_and_next_write_cannot_extend_bad_suffix ... ok
test storage::tests::storage_process_kill_during_snapshot_save_recovers_acknowledged_state ... ok
test storage::tests::storage_every_incomplete_frame_boundary_preserves_all_acknowledged_state ... ok

test result: ok. 7 passed; 0 failed; 0 ignored; 0 measured; 0 filtered out; finished in 5.55s

     Running tests\storage_recovery.rs (target\release\deps\storage_recovery-c3212d39108c4a59.exe)

running 13 tests
test storage_genesis_pins_initialization_and_capacity_configuration ... ok
test storage_single_writer_lock_releases_when_store_drops ... ok
test storage_published_snapshot_with_missing_journal_suffix_refuses_data_loss ... ok
test storage_response_loss_retries_without_checkpoint_have_no_second_effect ... ok
test storage_conflicting_request_replays_without_mutating_original ... ok
test storage_corrupted_header_length_cannot_be_misclassified_as_partial_tail ... ok
test storage_final_complete_bad_checksum_is_fatal_not_a_torn_suffix ... ok
test storage_middle_corruption_is_fatal_and_evidence_remains_untouched ... ok
test storage_partial_snapshot_is_ignored_and_corrupt_latest_falls_back ... ok
test storage_torn_last_header_is_preserved ... ok
test storage_acknowledged_commands_full_state_and_dedup_survive_restart ... ok
test storage_torn_last_payload_is_preserved_and_prior_ack_state_recovers ... ok
test storage_forced_process_exit_recovers_all_observed_acks_and_exact_journal_prefix ... ok

test result: ok. 13 passed; 0 failed; 0 ignored; 0 measured; 0 filtered out; finished in 0.16s

