[main 9538ff7] test(trading): verify production bundle under unified route
 43 files changed, 6335 insertions(+), 3 deletions(-)
 create mode 100644 trading/docs/router-production-preview.md
 create mode 100644 trading/evidence/2026-09-21T15-07-30-187Z-unified-trading-build-3c4f9b7c/README.md
 create mode 100644 trading/evidence/2026-09-21T15-07-30-187Z-unified-trading-build-3c4f9b7c/artifacts.sha256.json
 create mode 100644 trading/evidence/2026-09-21T15-07-30-187Z-unified-trading-build-3c4f9b7c/build-once.mjs
 create mode 100644 trading/evidence/2026-09-21T15-07-30-187Z-unified-trading-build-3c4f9b7c/build-tool-result.json
 create mode 100644 trading/evidence/2026-09-21T15-07-30-187Z-unified-trading-build-3c4f9b7c/build.combined.log
 create mode 100644 trading/evidence/2026-09-21T15-07-30-187Z-unified-trading-build-3c4f9b7c/build.stderr.log
 create mode 100644 trading/evidence/2026-09-21T15-07-30-187Z-unified-trading-build-3c4f9b7c/build.stdout.log
 create mode 100644 trading/evidence/2026-09-21T15-07-30-187Z-unified-trading-build-3c4f9b7c/command.json
 create mode 100644 trading/evidence/2026-09-21T15-07-30-187Z-unified-trading-build-3c4f9b7c/inputs.after.sha256.json
 create mode 100644 trading/evidence/2026-09-21T15-07-30-187Z-unified-trading-build-3c4f9b7c/inputs.before.sha256.json
 create mode 100644 trading/evidence/2026-09-21T15-07-30-187Z-unified-trading-build-3c4f9b7c/one-build-attempt.json
 create mode 100644 trading/evidence/2026-09-21T15-07-30-187Z-unified-trading-build-3c4f9b7c/result.json
 create mode 100644 trading/evidence/2026-09-21T15-07-30-187Z-unified-trading-build-3c4f9b7c/run-files.sha256.json
 create mode 100644 trading/evidence/2026-09-21T15-09-51-005Z-router-preview-bd08bc54/assets.json
 create mode 100644 trading/evidence/2026-09-21T15-09-51-005Z-router-preview-bd08bc54/browser-console.json
 create mode 100644 trading/evidence/2026-09-21T15-09-51-005Z-router-preview-bd08bc54/browser-initial.jpg
 create mode 100644 trading/evidence/2026-09-21T15-09-51-005Z-router-preview-bd08bc54/browser-initial.json
 create mode 100644 trading/evidence/2026-09-21T15-09-51-005Z-router-preview-bd08bc54/browser-reload-dom.txt
 create mode 100644 trading/evidence/2026-09-21T15-09-51-005Z-router-preview-bd08bc54/browser-reload.jpg
 create mode 100644 trading/evidence/2026-09-21T15-09-51-005Z-router-preview-bd08bc54/browser-reload.json
 create mode 100644 trading/evidence/2026-09-21T15-09-51-005Z-router-preview-bd08bc54/closed.json
 create mode 100644 trading/evidence/2026-09-21T15-09-51-005Z-router-preview-bd08bc54/fixture-as-run.mjs
 create mode 100644 trading/evidence/2026-09-21T15-09-51-005Z-router-preview-bd08bc54/ready.json
 create mode 100644 trading/evidence/2026-09-21T15-09-51-005Z-router-preview-bd08bc54/requests.json
 create mode 100644 trading/evidence/2026-09-21T15-09-51-005Z-router-preview-bd08bc54/stop.request
 create mode 100644 trading/evidence/2026-09-21T15-09-51-005Z-router-preview-bd08bc54/verified.json
 create mode 100644 trading/evidence/2026-09-21T15-11-08-589Z-router-preview-readonly-review-dc54dd21/metadata.json
 create mode 100644 trading/evidence/2026-09-21T15-11-08-589Z-router-preview-readonly-review-dc54dd21/review.md
 create mode 100644 trading/evidence/2026-09-21T15-11-08-589Z-router-preview-readonly-review-dc54dd21/router-preview-readonly.mjs.reviewed
 create mode 100644 trading/evidence/2026-09-21T15-13-45-560Z-router-preview-log-final-review-1cb75d07/metadata.json
 create mode 100644 trading/evidence/2026-09-21T15-13-45-560Z-router-preview-log-final-review-1cb75d07/review.md
 create mode 100644 trading/evidence/2026-09-21T15-13-45-560Z-router-preview-log-final-review-1cb75d07/router-preview-readonly.mjs.reviewed
 create mode 100644 trading/evidence/20260921T150536973Z-allocation-doc-main-push-c0d1c331/before.json
 create mode 100644 trading/evidence/20260921T150536973Z-allocation-doc-main-push-c0d1c331/commit.log
 create mode 100644 trading/evidence/20260921T150536973Z-allocation-doc-main-push-c0d1c331/documentation-check.log
 create mode 100644 trading/evidence/20260921T150536973Z-allocation-doc-main-push-c0d1c331/push.log
 create mode 100644 trading/evidence/20260921T150536973Z-allocation-doc-main-push-c0d1c331/verified.json
 create mode 100644 trading/scripts/router-preview-readonly.mjs
