[main 5f532b8] docs(trading): clarify Park setup and remaining allocations
 67 files changed, 140685 insertions(+), 9 deletions(-)
 create mode 100644 trading/evidence/2026-09-21T15-00-22-448Z-router-doc-audit-6ade225a/README.md
 create mode 100644 trading/evidence/2026-09-21T15-00-22-448Z-router-doc-audit-6ade225a/audit.json
 create mode 100644 trading/evidence/2026-09-21T15-00-22-448Z-router-doc-audit-6ade225a/capture-initial-parser-error.json
 create mode 100644 trading/evidence/2026-09-21T15-00-22-448Z-router-doc-audit-6ade225a/capture-tool-result.json
 create mode 100644 trading/evidence/2026-09-21T15-00-22-448Z-router-doc-audit-6ade225a/capture.mjs
 create mode 100644 trading/evidence/2026-09-21T15-00-22-448Z-router-doc-audit-6ade225a/integrity.json
 create mode 100644 trading/evidence/2026-09-21T15-00-22-448Z-router-doc-audit-6ade225a/source-sha256.json
 create mode 100644 trading/evidence/2026-09-21T15-00-22-448Z-router-doc-audit-6ade225a/sources/README.md
 create mode 100644 trading/evidence/2026-09-21T15-00-22-448Z-router-doc-audit-6ade225a/sources/map/README.md
 create mode 100644 trading/evidence/2026-09-21T15-00-22-448Z-router-doc-audit-6ade225a/sources/map/package-lock.json
 create mode 100644 trading/evidence/2026-09-21T15-00-22-448Z-router-doc-audit-6ade225a/sources/map/package.json
 create mode 100644 trading/evidence/2026-09-21T15-00-22-448Z-router-doc-audit-6ade225a/sources/map/src/main.js
 create mode 100644 trading/evidence/2026-09-21T15-00-22-448Z-router-doc-audit-6ade225a/sources/map/src/mobility/main.js
 create mode 100644 trading/evidence/2026-09-21T15-00-22-448Z-router-doc-audit-6ade225a/sources/package-lock.json
 create mode 100644 trading/evidence/2026-09-21T15-00-22-448Z-router-doc-audit-6ade225a/sources/package.json
 create mode 100644 trading/evidence/2026-09-21T15-00-22-448Z-router-doc-audit-6ade225a/sources/park/README.md
 create mode 100644 trading/evidence/2026-09-21T15-00-22-448Z-router-doc-audit-6ade225a/sources/park/ROUTER.md
 create mode 100644 trading/evidence/2026-09-21T15-00-22-448Z-router-doc-audit-6ade225a/sources/park/server.mjs
 create mode 100644 trading/evidence/2026-09-21T15-00-22-448Z-router-doc-audit-6ade225a/sources/park/server/apps.mjs
 create mode 100644 trading/evidence/2026-09-21T15-00-22-448Z-router-doc-audit-6ade225a/sources/park/server/routes.mjs
 create mode 100644 trading/evidence/2026-09-21T15-00-22-448Z-router-doc-audit-6ade225a/sources/park/server/trading-proxy.mjs
 create mode 100644 trading/evidence/2026-09-21T15-00-22-448Z-router-doc-audit-6ade225a/sources/scripts/build-unified.mjs
 create mode 100644 trading/evidence/2026-09-21T15-00-22-448Z-router-doc-audit-6ade225a/sources/trading/README.md
 create mode 100644 trading/evidence/2026-09-21T15-00-22-448Z-router-doc-audit-6ade225a/sources/trading/attraction.json
 create mode 100644 trading/evidence/2026-09-21T15-00-22-448Z-router-doc-audit-6ade225a/sources/trading/docs/deployment.md
 create mode 100644 trading/evidence/2026-09-21T15-00-22-448Z-router-doc-audit-6ade225a/sources/trading/docs/protocol.md
 create mode 100644 trading/evidence/2026-09-21T15-00-22-448Z-router-doc-audit-6ade225a/sources/trading/docs/ui.md
 create mode 100644 trading/evidence/2026-09-21T15-00-22-448Z-router-doc-audit-6ade225a/sources/trading/frontend/.env.example
 create mode 100644 trading/evidence/2026-09-21T15-00-22-448Z-router-doc-audit-6ade225a/sources/trading/frontend/package.json
 create mode 100644 trading/evidence/2026-09-21T15-00-22-448Z-router-doc-audit-6ade225a/sources/trading/frontend/pnpm-workspace.yaml
 create mode 100644 trading/evidence/2026-09-21T15-00-22-448Z-router-doc-audit-6ade225a/sources/trading/frontend/src/api.ts
 create mode 100644 trading/evidence/2026-09-21T15-00-22-448Z-router-doc-audit-6ade225a/sources/trading/frontend/vercel.json
 create mode 100644 trading/evidence/2026-09-21T15-00-22-448Z-router-doc-audit-6ade225a/sources/trading/frontend/vite.config.ts
 create mode 100644 trading/evidence/2026-09-21T15-00-22-448Z-router-doc-audit-6ade225a/sources/trading/scripts/demo.mjs
 create mode 100644 trading/evidence/2026-09-21T15-00-22-448Z-router-doc-audit-6ade225a/sources/trading/scripts/park-launcher.mjs
 create mode 100644 trading/evidence/2026-09-21T15-00-22-448Z-router-doc-audit-6ade225a/sources/trading/scripts/park-router-startup.mjs
 create mode 100644 trading/evidence/2026-09-21T15-00-22-448Z-router-doc-audit-6ade225a/sources/trading/scripts/setup.ps1
 create mode 100644 trading/evidence/2026-09-21T15-02-54-968Z-supplementary-resource-analysis-9bfcf0d4/analysis.json
 create mode 100644 trading/evidence/2026-09-21T15-02-54-968Z-supplementary-resource-analysis-9bfcf0d4/capture.json
 create mode 100644 trading/evidence/2026-09-21T15-02-54-968Z-supplementary-resource-analysis-9bfcf0d4/samples-prefix.jsonl
 create mode 100644 trading/evidence/2026-09-21T15-02-54-968Z-supplementary-resource-analysis-9bfcf0d4/source-run-after.json
 create mode 100644 trading/evidence/2026-09-21T15-02-54-968Z-supplementary-resource-analysis-9bfcf0d4/source-run.json
 create mode 100644 trading/evidence/2026-09-21T15-02-54-968Z-supplementary-resource-analysis-9bfcf0d4/source/summarize-supplementary-resources.mjs
 create mode 100644 trading/evidence/2026-09-21T15-02-54-968Z-supplementary-resource-analysis-9bfcf0d4/source/supplementary-resource-analysis.mjs
 create mode 100644 trading/evidence/2026-09-21T15-02-55-007Z-observation-analysis-29c2bda6/analysis.json
 create mode 100644 trading/evidence/2026-09-21T15-02-55-951Z-bot-latency-analysis-0bb241b3/analysis.json
 create mode 100644 trading/evidence/20260921T145034129Z-post-cow-allocation-map-62b869b0/analysis.json
 create mode 100644 trading/evidence/20260921T145034129Z-post-cow-allocation-map-62b869b0/analysis.log
 create mode 100644 trading/evidence/20260921T145034129Z-post-cow-allocation-map-62b869b0/analyze.mjs
 create mode 100644 trading/evidence/20260921T145034129Z-post-cow-allocation-map-62b869b0/command.json
 create mode 100644 trading/evidence/20260921T145034129Z-post-cow-allocation-map-62b869b0/delivery.json
 create mode 100644 trading/evidence/20260921T145034129Z-post-cow-allocation-map-62b869b0/post-verification.json
 create mode 100644 trading/evidence/20260921T145034129Z-post-cow-allocation-map-62b869b0/review.md
 create mode 100644 trading/evidence/20260921T145339883Z-quiet-ui-main-push-59f8a4b1/before.json
 create mode 100644 trading/evidence/20260921T145339883Z-quiet-ui-main-push-59f8a4b1/commit.log
 create mode 100644 trading/evidence/20260921T145339883Z-quiet-ui-main-push-59f8a4b1/fetch.log
 create mode 100644 trading/evidence/20260921T145339883Z-quiet-ui-main-push-59f8a4b1/push.log
 create mode 100644 trading/evidence/20260921T145339883Z-quiet-ui-main-push-59f8a4b1/verified.json
 create mode 100644 trading/evidence/20260921T150140271Z-allocation-doc-integration-905d40b5/failure.json
 create mode 100644 trading/evidence/20260921T150140271Z-allocation-doc-integration-905d40b5/proof.json
 create mode 100644 trading/evidence/20260921T150315339Z-midnight-checkpoint-9bbb1d2d/commands.json
