[detached HEAD f6f5914] Reduce WebSocket state serialization allocations with measured verification
 Date: Mon Sep 21 21:00:24 2026 +0900
 89 files changed, 177296 insertions(+), 2 deletions(-)
 create mode 100644 trading/docs/ws-serialization.md
 create mode 100644 trading/engine/examples/ws_serialization_bench.rs
 create mode 100644 trading/engine/src/ws_frame.rs
 create mode 100644 trading/engine/tests/fixtures/ws_legacy_market.json
 create mode 100644 trading/engine/tests/fixtures/ws_legacy_market.provenance.json
 create mode 100644 trading/evidence/2026-09-21T11-41-00-883Z-observation-analysis-829ae40c/analysis.json
 create mode 100644 trading/evidence/2026-09-21T11-41-01-385Z-bot-latency-analysis-14a3d202/analysis.json
 create mode 100644 trading/evidence/2026-09-21T11-43-21-538Z-ws-serialization-independent-review-90170c5f/metadata.json
 create mode 100644 trading/evidence/2026-09-21T11-43-21-538Z-ws-serialization-independent-review-90170c5f/review.md
 create mode 100644 trading/evidence/2026-09-21T11-48-11-769Z-api-e869ec87/checkpoint-publication-failure/data
 create mode 100644 trading/evidence/2026-09-21T11-48-11-769Z-api-e869ec87/checkpoint-publication-failure/engine-0.stderr.log
 create mode 100644 trading/evidence/2026-09-21T11-48-11-769Z-api-e869ec87/checkpoint-publication-failure/engine-0.stdout.log
 create mode 100644 trading/evidence/2026-09-21T11-48-11-769Z-api-e869ec87/checkpoint-publication-failure/engine-1.stderr.log
 create mode 100644 trading/evidence/2026-09-21T11-48-11-769Z-api-e869ec87/checkpoint-publication-failure/engine-1.stdout.log
 create mode 100644 trading/evidence/2026-09-21T11-48-11-769Z-api-e869ec87/checkpoint-publication-failure/report.json
 create mode 100644 trading/evidence/2026-09-21T11-48-11-769Z-api-e869ec87/engine-0.stderr.log
 create mode 100644 trading/evidence/2026-09-21T11-48-11-769Z-api-e869ec87/engine-0.stdout.log
 create mode 100644 trading/evidence/2026-09-21T11-48-11-769Z-api-e869ec87/engine-1.stderr.log
 create mode 100644 trading/evidence/2026-09-21T11-48-11-769Z-api-e869ec87/engine-1.stdout.log
 create mode 100644 trading/evidence/2026-09-21T11-48-11-769Z-api-e869ec87/engine-2.stderr.log
 create mode 100644 trading/evidence/2026-09-21T11-48-11-769Z-api-e869ec87/engine-2.stdout.log
 create mode 100644 trading/evidence/2026-09-21T11-48-11-769Z-api-e869ec87/engine-3.stderr.log
 create mode 100644 trading/evidence/2026-09-21T11-48-11-769Z-api-e869ec87/engine-3.stdout.log
 create mode 100644 trading/evidence/2026-09-21T11-48-11-769Z-api-e869ec87/engine-4.stderr.log
 create mode 100644 trading/evidence/2026-09-21T11-48-11-769Z-api-e869ec87/engine-4.stdout.log
 create mode 100644 trading/evidence/2026-09-21T11-48-11-769Z-api-e869ec87/events.jsonl
 create mode 100644 trading/evidence/2026-09-21T11-48-11-769Z-api-e869ec87/run.json
 create mode 100644 trading/evidence/2026-09-21T11-48-40-554Z-ws-diagnostics-88f40990/engine.stderr.log
 create mode 100644 trading/evidence/2026-09-21T11-48-40-554Z-ws-diagnostics-88f40990/engine.stdout.log
 create mode 100644 trading/evidence/2026-09-21T11-48-40-554Z-ws-diagnostics-88f40990/events.json
 create mode 100644 trading/evidence/2026-09-21T11-48-40-554Z-ws-diagnostics-88f40990/http-requests.json
 create mode 100644 trading/evidence/2026-09-21T11-48-40-554Z-ws-diagnostics-88f40990/memory-sampler.ps1
 create mode 100644 trading/evidence/2026-09-21T11-48-40-554Z-ws-diagnostics-88f40990/memory.json
 create mode 100644 trading/evidence/2026-09-21T11-48-40-554Z-ws-diagnostics-88f40990/memory.stderr.log
 create mode 100644 trading/evidence/2026-09-21T11-48-40-554Z-ws-diagnostics-88f40990/metadata.json
 create mode 100644 trading/evidence/2026-09-21T11-48-40-554Z-ws-diagnostics-88f40990/normal-ws-events.json
 create mode 100644 trading/evidence/2026-09-21T11-48-40-554Z-ws-diagnostics-88f40990/slow-ws.json
 create mode 100644 trading/evidence/2026-09-21T11-48-40-554Z-ws-diagnostics-88f40990/summary.json
 create mode 100644 trading/evidence/2026-09-21T11-48-40-554Z-ws-diagnostics-88f40990/verified-state.json
 create mode 100644 trading/evidence/2026-09-21T11-48-40-554Z-ws-diagnostics-88f40990/websocket-clients.json
 create mode 100644 trading/evidence/2026-09-21T11-48-40-554Z-ws-diagnostics-88f40990/websocket-termination-events.json
 create mode 100644 trading/evidence/20260921T112950175Z-ws-fix-main-push-e030b7b9/apply.log
 create mode 100644 trading/evidence/20260921T112950175Z-ws-fix-main-push-e030b7b9/push.log
 create mode 100644 trading/evidence/20260921T112950175Z-ws-fix-main-push-e030b7b9/refresh.log
 create mode 100644 trading/evidence/20260921T112950175Z-ws-fix-main-push-e030b7b9/result.json
 create mode 100644 trading/evidence/20260921T113605520Z-ws-serialization-example-release-build-e3fcdd6b/output.log
 create mode 100644 trading/evidence/20260921T113605520Z-ws-serialization-example-release-build-e3fcdd6b/run.json
 create mode 100644 trading/evidence/20260921T113640043Z-ws-serialization-ab-633bfa86/README.md
 create mode 100644 trading/evidence/20260921T113640043Z-ws-serialization-ab-633bfa86/analysis.json
 create mode 100644 trading/evidence/20260921T113640043Z-ws-serialization-ab-633bfa86/inputs/states.json
 create mode 100644 trading/evidence/20260921T113640043Z-ws-serialization-ab-633bfa86/inputs/verified-state.json
 create mode 100644 trading/evidence/20260921T113640043Z-ws-serialization-ab-633bfa86/metadata.json
 create mode 100644 trading/evidence/20260921T113640043Z-ws-serialization-ab-633bfa86/report.json
 create mode 100644 trading/evidence/20260921T113640043Z-ws-serialization-ab-633bfa86/run.json
 create mode 100644 trading/evidence/20260921T113640043Z-ws-serialization-ab-633bfa86/run.ps1
 create mode 100644 trading/evidence/20260921T113640043Z-ws-serialization-ab-633bfa86/stderr.log
 create mode 100644 trading/evidence/20260921T113640043Z-ws-serialization-ab-633bfa86/stdout.log
 create mode 100644 trading/evidence/20260921T113640043Z-ws-serialization-ab-633bfa86/summarize.mjs
 create mode 100644 trading/evidence/20260921T113640043Z-ws-serialization-ab-633bfa86/ws_frame.executed.rs
 create mode 100644 trading/evidence/20260921T113640043Z-ws-serialization-ab-633bfa86/ws_serialization_bench.executed.rs
 create mode 100644 trading/evidence/20260921T113851185Z-ws-serialization-example-clippy-f2a3fc43/output.log
 create mode 100644 trading/evidence/20260921T113851185Z-ws-serialization-example-clippy-f2a3fc43/run.json
 create mode 100644 trading/evidence/20260921T114315186Z-ws-encoder-unit-4ccf2234/output.log
 create mode 100644 trading/evidence/20260921T114315186Z-ws-encoder-unit-4ccf2234/run.json
 create mode 100644 trading/evidence/20260921T114618896Z-ws-encoder-fmt-6b525e16/run.json
 create mode 100644 trading/evidence/20260921T114620498Z-ws-encoder-release-2aadbde9/output.log
 create mode 100644 trading/evidence/20260921T114620498Z-ws-encoder-release-2aadbde9/run.json
 create mode 100644 trading/evidence/20260921T114730441Z-ws-consumer-static-review-160d0f27/README.md
 create mode 100644 trading/evidence/20260921T114730441Z-ws-consumer-static-review-160d0f27/review-completion.json
 create mode 100644 trading/evidence/20260921T114730441Z-ws-consumer-static-review-160d0f27/source-sha256.json
 create mode 100644 trading/evidence/20260921T114752406Z-ws-encoder-clippy-ae5df0a9/output.log
 create mode 100644 trading/evidence/20260921T114752406Z-ws-encoder-clippy-ae5df0a9/run.json
 create mode 100644 trading/evidence/20260921T114811576Z-ws-encoder-api-regression-a906177c/output.log
 create mode 100644 trading/evidence/20260921T114811576Z-ws-encoder-api-regression-a906177c/run.json
 create mode 100644 trading/evidence/20260921T114840440Z-ws-encoder-stream-regression-1ac7652d/output.log
 create mode 100644 trading/evidence/20260921T114840440Z-ws-encoder-stream-regression-1ac7652d/run.json
 create mode 100644 trading/evidence/20260921T114846131Z-95min-checkpoint-offline-b00ee776/analysis.json
 create mode 100644 trading/evidence/20260921T114846131Z-95min-checkpoint-offline-b00ee776/analyze.mjs
 create mode 100644 trading/evidence/20260921T114846131Z-95min-checkpoint-offline-b00ee776/checkpoint.md
 create mode 100644 trading/evidence/20260921T114846131Z-95min-checkpoint-offline-b00ee776/provenance.json
 create mode 100644 trading/evidence/20260921T114846131Z-95min-checkpoint-offline-b00ee776/snapshot-file.json
 create mode 100644 trading/evidence/20260921T114846131Z-95min-checkpoint-offline-b00ee776/source-prefixes.json
