[main 426da01] docs(trading): prepare order status allocation experiment
 24 files changed, 1149 insertions(+), 5 deletions(-)
 create mode 100644 trading/evidence/2026-09-21T15-52-08-127Z-order-status-cow-independent-review-92325c80/metadata.json
 create mode 100644 trading/evidence/2026-09-21T15-52-08-127Z-order-status-cow-independent-review-92325c80/proposal-review-as-read.md
 create mode 100644 trading/evidence/2026-09-21T15-52-08-127Z-order-status-cow-independent-review-92325c80/proposal-reviewed.patch
 create mode 100644 trading/evidence/2026-09-21T15-52-08-127Z-order-status-cow-independent-review-92325c80/review.md
 create mode 100644 trading/evidence/2026-09-21T15-55-12-638Z-resource-plot-status-copy-98605d59/plot-resource-coverage.before.py
 create mode 100644 trading/evidence/2026-09-21T15-55-12-638Z-resource-plot-status-copy-98605d59/status-inputs.json
 create mode 100644 trading/evidence/20260921T154217393Z-mobile-queue-main-push-0f13ffd4/before.json
 create mode 100644 trading/evidence/20260921T154217393Z-mobile-queue-main-push-0f13ffd4/commit.log
 create mode 100644 trading/evidence/20260921T154217393Z-mobile-queue-main-push-0f13ffd4/fetch-after-rejection.log
 create mode 100644 trading/evidence/20260921T154217393Z-mobile-queue-main-push-0f13ffd4/merge.log
 create mode 100644 trading/evidence/20260921T154217393Z-mobile-queue-main-push-0f13ffd4/push-after-merge.log
 create mode 100644 trading/evidence/20260921T154217393Z-mobile-queue-main-push-0f13ffd4/push.log
 create mode 100644 trading/evidence/20260921T154217393Z-mobile-queue-main-push-0f13ffd4/verified.json
 create mode 100644 trading/evidence/20260921T154523346Z-order-status-cow-proposal-6dbe824f/analysis.json
 create mode 100644 trading/evidence/20260921T154523346Z-order-status-cow-proposal-6dbe824f/command.json
 create mode 100644 trading/evidence/20260921T154523346Z-order-status-cow-proposal-6dbe824f/delivery.json
 create mode 100644 trading/evidence/20260921T154523346Z-order-status-cow-proposal-6dbe824f/prepare.mjs
 create mode 100644 trading/evidence/20260921T154523346Z-order-status-cow-proposal-6dbe824f/proposal.patch
 create mode 100644 trading/evidence/20260921T154523346Z-order-status-cow-proposal-6dbe824f/review.md
