   Compiling proc-macro2 v1.0.107
   Compiling unicode-ident v1.0.26
   Compiling quote v1.0.47
   Compiling serde_core v1.0.229
   Compiling winapi-x86_64-pc-windows-gnu v0.4.0
   Compiling winapi v0.3.9
   Compiling zmij v1.0.23
   Compiling syn v3.0.6
   Compiling serde v1.0.229
   Compiling serde_json v1.0.151
   Compiling crc32fast v1.5.2
   Compiling serde_derive v1.0.229
   Compiling cfg-if v1.0.5
   Compiling itoa v1.0.18
   Compiling memchr v2.8.3
   Compiling fs2 v0.4.3
   Compiling cow-result-candidate v0.1.0 (C:\project\hackton-2026-tbd\trading\evidence\20260921T134615285Z-cow-result-prototype-5d8dd1e4\candidate)
   Compiling cow-result-baseline v0.1.0 (C:\project\hackton-2026-tbd\trading\evidence\20260921T134615285Z-cow-result-prototype-5d8dd1e4\baseline)
   Compiling cow-result-suffix-replay-v2 v0.1.0 (C:\project\hackton-2026-tbd\trading\evidence\20260921T134615285Z-cow-result-prototype-5d8dd1e4\suffix-replay-v2)
    Finished `release` profile [optimized] target(s) in 1m 47s
