▶ API real-process concurrency, durability, response loss and event contract
  ✔ mock identity, origin and malformed transport never enter sequencer (52.8622ms)
  ✔ 12 concurrent clients submit, replay and cancel without duplicated effects (124.668ms)
  ✔ concurrent fill versus owner cancel follows durable sequence and settles exactly once (1956.337ms)
  ✔ maker price, partial fill, reserves and ownership across API (65.6643ms)
  ✔ snapshot, clean restart and durable request lookup (207.685ms)
  ✔ network response loss, forced kill, retry has exactly one effect (187.4218ms)
  ✔ WS subscription initial state, concurrent commands and reconnect converge (79.1223ms)
  ✔ stalled request body cannot indefinitely block graceful shutdown (5177.3299ms)
Evidence: C:\project\hackton-2026-tbd\trading\evidence\2026-09-21T11-24-29-339Z-api-cf97459a
✔ API real-process concurrency, durability, response loss and event contract (8350.535ms)
Checkpoint failure evidence: C:\project\hackton-2026-tbd\trading\evidence\2026-09-21T11-24-29-339Z-api-cf97459a\checkpoint-publication-failure
✔ checkpoint publication failure returns 503, exits nonzero and preserves durable ACKs (643.7388ms)
ℹ tests 10
ℹ suites 0
ℹ pass 10
ℹ fail 0
ℹ cancelled 0
ℹ skipped 0
ℹ todo 0
ℹ duration_ms 9118.5123
