Extracted 10 real road/building ways
changdong-b2: 24 walls, 11 nodes, 12 edges
10000901-0: 16 walls, 6 nodes, 5 edges
20000555-0: 7 walls, 0 nodes, 0 edges
20000555-1: 6 walls, 0 nodes, 0 edges
20000555-2: 6 walls, 0 nodes, 0 edges
10002143-0: 39 walls, 0 nodes, 0 edges
10002143-1: 40 walls, 0 nodes, 0 edges
10002143-2: 28 walls, 0 nodes, 0 edges
parking-159344-0: 66 walls, 0 nodes, 0 edges
multilevel-dogok-0: 85 walls, 0 nodes, 0 edges
multilevel-dogok-1: 63 walls, 0 nodes, 0 edges
multilevel-dogok-2: 54 walls, 0 nodes, 0 edges
multilevel-dogok-3: 43 walls, 0 nodes, 0 edges
20000367-0: 19 walls, 0 nodes, 0 edges
20000367-1: 11 walls, 0 nodes, 0 edges
20000367-2: 18 walls, 0 nodes, 0 edges
20000474-0: 74 walls, 0 nodes, 0 edges
10000921-0: 23 walls, 0 nodes, 0 edges
20000441-0: 17 walls, 0 nodes, 0 edges
20000441-1: 5 walls, 0 nodes, 0 edges
20000441-2: 8 walls, 0 nodes, 0 edges
20000536-0: 159 walls, 0 nodes, 0 edges
20000536-1: 168 walls, 0 nodes, 0 edges
10002042-0: 50 walls, 0 nodes, 0 edges
10002042-1: 84 walls, 0 nodes, 0 edges
10002042-2: 35 walls, 0 nodes, 0 edges
20000570-0: 20 walls, 0 nodes, 0 edges
20000570-1: 50 walls, 0 nodes, 0 edges
20000570-2: 38 walls, 0 nodes, 0 edges
parking-139632-0: 13 walls, 0 nodes, 0 edges
parking-27446-0: 22 walls, 0 nodes, 0 edges
parking-65955-0: 71 walls, 0 nodes, 0 edges
parking-57413-0: 8 walls, 0 nodes, 0 edges
parking-63653-0: 97 walls, 0 nodes, 0 edges
parking-52328-0: 10 walls, 0 nodes, 0 edges
parking-49698-0: 53 walls, 0 nodes, 0 edges
parking-43658-0: 68 walls, 0 nodes, 0 edges
parking-45519-0: 90 walls, 0 nodes, 0 edges
parking-39327-0: 31 walls, 0 nodes, 0 edges
parking-35314-0: 21 walls, 0 nodes, 0 edges
parking-146002-0: 228 walls, 0 nodes, 0 edges
parking-7128-0: 73 walls, 0 nodes, 0 edges
parking-15333-0: 166 walls, 0 nodes, 0 edges
parking-168780-0: 137 walls, 0 nodes, 0 edges
parking-168780-1: 11 walls, 0 nodes, 0 edges
parking-168780-2: 15 walls, 0 nodes, 0 edges
parking-146396-0: 18 walls, 0 nodes, 0 edges
parking-143447-0: 5 walls, 0 nodes, 0 edges
parking-140714-0: 25 walls, 0 nodes, 0 edges
parking-131601-0: 47 walls, 0 nodes, 0 edges
parking-24500-0: 289 walls, 0 nodes, 0 edges
parking-90014-0: 164 walls, 0 nodes, 0 edges
parking-89845-0: 91 walls, 0 nodes, 0 edges
parking-68790-0: 11 walls, 0 nodes, 0 edges
parking-56837-0: 235 walls, 0 nodes, 0 edges
parking-52390-0: 14 walls, 0 nodes, 0 edges
parking-47946-0: 17 walls, 0 nodes, 0 edges
parking-46541-0: 108 walls, 0 nodes, 0 edges
parking-42450-0: 93 walls, 0 nodes, 0 edges
parking-170036-0: 39 walls, 0 nodes, 0 edges
complex-onepentas-0: 41 walls, 0 nodes, 0 edges
park-boramae: 0 walls, 0 nodes, 0 edges
park-seoul-forest: 0 walls, 0 nodes, 0 edges
integration-lab: 0 walls, 15 nodes, 16 edges
{
  places: 45,
  drawings: 63,
  types: {
    public: 3,
    apartment: 9,
    house: 21,
    building: 6,
    cultural: 1,
    parking: 1,
    religious: 1,
    library: 1,
    park: 2
  },
  radioPlaces: 44,
  uniqueStations: 1925,
  precisePlaces: 14,
  parkingPlans: 4,
  parkingBays: 188,
  objects: 134,
  ocrLabels: 1274
}
