[detached HEAD cee53d2] Diagnose WebSocket exits and flush peer close replies
 Date: Mon Sep 21 20:29:20 2026 +0900
 83 files changed, 74140 insertions(+), 36 deletions(-)
 create mode 100644 trading/docs/ws-diagnostics.md
 create mode 100644 trading/evidence/2026-09-21T11-18-03-976Z-ws-diagnostics-bb871788/README.md
 create mode 100644 trading/evidence/2026-09-21T11-18-03-976Z-ws-diagnostics-bb871788/corrected-ws-diagnostics.mjs
 create mode 100644 trading/evidence/2026-09-21T11-18-03-976Z-ws-diagnostics-bb871788/engine.stderr.log
 create mode 100644 trading/evidence/2026-09-21T11-18-03-976Z-ws-diagnostics-bb871788/engine.stdout.log
 create mode 100644 trading/evidence/2026-09-21T11-18-03-976Z-ws-diagnostics-bb871788/events.json
 create mode 100644 trading/evidence/2026-09-21T11-18-03-976Z-ws-diagnostics-bb871788/executed-ws-diagnostics.mjs
 create mode 100644 trading/evidence/2026-09-21T11-18-03-976Z-ws-diagnostics-bb871788/harness-fix-review.json
 create mode 100644 trading/evidence/2026-09-21T11-18-03-976Z-ws-diagnostics-bb871788/http-requests.json
 create mode 100644 trading/evidence/2026-09-21T11-18-03-976Z-ws-diagnostics-bb871788/memory-sampler.ps1
 create mode 100644 trading/evidence/2026-09-21T11-18-03-976Z-ws-diagnostics-bb871788/memory.json
 create mode 100644 trading/evidence/2026-09-21T11-18-03-976Z-ws-diagnostics-bb871788/memory.stderr.log
 create mode 100644 trading/evidence/2026-09-21T11-18-03-976Z-ws-diagnostics-bb871788/metadata.json
 create mode 100644 trading/evidence/2026-09-21T11-18-03-976Z-ws-diagnostics-bb871788/normal-ws-events.json
 create mode 100644 trading/evidence/2026-09-21T11-18-03-976Z-ws-diagnostics-bb871788/slow-ws.json
 create mode 100644 trading/evidence/2026-09-21T11-18-03-976Z-ws-diagnostics-bb871788/summary.json
 create mode 100644 trading/evidence/2026-09-21T11-18-03-976Z-ws-diagnostics-bb871788/verify-harness-fix.mjs
 create mode 100644 trading/evidence/2026-09-21T11-18-03-976Z-ws-diagnostics-bb871788/websocket-termination-events.json
 create mode 100644 trading/evidence/2026-09-21T11-23-36-419Z-ws-diagnostics-b338163c/README.md
 create mode 100644 trading/evidence/2026-09-21T11-23-36-419Z-ws-diagnostics-b338163c/engine.stderr.log
 create mode 100644 trading/evidence/2026-09-21T11-23-36-419Z-ws-diagnostics-b338163c/engine.stdout.log
 create mode 100644 trading/evidence/2026-09-21T11-23-36-419Z-ws-diagnostics-b338163c/events.json
 create mode 100644 trading/evidence/2026-09-21T11-23-36-419Z-ws-diagnostics-b338163c/executed-ws-diagnostics.mjs
 create mode 100644 trading/evidence/2026-09-21T11-23-36-419Z-ws-diagnostics-b338163c/http-requests.json
 create mode 100644 trading/evidence/2026-09-21T11-23-36-419Z-ws-diagnostics-b338163c/memory-sampler.ps1
 create mode 100644 trading/evidence/2026-09-21T11-23-36-419Z-ws-diagnostics-b338163c/memory.json
 create mode 100644 trading/evidence/2026-09-21T11-23-36-419Z-ws-diagnostics-b338163c/memory.stderr.log
 create mode 100644 trading/evidence/2026-09-21T11-23-36-419Z-ws-diagnostics-b338163c/metadata.json
 create mode 100644 trading/evidence/2026-09-21T11-23-36-419Z-ws-diagnostics-b338163c/normal-ws-events.json
 create mode 100644 trading/evidence/2026-09-21T11-23-36-419Z-ws-diagnostics-b338163c/slow-ws.json
 create mode 100644 trading/evidence/2026-09-21T11-23-36-419Z-ws-diagnostics-b338163c/summary.json
 create mode 100644 trading/evidence/2026-09-21T11-23-36-419Z-ws-diagnostics-b338163c/verified-state.json
 create mode 100644 trading/evidence/2026-09-21T11-23-36-419Z-ws-diagnostics-b338163c/websocket-clients.json
 create mode 100644 trading/evidence/2026-09-21T11-23-36-419Z-ws-diagnostics-b338163c/websocket-termination-events.json
 create mode 100644 trading/evidence/2026-09-21T11-24-29-339Z-api-cf97459a/checkpoint-publication-failure/data
 create mode 100644 trading/evidence/2026-09-21T11-24-29-339Z-api-cf97459a/checkpoint-publication-failure/engine-0.stderr.log
 create mode 100644 trading/evidence/2026-09-21T11-24-29-339Z-api-cf97459a/checkpoint-publication-failure/engine-0.stdout.log
 create mode 100644 trading/evidence/2026-09-21T11-24-29-339Z-api-cf97459a/checkpoint-publication-failure/engine-1.stderr.log
 create mode 100644 trading/evidence/2026-09-21T11-24-29-339Z-api-cf97459a/checkpoint-publication-failure/engine-1.stdout.log
 create mode 100644 trading/evidence/2026-09-21T11-24-29-339Z-api-cf97459a/checkpoint-publication-failure/report.json
 create mode 100644 trading/evidence/2026-09-21T11-24-29-339Z-api-cf97459a/engine-0.stderr.log
 create mode 100644 trading/evidence/2026-09-21T11-24-29-339Z-api-cf97459a/engine-0.stdout.log
 create mode 100644 trading/evidence/2026-09-21T11-24-29-339Z-api-cf97459a/engine-1.stderr.log
 create mode 100644 trading/evidence/2026-09-21T11-24-29-339Z-api-cf97459a/engine-1.stdout.log
 create mode 100644 trading/evidence/2026-09-21T11-24-29-339Z-api-cf97459a/engine-2.stderr.log
 create mode 100644 trading/evidence/2026-09-21T11-24-29-339Z-api-cf97459a/engine-2.stdout.log
 create mode 100644 trading/evidence/2026-09-21T11-24-29-339Z-api-cf97459a/engine-3.stderr.log
 create mode 100644 trading/evidence/2026-09-21T11-24-29-339Z-api-cf97459a/engine-3.stdout.log
 create mode 100644 trading/evidence/2026-09-21T11-24-29-339Z-api-cf97459a/engine-4.stderr.log
 create mode 100644 trading/evidence/2026-09-21T11-24-29-339Z-api-cf97459a/engine-4.stdout.log
 create mode 100644 trading/evidence/2026-09-21T11-24-29-339Z-api-cf97459a/events.jsonl
 create mode 100644 trading/evidence/2026-09-21T11-24-29-339Z-api-cf97459a/run.json
 create mode 100644 trading/evidence/20260921T111408499Z-ws-offline-analysis-e434154c/analysis.json
 create mode 100644 trading/evidence/20260921T111408499Z-ws-offline-analysis-e434154c/calculate.mjs
 create mode 100644 trading/evidence/20260921T111408499Z-ws-offline-analysis-e434154c/review.md
 create mode 100644 trading/evidence/20260921T111520137Z-ws-diagnostics-build-01ae2b6b/build.log
 create mode 100644 trading/evidence/20260921T111520137Z-ws-diagnostics-build-01ae2b6b/run.json
 create mode 100644 trading/evidence/20260921T111721387Z-merge-main-053c03b7/merge-refreshed-main.log
 create mode 100644 trading/evidence/20260921T111721387Z-merge-main-053c03b7/merge.log
 create mode 100644 trading/evidence/20260921T111721387Z-merge-main-053c03b7/push-refreshed-main.log
 create mode 100644 trading/evidence/20260921T111721387Z-merge-main-053c03b7/push.log
 create mode 100644 trading/evidence/20260921T111721387Z-merge-main-053c03b7/result.json
 create mode 100644 trading/evidence/20260921T111721387Z-merge-main-053c03b7/setup.json
 create mode 100644 trading/evidence/20260921T111721387Z-merge-main-053c03b7/tree-verification.json
 create mode 100644 trading/evidence/20260921T111803782Z-ws-structured-diagnostics-c8953874/output.log
 create mode 100644 trading/evidence/20260921T111803782Z-ws-structured-diagnostics-c8953874/run.json
 create mode 100644 trading/evidence/20260921T112214016Z-ws-close-reply-build-6102ee9b/build.log
 create mode 100644 trading/evidence/20260921T112214016Z-ws-close-reply-build-6102ee9b/run.json
 create mode 100644 trading/evidence/20260921T112336309Z-ws-structured-diagnostics-peer-fix-4dc46bb7/output.log
 create mode 100644 trading/evidence/20260921T112336309Z-ws-structured-diagnostics-peer-fix-4dc46bb7/run.json
 create mode 100644 trading/evidence/20260921T112429143Z-ws-diagnostics-api-regression-de52e405/output.log
 create mode 100644 trading/evidence/20260921T112429143Z-ws-diagnostics-api-regression-de52e405/run.json
 create mode 100644 trading/evidence/20260921T112429480Z-ws-diagnostics-clippy-ffcf0575/output.log
 create mode 100644 trading/evidence/20260921T112429480Z-ws-diagnostics-clippy-ffcf0575/run.json
 create mode 100644 trading/evidence/20260921T112644739Z-ws-diagnostics-independent-review-75a00872/review.md
 create mode 100644 trading/evidence/20260921T112644739Z-ws-diagnostics-independent-review-75a00872/sourcehash.json
 create mode 100644 trading/scripts/ws-diagnostics.mjs
