vite v7.3.6 building client environment for production...
transforming...
✓ 36 modules transformed.
rendering chunks...
computing gzip size...
../.server-dist/map_new/index.html                                              0.79 kB │ gzip:   0.53 kB
../.server-dist/map_new/assets/dm-sans-latin-ext-400-normal-BtiwyxMk.woff2      7.36 kB
../.server-dist/map_new/assets/dm-sans-latin-ext-600-normal-4vooXBpG.woff2      7.42 kB
../.server-dist/map_new/assets/dm-sans-latin-ext-500-normal-BJfUCQsA.woff2      7.43 kB
../.server-dist/map_new/assets/dm-sans-latin-ext-400-normal-BjWJ59Pq.woff       9.98 kB
../.server-dist/map_new/assets/dm-sans-latin-ext-600-normal-DRtaDpgU.woff      10.02 kB
../.server-dist/map_new/assets/dm-sans-latin-ext-500-normal-DR84L5F-.woff      10.07 kB
../.server-dist/map_new/assets/dm-sans-latin-600-normal-Aqo67rzb.woff2         14.14 kB
../.server-dist/map_new/assets/dm-sans-latin-400-normal-CW0RaeGs.woff2         14.20 kB
../.server-dist/map_new/assets/dm-sans-latin-500-normal-B9HHJjqV.woff2         14.30 kB
../.server-dist/map_new/assets/dm-sans-latin-600-normal-BmdmIIQ2.woff          18.32 kB
../.server-dist/map_new/assets/dm-sans-latin-400-normal-BwCSEQnW.woff          18.36 kB
../.server-dist/map_new/assets/dm-sans-latin-500-normal-Dr3UlScf.woff          18.52 kB
../.server-dist/map_new/assets/parking-worker-P7s8uwoH.js                      27.78 kB
../.server-dist/map_new/assets/pdf.worker.min-Dswkl-cV.mjs                  1,265.41 kB
../.server-dist/map_new/assets/index-CgemxQpF.css                              27.62 kB │ gzip:   6.95 kB
../.server-dist/map_new/assets/index-D5OGofmt.js                              140.89 kB │ gzip:  49.74 kB
../.server-dist/map_new/assets/pdf-B4yFDtmY.js                                437.17 kB │ gzip: 130.63 kB
../.server-dist/map_new/assets/three-B_Gz9xpF.js                              570.50 kB │ gzip: 144.15 kB

(!) Some chunks are larger than 500 kB after minification. Consider:
- Using dynamic import() to code-split the application
- Use build.rollupOptions.output.manualChunks to improve chunking: https://rollupjs.org/configuration-options/#output-manualchunks
- Adjust chunk size limit for this warning via build.chunkSizeWarningLimit.
✓ built in 1.44s
