Extracted 10 real road/building ways
changdong-b2: cached 4 native tiles
10000901-0: cached 1 native tiles
20000555-0: cached 2 native tiles
20000555-1: cached 2 native tiles
20000555-2: cached 2 native tiles
10002143-0: cached 48 native tiles
10002143-1: cached 1 native tiles
10002143-2: cached 48 native tiles
parking-159344-0: cached 6 native tiles
multilevel-dogok-0: cached 2 native tiles
multilevel-dogok-1: cached 2 native tiles
multilevel-dogok-2: cached 2 native tiles
multilevel-dogok-3: cached 2 native tiles
20000367-0: cached 1 native tiles
20000367-1: cached 1 native tiles
20000367-2: cached 1 native tiles
20000474-0: cached 2 native tiles
10000921-0: cached 1 native tiles
20000441-0: cached 12 native tiles
20000441-1: cached 12 native tiles
20000441-2: cached 12 native tiles
20000536-0: cached 1 native tiles
20000536-1: cached 2 native tiles
10002042-0: cached 15 native tiles
10002042-1: cached 15 native tiles
10002042-2: cached 15 native tiles
20000570-0: cached 2 native tiles
20000570-1: cached 2 native tiles
20000570-2: cached 2 native tiles
parking-139632-0: cached 6 native tiles
parking-27446-0: cached 4 native tiles
parking-65955-0: cached 6 native tiles
parking-57413-0: cached 6 native tiles
parking-63653-0: cached 6 native tiles
parking-52328-0: cached 6 native tiles
parking-49698-0: cached 6 native tiles
parking-43658-0: cached 6 native tiles
parking-45519-0: cached 6 native tiles
parking-39327-0: cached 6 native tiles
parking-35314-0: cached 2 native tiles
parking-146002-0: cached 4 native tiles
parking-7128-0: cached 2 native tiles
parking-15333-0: cached 2 native tiles
parking-168780-0: cached 2 native tiles
parking-168780-1: cached 2 native tiles
parking-168780-2: cached 2 native tiles
parking-146396-0: cached 4 native tiles
parking-143447-0: cached 4 native tiles
parking-140714-0: cached 6 native tiles
parking-131601-0: cached 6 native tiles
parking-24500-0: cached 4 native tiles
parking-90014-0: cached 4 native tiles
parking-89845-0: cached 6 native tiles
parking-68790-0: cached 6 native tiles
parking-56837-0: cached 6 native tiles
parking-52390-0: cached 2 native tiles
parking-47946-0: cached 6 native tiles
parking-46541-0: cached 6 native tiles
parking-42450-0: cached 4 native tiles
parking-170036-0: cached 4 native tiles
complex-onepentas-0: cached 4 native tiles
park-boramae: cached 6 native tiles
park-seoul-forest: cached 4 native tiles
Processed 63 drawings / 374 overlapping native tiles
changdong-b2: 23 walls, 100 nodes, 101 edges
10000901-0: 16 walls, 6 nodes, 5 edges
20000555-0: 17 walls, 0 nodes, 0 edges
20000555-1: 19 walls, 0 nodes, 0 edges
20000555-2: 19 walls, 0 nodes, 0 edges
10002143-0: 0 walls, 0 nodes, 0 edges
10002143-1: 0 walls, 0 nodes, 0 edges
10002143-2: 0 walls, 0 nodes, 0 edges
parking-159344-0: 109 walls, 0 nodes, 0 edges
multilevel-dogok-0: 143 walls, 0 nodes, 0 edges
multilevel-dogok-1: 154 walls, 0 nodes, 0 edges
multilevel-dogok-2: 146 walls, 0 nodes, 0 edges
multilevel-dogok-3: 155 walls, 0 nodes, 0 edges
20000367-0: 21 walls, 0 nodes, 0 edges
20000367-1: 13 walls, 0 nodes, 0 edges
20000367-2: 22 walls, 0 nodes, 0 edges
20000474-0: 117 walls, 0 nodes, 0 edges
10000921-0: 0 walls, 0 nodes, 0 edges
20000441-0: 99 walls, 0 nodes, 0 edges
20000441-1: 64 walls, 0 nodes, 0 edges
20000441-2: 80 walls, 0 nodes, 0 edges
20000536-0: 45 walls, 0 nodes, 0 edges
20000536-1: 45 walls, 0 nodes, 0 edges
10002042-0: 0 walls, 0 nodes, 0 edges
10002042-1: 0 walls, 0 nodes, 0 edges
10002042-2: 0 walls, 0 nodes, 0 edges
20000570-0: 36 walls, 0 nodes, 0 edges
20000570-1: 52 walls, 0 nodes, 0 edges
20000570-2: 59 walls, 0 nodes, 0 edges
parking-139632-0: 37 walls, 0 nodes, 0 edges
parking-27446-0: 12 walls, 0 nodes, 0 edges
parking-65955-0: 216 walls, 0 nodes, 0 edges
parking-57413-0: 197 walls, 0 nodes, 0 edges
parking-63653-0: 61 walls, 0 nodes, 0 edges
parking-52328-0: 31 walls, 0 nodes, 0 edges
parking-49698-0: 49 walls, 0 nodes, 0 edges
parking-43658-0: 113 walls, 0 nodes, 0 edges
parking-45519-0: 52 walls, 0 nodes, 0 edges
parking-39327-0: 86 walls, 0 nodes, 0 edges
parking-35314-0: 15 walls, 0 nodes, 0 edges
parking-146002-0: 114 walls, 0 nodes, 0 edges
parking-7128-0: 40 walls, 0 nodes, 0 edges
parking-15333-0: 141 walls, 0 nodes, 0 edges
parking-168780-0: 48 walls, 35 nodes, 33 edges
parking-168780-1: 149 walls, 0 nodes, 0 edges
parking-168780-2: 163 walls, 0 nodes, 0 edges
parking-146396-0: 62 walls, 0 nodes, 0 edges
parking-143447-0: 135 walls, 0 nodes, 0 edges
parking-140714-0: 26 walls, 0 nodes, 0 edges
parking-131601-0: 72 walls, 54 nodes, 53 edges
parking-24500-0: 72 walls, 0 nodes, 0 edges
parking-90014-0: 186 walls, 0 nodes, 0 edges
parking-89845-0: 97 walls, 0 nodes, 0 edges
parking-68790-0: 64 walls, 0 nodes, 0 edges
parking-56837-0: 104 walls, 0 nodes, 0 edges
parking-52390-0: 43 walls, 0 nodes, 0 edges
parking-47946-0: 90 walls, 0 nodes, 0 edges
parking-46541-0: 72 walls, 0 nodes, 0 edges
parking-42450-0: 107 walls, 0 nodes, 0 edges
parking-170036-0: 47 walls, 0 nodes, 0 edges
complex-onepentas-0: 0 walls, 0 nodes, 0 edges
park-boramae: 0 walls, 0 nodes, 0 edges
park-seoul-forest: 0 walls, 0 nodes, 0 edges
integration-lab: 0 walls, 15 nodes, 16 edges
multilevel-lab: 0 walls, 9 nodes, 8 edges
{
  places: 45,
  drawings: 63,
  types: {
    public: 3,
    apartment: 9,
    house: 21,
    building: 6,
    cultural: 1,
    parking: 1,
    religious: 1,
    library: 1,
    park: 2
  },
  radioPlaces: 44,
  uniqueStations: 1925,
  precisePlaces: 14,
  parkingPlans: 4,
  parkingBays: 187,
  objects: 187,
  ocrLabels: 1506,
  higherResolutionDrawings: 31,
  detectedParking: 194,
  matchedParking: 98,
  pythonAnalyzedDrawings: 63,
  analysisTiles: 374,
  wallCandidates: 34134,
  modeledWalls: 4155,
  referenceDrawings: 7,
  contextMaps: 3
}
