▶ API real-process concurrency, durability, response loss and event contract
  ✔ mock identity, origin and malformed transport never enter sequencer (69.6991ms)
  ✔ 12 concurrent clients submit, replay and cancel without duplicated effects (246.6775ms)
  ✔ concurrent fill versus owner cancel follows durable sequence and settles exactly once (1784.2657ms)
  ✔ maker price, partial fill, reserves and ownership across API (47.1256ms)
  ✔ snapshot, clean restart and durable request lookup (247.3591ms)
  ✔ network response loss, forced kill, retry has exactly one effect (227.5103ms)
  ✔ WS subscription initial state, concurrent commands and reconnect converge (107.4208ms)
  ✔ stalled request body cannot indefinitely block graceful shutdown (5182.9174ms)
Evidence: C:\project\hackton-2026-tbd\trading\evidence\2026-09-21T14-07-37-280Z-api-471e5ffa
✔ API real-process concurrency, durability, response loss and event contract (8839.7448ms)
Checkpoint failure evidence: C:\project\hackton-2026-tbd\trading\evidence\2026-09-21T14-07-37-280Z-api-471e5ffa\checkpoint-publication-failure
✔ checkpoint publication failure returns 503, exits nonzero and preserves durable ACKs (830.1417ms)
ℹ tests 10
ℹ suites 0
ℹ pass 10
ℹ fail 0
ℹ cancelled 0
ℹ skipped 0
ℹ todo 0
ℹ duration_ms 10036.4565
