PASS PC inputs: empty/duplicates/long names/counts/N-range/XSS/individual count
PASS PC end-to-end: 20 balls, first winner, rapid clicks, pause/resume, replay
PASS 4 map selection and real 60-ball maximum performance, last winner
PASS Mobile 390x844 touch: per-person balls → Nth → pause → result → replay
PASS Mobile maximum: 60 balls, reduced motion and frame timing
PASS Responsive, keyboard, mute, visibility pause
{
  "passed": 6,
  "failed": 0,
  "performance": [
    {
      "map": "neon",
      "device": "desktop 1440x1000",
      "balls": 60,
      "samples": 239,
      "meanFrameCostMs": 2.7870292886156416,
      "p95FrameCostMs": 4,
      "p95FrameIntervalMs": 33.399999999999636,
      "fps": 43.19459254305904
    },
    {
      "map": "orbit",
      "device": "desktop 1440x1000",
      "balls": 60,
      "samples": 323,
      "meanFrameCostMs": 1.786068111531229,
      "p95FrameCostMs": 2.5,
      "p95FrameIntervalMs": 16.80000000000291,
      "fps": 57.85316401282436
    },
    {
      "map": "zigzag",
      "device": "desktop 1440x1000",
      "balls": 60,
      "samples": 315,
      "meanFrameCostMs": 1.6523809523454733,
      "p95FrameCostMs": 2.400000002235174,
      "p95FrameIntervalMs": 33.30000000000291,
      "fps": 56.25200900032156
    },
    {
      "map": "split",
      "device": "desktop 1440x1000",
      "balls": 60,
      "samples": 322,
      "meanFrameCostMs": 1.8391304346530333,
      "p95FrameCostMs": 2.2999999970197678,
      "p95FrameIntervalMs": 16.80000000000291,
      "fps": 58.37034351490981
    },
    {
      "map": "neon",
      "device": "mobile emulation 390x844 DPR2",
      "balls": 60,
      "samples": 312,
      "meanFrameCostMs": 2.5512820513178713,
      "p95FrameCostMs": 3.699999999254942,
      "p95FrameIntervalMs": 33.30000000000018,
      "fps": 56.21824209881438
    }
  ]
}
