▶ API real-process concurrency, durability, response loss and event contract
  ✔ mock identity, origin and malformed transport never enter sequencer (37.9583ms)
  ✔ 12 concurrent clients submit, replay and cancel without duplicated effects (166.6324ms)
  ✔ concurrent fill versus owner cancel follows durable sequence and settles exactly once (1811.9902ms)
  ✔ maker price, partial fill, reserves and ownership across API (62.8727ms)
  ✔ snapshot, clean restart and durable request lookup (202.0452ms)
  ✔ network response loss, forced kill, retry has exactly one effect (181.951ms)
  ✔ WS subscription initial state, concurrent commands and reconnect converge (75.7192ms)
  ✔ stalled request body cannot indefinitely block graceful shutdown (5155.0164ms)
Evidence: C:\project\hackton-2026-tbd\trading\evidence\2026-09-21T09-58-12-521Z-api-0a0c6d81
✔ API real-process concurrency, durability, response loss and event contract (8208.1656ms)
Checkpoint failure evidence: C:\project\hackton-2026-tbd\trading\evidence\2026-09-21T09-58-12-521Z-api-0a0c6d81\checkpoint-publication-failure
✔ checkpoint publication failure returns 503, exits nonzero and preserves durable ACKs (532.8918ms)
ℹ tests 10
ℹ suites 0
ℹ pass 10
ℹ fail 0
ℹ cancelled 0
ℹ skipped 0
ℹ todo 0
ℹ duration_ms 8857.3241
