[main 6c181d5] test(trading): verify live UI and prepare guarded diagnostics
 281 files changed, 117194 insertions(+), 10 deletions(-)
 create mode 100644 trading/docs/quiet-window.md
 create mode 100644 trading/evidence/2026-09-21T14-34-56-017Z-observation-analysis-68506bbe/analysis.json
 create mode 100644 trading/evidence/2026-09-21T14-34-57-052Z-bot-latency-analysis-3ca537c9/analysis.json
 create mode 100644 trading/evidence/2026-09-21T14-34-57-154Z-supplementary-resource-analysis-450dc7fa/analysis.json
 create mode 100644 trading/evidence/2026-09-21T14-34-57-154Z-supplementary-resource-analysis-450dc7fa/capture.json
 create mode 100644 trading/evidence/2026-09-21T14-34-57-154Z-supplementary-resource-analysis-450dc7fa/samples-prefix.jsonl
 create mode 100644 trading/evidence/2026-09-21T14-34-57-154Z-supplementary-resource-analysis-450dc7fa/source-run-after.json
 create mode 100644 trading/evidence/2026-09-21T14-34-57-154Z-supplementary-resource-analysis-450dc7fa/source-run.json
 create mode 100644 trading/evidence/2026-09-21T14-34-57-154Z-supplementary-resource-analysis-450dc7fa/source/summarize-supplementary-resources.mjs
 create mode 100644 trading/evidence/2026-09-21T14-34-57-154Z-supplementary-resource-analysis-450dc7fa/source/supplementary-resource-analysis.mjs
 create mode 100644 trading/evidence/2026-09-21T14-36-35-918Z-quiet-keeper-design-review-f57dcd91/metadata.json
 create mode 100644 trading/evidence/2026-09-21T14-36-35-918Z-quiet-keeper-design-review-f57dcd91/review.md
 create mode 100644 trading/evidence/2026-09-21T14-37-05-534Z-browser-five-minute/00.json
 create mode 100644 trading/evidence/2026-09-21T14-37-05-534Z-browser-five-minute/00.png
 create mode 100644 trading/evidence/2026-09-21T14-37-05-534Z-browser-five-minute/01.json
 create mode 100644 trading/evidence/2026-09-21T14-37-05-534Z-browser-five-minute/01.png
 create mode 100644 trading/evidence/2026-09-21T14-37-05-534Z-browser-five-minute/02.json
 create mode 100644 trading/evidence/2026-09-21T14-37-05-534Z-browser-five-minute/02.png
 create mode 100644 trading/evidence/2026-09-21T14-37-05-534Z-browser-five-minute/03.json
 create mode 100644 trading/evidence/2026-09-21T14-37-05-534Z-browser-five-minute/03.png
 create mode 100644 trading/evidence/2026-09-21T14-37-05-534Z-browser-five-minute/04.json
 create mode 100644 trading/evidence/2026-09-21T14-37-05-534Z-browser-five-minute/04.png
 create mode 100644 trading/evidence/2026-09-21T14-37-05-534Z-browser-five-minute/05.json
 create mode 100644 trading/evidence/2026-09-21T14-37-05-534Z-browser-five-minute/05.png
 create mode 100644 trading/evidence/2026-09-21T14-37-05-534Z-browser-five-minute/06.json
 create mode 100644 trading/evidence/2026-09-21T14-37-05-534Z-browser-five-minute/06.png
 create mode 100644 trading/evidence/2026-09-21T14-37-05-534Z-browser-five-minute/capture-function.txt
 create mode 100644 trading/evidence/2026-09-21T14-37-05-534Z-browser-five-minute/capture-metadata.json
 create mode 100644 trading/evidence/2026-09-21T14-37-05-534Z-browser-five-minute/console.json
 create mode 100644 trading/evidence/2026-09-21T14-37-53-616Z-five-minute-ui-evidence-review-fe530744/README.md
 create mode 100644 trading/evidence/2026-09-21T14-37-53-616Z-five-minute-ui-evidence-review-fe530744/overlapping-server-samples.jsonl
 create mode 100644 trading/evidence/2026-09-21T14-37-53-616Z-five-minute-ui-evidence-review-fe530744/review.json
 create mode 100644 trading/evidence/2026-09-21T14-40-46-650Z-quiet-keeper-tests-4c60e3be/1/evidence/2026-09-21T16-07-00-000Z-quiet-window-5d18c350/diagnostics-completed.json
 create mode 100644 trading/evidence/2026-09-21T14-40-46-650Z-quiet-keeper-tests-4c60e3be/1/evidence/2026-09-21T16-07-00-000Z-quiet-window-5d18c350/manifest-copy.json
 create mode 100644 trading/evidence/2026-09-21T14-40-46-650Z-quiet-keeper-tests-4c60e3be/1/evidence/2026-09-21T16-07-00-000Z-quiet-window-5d18c350/preparation.json
 create mode 100644 trading/evidence/2026-09-21T14-40-46-650Z-quiet-keeper-tests-4c60e3be/1/evidence/2026-09-21T16-07-00-000Z-quiet-window-5d18c350/ready.json
 create mode 100644 trading/evidence/2026-09-21T14-40-46-650Z-quiet-keeper-tests-4c60e3be/1/evidence/2026-09-21T16-07-00-000Z-quiet-window-5d18c350/release.request
 create mode 100644 trading/evidence/2026-09-21T14-40-46-650Z-quiet-keeper-tests-4c60e3be/1/evidence/2026-09-21T16-07-00-000Z-quiet-window-5d18c350/released.json
 create mode 100644 trading/evidence/2026-09-21T14-40-46-650Z-quiet-keeper-tests-4c60e3be/13/evidence/2026-09-21T16-07-00-000Z-quiet-window-2d7f4f12/preparation-failed.json
 create mode 100644 trading/evidence/2026-09-21T14-40-46-650Z-quiet-keeper-tests-4c60e3be/13/evidence/2026-09-21T16-07-00-000Z-quiet-window-2d7f4f12/preparation.json
 create mode 100644 trading/evidence/2026-09-21T14-40-46-650Z-quiet-keeper-tests-4c60e3be/14/evidence/2026-09-21T16-07-00-000Z-quiet-window-c83f42e1/aborted.json
 create mode 100644 trading/evidence/2026-09-21T14-40-46-650Z-quiet-keeper-tests-4c60e3be/14/evidence/2026-09-21T16-07-00-000Z-quiet-window-c83f42e1/diagnostics-completed.json
 create mode 100644 trading/evidence/2026-09-21T14-40-46-650Z-quiet-keeper-tests-4c60e3be/14/evidence/2026-09-21T16-07-00-000Z-quiet-window-c83f42e1/manifest-copy.json
 create mode 100644 trading/evidence/2026-09-21T14-40-46-650Z-quiet-keeper-tests-4c60e3be/14/evidence/2026-09-21T16-07-00-000Z-quiet-window-c83f42e1/preparation.json
 create mode 100644 trading/evidence/2026-09-21T14-40-46-650Z-quiet-keeper-tests-4c60e3be/14/evidence/2026-09-21T16-07-00-000Z-quiet-window-c83f42e1/ready.json
 create mode 100644 trading/evidence/2026-09-21T14-40-46-650Z-quiet-keeper-tests-4c60e3be/14/evidence/2026-09-21T16-07-00-000Z-quiet-window-c83f42e1/release.request
 create mode 100644 trading/evidence/2026-09-21T14-40-46-650Z-quiet-keeper-tests-4c60e3be/15/evidence/2026-09-21T16-07-00-000Z-quiet-window-6b56af0e/aborted.json
 create mode 100644 trading/evidence/2026-09-21T14-40-46-650Z-quiet-keeper-tests-4c60e3be/15/evidence/2026-09-21T16-07-00-000Z-quiet-window-6b56af0e/diagnostics-completed.json
 create mode 100644 trading/evidence/2026-09-21T14-40-46-650Z-quiet-keeper-tests-4c60e3be/15/evidence/2026-09-21T16-07-00-000Z-quiet-window-6b56af0e/manifest-copy.json
 create mode 100644 trading/evidence/2026-09-21T14-40-46-650Z-quiet-keeper-tests-4c60e3be/15/evidence/2026-09-21T16-07-00-000Z-quiet-window-6b56af0e/preparation.json
 create mode 100644 trading/evidence/2026-09-21T14-40-46-650Z-quiet-keeper-tests-4c60e3be/15/evidence/2026-09-21T16-07-00-000Z-quiet-window-6b56af0e/ready.json
 create mode 100644 trading/evidence/2026-09-21T14-40-46-650Z-quiet-keeper-tests-4c60e3be/15/evidence/2026-09-21T16-07-00-000Z-quiet-window-6b56af0e/release.request
 create mode 100644 trading/evidence/2026-09-21T14-40-46-650Z-quiet-keeper-tests-4c60e3be/16/evidence/2026-09-21T16-07-00-000Z-quiet-window-8c9b3f01/aborted.json
 create mode 100644 trading/evidence/2026-09-21T14-40-46-650Z-quiet-keeper-tests-4c60e3be/16/evidence/2026-09-21T16-07-00-000Z-quiet-window-8c9b3f01/diagnostics-completed.json
 create mode 100644 trading/evidence/2026-09-21T14-40-46-650Z-quiet-keeper-tests-4c60e3be/16/evidence/2026-09-21T16-07-00-000Z-quiet-window-8c9b3f01/manifest-copy.json
 create mode 100644 trading/evidence/2026-09-21T14-40-46-650Z-quiet-keeper-tests-4c60e3be/16/evidence/2026-09-21T16-07-00-000Z-quiet-window-8c9b3f01/preparation.json
 create mode 100644 trading/evidence/2026-09-21T14-40-46-650Z-quiet-keeper-tests-4c60e3be/16/evidence/2026-09-21T16-07-00-000Z-quiet-window-8c9b3f01/ready.json
 create mode 100644 trading/evidence/2026-09-21T14-40-46-650Z-quiet-keeper-tests-4c60e3be/16/evidence/2026-09-21T16-07-00-000Z-quiet-window-8c9b3f01/release.request
 create mode 100644 trading/evidence/2026-09-21T14-40-46-650Z-quiet-keeper-tests-4c60e3be/17/evidence/2026-09-21T16-07-00-000Z-quiet-window-606b310d/aborted.json
 create mode 100644 trading/evidence/2026-09-21T14-40-46-650Z-quiet-keeper-tests-4c60e3be/17/evidence/2026-09-21T16-07-00-000Z-quiet-window-606b310d/diagnostics-completed.json
 create mode 100644 trading/evidence/2026-09-21T14-40-46-650Z-quiet-keeper-tests-4c60e3be/17/evidence/2026-09-21T16-07-00-000Z-quiet-window-606b310d/manifest-copy.json
 create mode 100644 trading/evidence/2026-09-21T14-40-46-650Z-quiet-keeper-tests-4c60e3be/17/evidence/2026-09-21T16-07-00-000Z-quiet-window-606b310d/preparation.json
 create mode 100644 trading/evidence/2026-09-21T14-40-46-650Z-quiet-keeper-tests-4c60e3be/17/evidence/2026-09-21T16-07-00-000Z-quiet-window-606b310d/ready.json
 create mode 100644 trading/evidence/2026-09-21T14-40-46-650Z-quiet-keeper-tests-4c60e3be/17/evidence/2026-09-21T16-07-00-000Z-quiet-window-606b310d/release.request
 create mode 100644 trading/evidence/2026-09-21T14-40-46-650Z-quiet-keeper-tests-4c60e3be/18/evidence/2026-09-21T16-07-00-000Z-quiet-window-0c3c9165/aborted.json
 create mode 100644 trading/evidence/2026-09-21T14-40-46-650Z-quiet-keeper-tests-4c60e3be/18/evidence/2026-09-21T16-07-00-000Z-quiet-window-0c3c9165/diagnostics-completed.json
 create mode 100644 trading/evidence/2026-09-21T14-40-46-650Z-quiet-keeper-tests-4c60e3be/18/evidence/2026-09-21T16-07-00-000Z-quiet-window-0c3c9165/manifest-copy.json
 create mode 100644 trading/evidence/2026-09-21T14-40-46-650Z-quiet-keeper-tests-4c60e3be/18/evidence/2026-09-21T16-07-00-000Z-quiet-window-0c3c9165/preparation.json
 create mode 100644 trading/evidence/2026-09-21T14-40-46-650Z-quiet-keeper-tests-4c60e3be/18/evidence/2026-09-21T16-07-00-000Z-quiet-window-0c3c9165/ready.json
 create mode 100644 trading/evidence/2026-09-21T14-40-46-650Z-quiet-keeper-tests-4c60e3be/18/evidence/2026-09-21T16-07-00-000Z-quiet-window-0c3c9165/release.request
 create mode 100644 trading/evidence/2026-09-21T14-40-46-650Z-quiet-keeper-tests-4c60e3be/19/evidence/2026-09-21T16-07-00-000Z-quiet-window-2ed373bc/aborted.json
 create mode 100644 trading/evidence/2026-09-21T14-40-46-650Z-quiet-keeper-tests-4c60e3be/19/evidence/2026-09-21T16-07-00-000Z-quiet-window-2ed373bc/manifest-copy.json
 create mode 100644 trading/evidence/2026-09-21T14-40-46-650Z-quiet-keeper-tests-4c60e3be/19/evidence/2026-09-21T16-07-00-000Z-quiet-window-2ed373bc/preparation.json
 create mode 100644 trading/evidence/2026-09-21T14-40-46-650Z-quiet-keeper-tests-4c60e3be/19/evidence/2026-09-21T16-07-00-000Z-quiet-window-2ed373bc/ready.json
 create mode 100644 trading/evidence/2026-09-21T14-40-46-650Z-quiet-keeper-tests-4c60e3be/20/evidence/2026-09-21T16-07-00-000Z-quiet-window-da4ac782/aborted.json
 create mode 100644 trading/evidence/2026-09-21T14-40-46-650Z-quiet-keeper-tests-4c60e3be/20/evidence/2026-09-21T16-07-00-000Z-quiet-window-da4ac782/manifest-copy.json
 create mode 100644 trading/evidence/2026-09-21T14-40-46-650Z-quiet-keeper-tests-4c60e3be/20/evidence/2026-09-21T16-07-00-000Z-quiet-window-da4ac782/preparation.json
 create mode 100644 trading/evidence/2026-09-21T14-40-46-650Z-quiet-keeper-tests-4c60e3be/20/evidence/2026-09-21T16-07-00-000Z-quiet-window-da4ac782/ready.json
 create mode 100644 trading/evidence/2026-09-21T14-41-08-402Z-quiet-keeper-source-review-48787a89/metadata.json
 create mode 100644 trading/evidence/2026-09-21T14-41-08-402Z-quiet-keeper-source-review-48787a89/quiet-window.mjs.reviewed
 create mode 100644 trading/evidence/2026-09-21T14-41-08-402Z-quiet-keeper-source-review-48787a89/review.md
 create mode 100644 trading/evidence/2026-09-21T14-41-36-399Z-quiet-keeper-tests-3beb78a6/1/evidence/2026-09-21T16-07-00-000Z-quiet-window-a2260af6/diagnostics-completed.json
 create mode 100644 trading/evidence/2026-09-21T14-41-36-399Z-quiet-keeper-tests-3beb78a6/1/evidence/2026-09-21T16-07-00-000Z-quiet-window-a2260af6/manifest-copy.json
 create mode 100644 trading/evidence/2026-09-21T14-41-36-399Z-quiet-keeper-tests-3beb78a6/1/evidence/2026-09-21T16-07-00-000Z-quiet-window-a2260af6/preparation.json
 create mode 100644 trading/evidence/2026-09-21T14-41-36-399Z-quiet-keeper-tests-3beb78a6/1/evidence/2026-09-21T16-07-00-000Z-quiet-window-a2260af6/ready.json
 create mode 100644 trading/evidence/2026-09-21T14-41-36-399Z-quiet-keeper-tests-3beb78a6/1/evidence/2026-09-21T16-07-00-000Z-quiet-window-a2260af6/release-intent.json
 create mode 100644 trading/evidence/2026-09-21T14-41-36-399Z-quiet-keeper-tests-3beb78a6/1/evidence/2026-09-21T16-07-00-000Z-quiet-window-a2260af6/release.request
 create mode 100644 trading/evidence/2026-09-21T14-41-36-399Z-quiet-keeper-tests-3beb78a6/1/evidence/2026-09-21T16-07-00-000Z-quiet-window-a2260af6/released.json
 create mode 100644 trading/evidence/2026-09-21T14-41-36-399Z-quiet-keeper-tests-3beb78a6/13/evidence/2026-09-21T16-07-00-000Z-quiet-window-d7a34fd5/preparation-failed.json
 create mode 100644 trading/evidence/2026-09-21T14-41-36-399Z-quiet-keeper-tests-3beb78a6/13/evidence/2026-09-21T16-07-00-000Z-quiet-window-d7a34fd5/preparation.json
 create mode 100644 trading/evidence/2026-09-21T14-41-36-399Z-quiet-keeper-tests-3beb78a6/14/evidence/2026-09-21T16-07-00-000Z-quiet-window-b483b0d0/aborted.json
 create mode 100644 trading/evidence/2026-09-21T14-41-36-399Z-quiet-keeper-tests-3beb78a6/14/evidence/2026-09-21T16-07-00-000Z-quiet-window-b483b0d0/diagnostics-completed.json
 create mode 100644 trading/evidence/2026-09-21T14-41-36-399Z-quiet-keeper-tests-3beb78a6/14/evidence/2026-09-21T16-07-00-000Z-quiet-window-b483b0d0/manifest-copy.json
 create mode 100644 trading/evidence/2026-09-21T14-41-36-399Z-quiet-keeper-tests-3beb78a6/14/evidence/2026-09-21T16-07-00-000Z-quiet-window-b483b0d0/preparation.json
 create mode 100644 trading/evidence/2026-09-21T14-41-36-399Z-quiet-keeper-tests-3beb78a6/14/evidence/2026-09-21T16-07-00-000Z-quiet-window-b483b0d0/ready.json
 create mode 100644 trading/evidence/2026-09-21T14-41-36-399Z-quiet-keeper-tests-3beb78a6/14/evidence/2026-09-21T16-07-00-000Z-quiet-window-b483b0d0/release.request
 create mode 100644 trading/evidence/2026-09-21T14-41-36-399Z-quiet-keeper-tests-3beb78a6/15/evidence/2026-09-21T16-07-00-000Z-quiet-window-21f0fd1d/aborted.json
 create mode 100644 trading/evidence/2026-09-21T14-41-36-399Z-quiet-keeper-tests-3beb78a6/15/evidence/2026-09-21T16-07-00-000Z-quiet-window-21f0fd1d/diagnostics-completed.json
 create mode 100644 trading/evidence/2026-09-21T14-41-36-399Z-quiet-keeper-tests-3beb78a6/15/evidence/2026-09-21T16-07-00-000Z-quiet-window-21f0fd1d/manifest-copy.json
 create mode 100644 trading/evidence/2026-09-21T14-41-36-399Z-quiet-keeper-tests-3beb78a6/15/evidence/2026-09-21T16-07-00-000Z-quiet-window-21f0fd1d/preparation.json
 create mode 100644 trading/evidence/2026-09-21T14-41-36-399Z-quiet-keeper-tests-3beb78a6/15/evidence/2026-09-21T16-07-00-000Z-quiet-window-21f0fd1d/ready.json
 create mode 100644 trading/evidence/2026-09-21T14-41-36-399Z-quiet-keeper-tests-3beb78a6/15/evidence/2026-09-21T16-07-00-000Z-quiet-window-21f0fd1d/release.request
 create mode 100644 trading/evidence/2026-09-21T14-41-36-399Z-quiet-keeper-tests-3beb78a6/16/evidence/2026-09-21T16-07-00-000Z-quiet-window-46cc5dc5/aborted.json
 create mode 100644 trading/evidence/2026-09-21T14-41-36-399Z-quiet-keeper-tests-3beb78a6/16/evidence/2026-09-21T16-07-00-000Z-quiet-window-46cc5dc5/diagnostics-completed.json
 create mode 100644 trading/evidence/2026-09-21T14-41-36-399Z-quiet-keeper-tests-3beb78a6/16/evidence/2026-09-21T16-07-00-000Z-quiet-window-46cc5dc5/manifest-copy.json
 create mode 100644 trading/evidence/2026-09-21T14-41-36-399Z-quiet-keeper-tests-3beb78a6/16/evidence/2026-09-21T16-07-00-000Z-quiet-window-46cc5dc5/preparation.json
 create mode 100644 trading/evidence/2026-09-21T14-41-36-399Z-quiet-keeper-tests-3beb78a6/16/evidence/2026-09-21T16-07-00-000Z-quiet-window-46cc5dc5/ready.json
 create mode 100644 trading/evidence/2026-09-21T14-41-36-399Z-quiet-keeper-tests-3beb78a6/16/evidence/2026-09-21T16-07-00-000Z-quiet-window-46cc5dc5/release.request
 create mode 100644 trading/evidence/2026-09-21T14-41-36-399Z-quiet-keeper-tests-3beb78a6/17/evidence/2026-09-21T16-07-00-000Z-quiet-window-147fefa4/aborted.json
 create mode 100644 trading/evidence/2026-09-21T14-41-36-399Z-quiet-keeper-tests-3beb78a6/17/evidence/2026-09-21T16-07-00-000Z-quiet-window-147fefa4/diagnostics-completed.json
 create mode 100644 trading/evidence/2026-09-21T14-41-36-399Z-quiet-keeper-tests-3beb78a6/17/evidence/2026-09-21T16-07-00-000Z-quiet-window-147fefa4/manifest-copy.json
 create mode 100644 trading/evidence/2026-09-21T14-41-36-399Z-quiet-keeper-tests-3beb78a6/17/evidence/2026-09-21T16-07-00-000Z-quiet-window-147fefa4/preparation.json
 create mode 100644 trading/evidence/2026-09-21T14-41-36-399Z-quiet-keeper-tests-3beb78a6/17/evidence/2026-09-21T16-07-00-000Z-quiet-window-147fefa4/ready.json
 create mode 100644 trading/evidence/2026-09-21T14-41-36-399Z-quiet-keeper-tests-3beb78a6/17/evidence/2026-09-21T16-07-00-000Z-quiet-window-147fefa4/release.request
 create mode 100644 trading/evidence/2026-09-21T14-41-36-399Z-quiet-keeper-tests-3beb78a6/18/evidence/2026-09-21T16-07-00-000Z-quiet-window-df7ac4de/aborted.json
 create mode 100644 trading/evidence/2026-09-21T14-41-36-399Z-quiet-keeper-tests-3beb78a6/18/evidence/2026-09-21T16-07-00-000Z-quiet-window-df7ac4de/diagnostics-completed.json
 create mode 100644 trading/evidence/2026-09-21T14-41-36-399Z-quiet-keeper-tests-3beb78a6/18/evidence/2026-09-21T16-07-00-000Z-quiet-window-df7ac4de/manifest-copy.json
 create mode 100644 trading/evidence/2026-09-21T14-41-36-399Z-quiet-keeper-tests-3beb78a6/18/evidence/2026-09-21T16-07-00-000Z-quiet-window-df7ac4de/preparation.json
 create mode 100644 trading/evidence/2026-09-21T14-41-36-399Z-quiet-keeper-tests-3beb78a6/18/evidence/2026-09-21T16-07-00-000Z-quiet-window-df7ac4de/ready.json
 create mode 100644 trading/evidence/2026-09-21T14-41-36-399Z-quiet-keeper-tests-3beb78a6/18/evidence/2026-09-21T16-07-00-000Z-quiet-window-df7ac4de/release.request
 create mode 100644 trading/evidence/2026-09-21T14-41-36-399Z-quiet-keeper-tests-3beb78a6/19/evidence/2026-09-21T16-07-00-000Z-quiet-window-1258c032/aborted.json
 create mode 100644 trading/evidence/2026-09-21T14-41-36-399Z-quiet-keeper-tests-3beb78a6/19/evidence/2026-09-21T16-07-00-000Z-quiet-window-1258c032/manifest-copy.json
 create mode 100644 trading/evidence/2026-09-21T14-41-36-399Z-quiet-keeper-tests-3beb78a6/19/evidence/2026-09-21T16-07-00-000Z-quiet-window-1258c032/preparation.json
 create mode 100644 trading/evidence/2026-09-21T14-41-36-399Z-quiet-keeper-tests-3beb78a6/19/evidence/2026-09-21T16-07-00-000Z-quiet-window-1258c032/ready.json
 create mode 100644 trading/evidence/2026-09-21T14-41-36-399Z-quiet-keeper-tests-3beb78a6/20/evidence/2026-09-21T16-07-00-000Z-quiet-window-937327f8/aborted.json
 create mode 100644 trading/evidence/2026-09-21T14-41-36-399Z-quiet-keeper-tests-3beb78a6/20/evidence/2026-09-21T16-07-00-000Z-quiet-window-937327f8/manifest-copy.json
 create mode 100644 trading/evidence/2026-09-21T14-41-36-399Z-quiet-keeper-tests-3beb78a6/20/evidence/2026-09-21T16-07-00-000Z-quiet-window-937327f8/preparation.json
 create mode 100644 trading/evidence/2026-09-21T14-41-36-399Z-quiet-keeper-tests-3beb78a6/20/evidence/2026-09-21T16-07-00-000Z-quiet-window-937327f8/ready.json
 create mode 100644 trading/evidence/2026-09-21T14-41-36-399Z-quiet-keeper-tests-3beb78a6/21/evidence/2026-09-21T16-07-00-000Z-quiet-window-c0e7d523/aborted.json
 create mode 100644 trading/evidence/2026-09-21T14-41-36-399Z-quiet-keeper-tests-3beb78a6/21/evidence/2026-09-21T16-07-00-000Z-quiet-window-c0e7d523/diagnostics-completed.json
 create mode 100644 trading/evidence/2026-09-21T14-41-36-399Z-quiet-keeper-tests-3beb78a6/21/evidence/2026-09-21T16-07-00-000Z-quiet-window-c0e7d523/manifest-copy.json
 create mode 100644 trading/evidence/2026-09-21T14-41-36-399Z-quiet-keeper-tests-3beb78a6/21/evidence/2026-09-21T16-07-00-000Z-quiet-window-c0e7d523/preparation.json
 create mode 100644 trading/evidence/2026-09-21T14-41-36-399Z-quiet-keeper-tests-3beb78a6/21/evidence/2026-09-21T16-07-00-000Z-quiet-window-c0e7d523/ready.json
 create mode 100644 trading/evidence/2026-09-21T14-41-36-399Z-quiet-keeper-tests-3beb78a6/21/evidence/2026-09-21T16-07-00-000Z-quiet-window-c0e7d523/release.request
 create mode 100644 trading/evidence/2026-09-21T14-41-36-399Z-quiet-keeper-tests-3beb78a6/22/evidence/2026-09-21T16-07-00-000Z-quiet-window-0bab912c/diagnostics-completed.json
 create mode 100644 trading/evidence/2026-09-21T14-41-36-399Z-quiet-keeper-tests-3beb78a6/22/evidence/2026-09-21T16-07-00-000Z-quiet-window-0bab912c/manifest-copy.json
 create mode 100644 trading/evidence/2026-09-21T14-41-36-399Z-quiet-keeper-tests-3beb78a6/22/evidence/2026-09-21T16-07-00-000Z-quiet-window-0bab912c/preparation.json
 create mode 100644 trading/evidence/2026-09-21T14-41-36-399Z-quiet-keeper-tests-3beb78a6/22/evidence/2026-09-21T16-07-00-000Z-quiet-window-0bab912c/ready.json
 create mode 100644 trading/evidence/2026-09-21T14-41-36-399Z-quiet-keeper-tests-3beb78a6/22/evidence/2026-09-21T16-07-00-000Z-quiet-window-0bab912c/release-intent.json
 create mode 100644 trading/evidence/2026-09-21T14-41-36-399Z-quiet-keeper-tests-3beb78a6/22/evidence/2026-09-21T16-07-00-000Z-quiet-window-0bab912c/release.request
 create mode 100644 trading/evidence/2026-09-21T14-41-36-399Z-quiet-keeper-tests-3beb78a6/22/evidence/2026-09-21T16-07-00-000Z-quiet-window-0bab912c/released.json
 create mode 100644 trading/evidence/2026-09-21T14-41-59-643Z-quiet-keeper-tests-7436b477/1/evidence/2026-09-21T16-07-00-000Z-quiet-window-f6a5ab9a/diagnostics-completed.json
 create mode 100644 trading/evidence/2026-09-21T14-41-59-643Z-quiet-keeper-tests-7436b477/1/evidence/2026-09-21T16-07-00-000Z-quiet-window-f6a5ab9a/manifest-copy.json
 create mode 100644 trading/evidence/2026-09-21T14-41-59-643Z-quiet-keeper-tests-7436b477/1/evidence/2026-09-21T16-07-00-000Z-quiet-window-f6a5ab9a/preparation.json
 create mode 100644 trading/evidence/2026-09-21T14-41-59-643Z-quiet-keeper-tests-7436b477/1/evidence/2026-09-21T16-07-00-000Z-quiet-window-f6a5ab9a/ready.json
 create mode 100644 trading/evidence/2026-09-21T14-41-59-643Z-quiet-keeper-tests-7436b477/1/evidence/2026-09-21T16-07-00-000Z-quiet-window-f6a5ab9a/release-intent.json
 create mode 100644 trading/evidence/2026-09-21T14-41-59-643Z-quiet-keeper-tests-7436b477/1/evidence/2026-09-21T16-07-00-000Z-quiet-window-f6a5ab9a/release.request
 create mode 100644 trading/evidence/2026-09-21T14-41-59-643Z-quiet-keeper-tests-7436b477/1/evidence/2026-09-21T16-07-00-000Z-quiet-window-f6a5ab9a/released.json
 create mode 100644 trading/evidence/2026-09-21T14-41-59-643Z-quiet-keeper-tests-7436b477/13/evidence/2026-09-21T16-07-00-000Z-quiet-window-4d04c343/preparation-failed.json
 create mode 100644 trading/evidence/2026-09-21T14-41-59-643Z-quiet-keeper-tests-7436b477/13/evidence/2026-09-21T16-07-00-000Z-quiet-window-4d04c343/preparation.json
 create mode 100644 trading/evidence/2026-09-21T14-41-59-643Z-quiet-keeper-tests-7436b477/14/evidence/2026-09-21T16-07-00-000Z-quiet-window-86db7d25/aborted.json
 create mode 100644 trading/evidence/2026-09-21T14-41-59-643Z-quiet-keeper-tests-7436b477/14/evidence/2026-09-21T16-07-00-000Z-quiet-window-86db7d25/diagnostics-completed.json
 create mode 100644 trading/evidence/2026-09-21T14-41-59-643Z-quiet-keeper-tests-7436b477/14/evidence/2026-09-21T16-07-00-000Z-quiet-window-86db7d25/manifest-copy.json
 create mode 100644 trading/evidence/2026-09-21T14-41-59-643Z-quiet-keeper-tests-7436b477/14/evidence/2026-09-21T16-07-00-000Z-quiet-window-86db7d25/preparation.json
 create mode 100644 trading/evidence/2026-09-21T14-41-59-643Z-quiet-keeper-tests-7436b477/14/evidence/2026-09-21T16-07-00-000Z-quiet-window-86db7d25/ready.json
 create mode 100644 trading/evidence/2026-09-21T14-41-59-643Z-quiet-keeper-tests-7436b477/14/evidence/2026-09-21T16-07-00-000Z-quiet-window-86db7d25/release.request
 create mode 100644 trading/evidence/2026-09-21T14-41-59-643Z-quiet-keeper-tests-7436b477/15/evidence/2026-09-21T16-07-00-000Z-quiet-window-79d1303d/aborted.json
 create mode 100644 trading/evidence/2026-09-21T14-41-59-643Z-quiet-keeper-tests-7436b477/15/evidence/2026-09-21T16-07-00-000Z-quiet-window-79d1303d/diagnostics-completed.json
 create mode 100644 trading/evidence/2026-09-21T14-41-59-643Z-quiet-keeper-tests-7436b477/15/evidence/2026-09-21T16-07-00-000Z-quiet-window-79d1303d/manifest-copy.json
 create mode 100644 trading/evidence/2026-09-21T14-41-59-643Z-quiet-keeper-tests-7436b477/15/evidence/2026-09-21T16-07-00-000Z-quiet-window-79d1303d/preparation.json
 create mode 100644 trading/evidence/2026-09-21T14-41-59-643Z-quiet-keeper-tests-7436b477/15/evidence/2026-09-21T16-07-00-000Z-quiet-window-79d1303d/ready.json
 create mode 100644 trading/evidence/2026-09-21T14-41-59-643Z-quiet-keeper-tests-7436b477/15/evidence/2026-09-21T16-07-00-000Z-quiet-window-79d1303d/release.request
 create mode 100644 trading/evidence/2026-09-21T14-41-59-643Z-quiet-keeper-tests-7436b477/16/evidence/2026-09-21T16-07-00-000Z-quiet-window-b78d1688/aborted.json
 create mode 100644 trading/evidence/2026-09-21T14-41-59-643Z-quiet-keeper-tests-7436b477/16/evidence/2026-09-21T16-07-00-000Z-quiet-window-b78d1688/diagnostics-completed.json
 create mode 100644 trading/evidence/2026-09-21T14-41-59-643Z-quiet-keeper-tests-7436b477/16/evidence/2026-09-21T16-07-00-000Z-quiet-window-b78d1688/manifest-copy.json
 create mode 100644 trading/evidence/2026-09-21T14-41-59-643Z-quiet-keeper-tests-7436b477/16/evidence/2026-09-21T16-07-00-000Z-quiet-window-b78d1688/preparation.json
 create mode 100644 trading/evidence/2026-09-21T14-41-59-643Z-quiet-keeper-tests-7436b477/16/evidence/2026-09-21T16-07-00-000Z-quiet-window-b78d1688/ready.json
 create mode 100644 trading/evidence/2026-09-21T14-41-59-643Z-quiet-keeper-tests-7436b477/16/evidence/2026-09-21T16-07-00-000Z-quiet-window-b78d1688/release.request
 create mode 100644 trading/evidence/2026-09-21T14-41-59-643Z-quiet-keeper-tests-7436b477/17/evidence/2026-09-21T16-07-00-000Z-quiet-window-1d7de72b/aborted.json
 create mode 100644 trading/evidence/2026-09-21T14-41-59-643Z-quiet-keeper-tests-7436b477/17/evidence/2026-09-21T16-07-00-000Z-quiet-window-1d7de72b/diagnostics-completed.json
 create mode 100644 trading/evidence/2026-09-21T14-41-59-643Z-quiet-keeper-tests-7436b477/17/evidence/2026-09-21T16-07-00-000Z-quiet-window-1d7de72b/manifest-copy.json
 create mode 100644 trading/evidence/2026-09-21T14-41-59-643Z-quiet-keeper-tests-7436b477/17/evidence/2026-09-21T16-07-00-000Z-quiet-window-1d7de72b/preparation.json
 create mode 100644 trading/evidence/2026-09-21T14-41-59-643Z-quiet-keeper-tests-7436b477/17/evidence/2026-09-21T16-07-00-000Z-quiet-window-1d7de72b/ready.json
 create mode 100644 trading/evidence/2026-09-21T14-41-59-643Z-quiet-keeper-tests-7436b477/17/evidence/2026-09-21T16-07-00-000Z-quiet-window-1d7de72b/release.request
 create mode 100644 trading/evidence/2026-09-21T14-41-59-643Z-quiet-keeper-tests-7436b477/18/evidence/2026-09-21T16-07-00-000Z-quiet-window-e9a5a110/aborted.json
 create mode 100644 trading/evidence/2026-09-21T14-41-59-643Z-quiet-keeper-tests-7436b477/18/evidence/2026-09-21T16-07-00-000Z-quiet-window-e9a5a110/diagnostics-completed.json
 create mode 100644 trading/evidence/2026-09-21T14-41-59-643Z-quiet-keeper-tests-7436b477/18/evidence/2026-09-21T16-07-00-000Z-quiet-window-e9a5a110/manifest-copy.json
 create mode 100644 trading/evidence/2026-09-21T14-41-59-643Z-quiet-keeper-tests-7436b477/18/evidence/2026-09-21T16-07-00-000Z-quiet-window-e9a5a110/preparation.json
 create mode 100644 trading/evidence/2026-09-21T14-41-59-643Z-quiet-keeper-tests-7436b477/18/evidence/2026-09-21T16-07-00-000Z-quiet-window-e9a5a110/ready.json
 create mode 100644 trading/evidence/2026-09-21T14-41-59-643Z-quiet-keeper-tests-7436b477/18/evidence/2026-09-21T16-07-00-000Z-quiet-window-e9a5a110/release.request
 create mode 100644 trading/evidence/2026-09-21T14-41-59-643Z-quiet-keeper-tests-7436b477/19/evidence/2026-09-21T16-07-00-000Z-quiet-window-c8f2f50f/aborted.json
 create mode 100644 trading/evidence/2026-09-21T14-41-59-643Z-quiet-keeper-tests-7436b477/19/evidence/2026-09-21T16-07-00-000Z-quiet-window-c8f2f50f/manifest-copy.json
 create mode 100644 trading/evidence/2026-09-21T14-41-59-643Z-quiet-keeper-tests-7436b477/19/evidence/2026-09-21T16-07-00-000Z-quiet-window-c8f2f50f/preparation.json
 create mode 100644 trading/evidence/2026-09-21T14-41-59-643Z-quiet-keeper-tests-7436b477/19/evidence/2026-09-21T16-07-00-000Z-quiet-window-c8f2f50f/ready.json
 create mode 100644 trading/evidence/2026-09-21T14-41-59-643Z-quiet-keeper-tests-7436b477/20/evidence/2026-09-21T16-07-00-000Z-quiet-window-96103c7a/aborted.json
 create mode 100644 trading/evidence/2026-09-21T14-41-59-643Z-quiet-keeper-tests-7436b477/20/evidence/2026-09-21T16-07-00-000Z-quiet-window-96103c7a/manifest-copy.json
 create mode 100644 trading/evidence/2026-09-21T14-41-59-643Z-quiet-keeper-tests-7436b477/20/evidence/2026-09-21T16-07-00-000Z-quiet-window-96103c7a/preparation.json
 create mode 100644 trading/evidence/2026-09-21T14-41-59-643Z-quiet-keeper-tests-7436b477/20/evidence/2026-09-21T16-07-00-000Z-quiet-window-96103c7a/ready.json
 create mode 100644 trading/evidence/2026-09-21T14-41-59-643Z-quiet-keeper-tests-7436b477/21/evidence/2026-09-21T16-07-00-000Z-quiet-window-95a3712b/aborted.json
 create mode 100644 trading/evidence/2026-09-21T14-41-59-643Z-quiet-keeper-tests-7436b477/21/evidence/2026-09-21T16-07-00-000Z-quiet-window-95a3712b/diagnostics-completed.json
 create mode 100644 trading/evidence/2026-09-21T14-41-59-643Z-quiet-keeper-tests-7436b477/21/evidence/2026-09-21T16-07-00-000Z-quiet-window-95a3712b/manifest-copy.json
 create mode 100644 trading/evidence/2026-09-21T14-41-59-643Z-quiet-keeper-tests-7436b477/21/evidence/2026-09-21T16-07-00-000Z-quiet-window-95a3712b/preparation.json
 create mode 100644 trading/evidence/2026-09-21T14-41-59-643Z-quiet-keeper-tests-7436b477/21/evidence/2026-09-21T16-07-00-000Z-quiet-window-95a3712b/ready.json
 create mode 100644 trading/evidence/2026-09-21T14-41-59-643Z-quiet-keeper-tests-7436b477/21/evidence/2026-09-21T16-07-00-000Z-quiet-window-95a3712b/release.request
 create mode 100644 trading/evidence/2026-09-21T14-41-59-643Z-quiet-keeper-tests-7436b477/22/evidence/2026-09-21T16-07-00-000Z-quiet-window-a2ebf48b/diagnostics-completed.json
 create mode 100644 trading/evidence/2026-09-21T14-41-59-643Z-quiet-keeper-tests-7436b477/22/evidence/2026-09-21T16-07-00-000Z-quiet-window-a2ebf48b/manifest-copy.json
 create mode 100644 trading/evidence/2026-09-21T14-41-59-643Z-quiet-keeper-tests-7436b477/22/evidence/2026-09-21T16-07-00-000Z-quiet-window-a2ebf48b/preparation.json
 create mode 100644 trading/evidence/2026-09-21T14-41-59-643Z-quiet-keeper-tests-7436b477/22/evidence/2026-09-21T16-07-00-000Z-quiet-window-a2ebf48b/ready.json
 create mode 100644 trading/evidence/2026-09-21T14-41-59-643Z-quiet-keeper-tests-7436b477/22/evidence/2026-09-21T16-07-00-000Z-quiet-window-a2ebf48b/release-intent.json
 create mode 100644 trading/evidence/2026-09-21T14-41-59-643Z-quiet-keeper-tests-7436b477/22/evidence/2026-09-21T16-07-00-000Z-quiet-window-a2ebf48b/release.request
 create mode 100644 trading/evidence/2026-09-21T14-41-59-643Z-quiet-keeper-tests-7436b477/22/evidence/2026-09-21T16-07-00-000Z-quiet-window-a2ebf48b/released.json
 create mode 100644 trading/evidence/2026-09-21T14-43-09-909Z-quiet-keeper-final-review-4787ab8a/metadata.json
 create mode 100644 trading/evidence/2026-09-21T14-43-09-909Z-quiet-keeper-final-review-4787ab8a/quiet-window.mjs.reviewed
 create mode 100644 trading/evidence/2026-09-21T14-43-09-909Z-quiet-keeper-final-review-4787ab8a/review.md
 create mode 100644 trading/evidence/2026-09-21T14-44-42-194Z-quiet-window-process-a778ce3d/README.md
 create mode 100644 trading/evidence/2026-09-21T14-44-42-194Z-quiet-window-process-a778ce3d/delivery.json
 create mode 100644 trading/evidence/2026-09-21T14-44-42-194Z-quiet-window-process-a778ce3d/normal-release/events.jsonl
 create mode 100644 trading/evidence/2026-09-21T14-44-42-194Z-quiet-window-process-a778ce3d/normal-release/fixture/evidence/2026-09-21T14-44-42-311Z-quiet-window-36b3c2ea/fixture-diagnostics-completed.json
 create mode 100644 trading/evidence/2026-09-21T14-44-42-194Z-quiet-window-process-a778ce3d/normal-release/fixture/evidence/2026-09-21T14-44-42-311Z-quiet-window-36b3c2ea/manifest-copy.json
 create mode 100644 trading/evidence/2026-09-21T14-44-42-194Z-quiet-window-process-a778ce3d/normal-release/fixture/evidence/2026-09-21T14-44-42-311Z-quiet-window-36b3c2ea/preparation.json
 create mode 100644 trading/evidence/2026-09-21T14-44-42-194Z-quiet-window-process-a778ce3d/normal-release/fixture/evidence/2026-09-21T14-44-42-311Z-quiet-window-36b3c2ea/ready.json
 create mode 100644 trading/evidence/2026-09-21T14-44-42-194Z-quiet-window-process-a778ce3d/normal-release/fixture/evidence/2026-09-21T14-44-42-311Z-quiet-window-36b3c2ea/release-intent.json
 create mode 100644 trading/evidence/2026-09-21T14-44-42-194Z-quiet-window-process-a778ce3d/normal-release/fixture/evidence/2026-09-21T14-44-42-311Z-quiet-window-36b3c2ea/release.request
 create mode 100644 trading/evidence/2026-09-21T14-44-42-194Z-quiet-window-process-a778ce3d/normal-release/fixture/evidence/2026-09-21T14-44-42-311Z-quiet-window-36b3c2ea/released.json
 create mode 100644 trading/evidence/2026-09-21T14-44-42-194Z-quiet-window-process-a778ce3d/normal-release/fixture/scripts/demo-lifecycle.mjs
 create mode 100644 trading/evidence/2026-09-21T14-44-42-194Z-quiet-window-process-a778ce3d/normal-release/fixture/scripts/quiet-window.mjs
 create mode 100644 trading/evidence/2026-09-21T14-44-42-194Z-quiet-window-process-a778ce3d/normal-release/report.json
 create mode 100644 trading/evidence/2026-09-21T14-44-42-194Z-quiet-window-process-a778ce3d/normal-release/stderr.log
 create mode 100644 trading/evidence/2026-09-21T14-44-42-194Z-quiet-window-process-a778ce3d/normal-release/stdout.log
 create mode 100644 trading/evidence/2026-09-21T14-44-42-194Z-quiet-window-process-a778ce3d/source/network-bench-lifecycle.mjs
 create mode 100644 trading/evidence/2026-09-21T14-44-42-194Z-quiet-window-process-a778ce3d/source/quiet-window.process.test.mjs
 create mode 100644 trading/evidence/2026-09-21T14-44-42-194Z-quiet-window-process-a778ce3d/summary.json
 create mode 100644 trading/evidence/2026-09-21T14-44-42-194Z-quiet-window-process-a778ce3d/wrong-token/events.jsonl
 create mode 100644 trading/evidence/2026-09-21T14-44-42-194Z-quiet-window-process-a778ce3d/wrong-token/fixture/evidence/2026-09-21T14-44-42-954Z-quiet-window-524ae7db/aborted.json
 create mode 100644 trading/evidence/2026-09-21T14-44-42-194Z-quiet-window-process-a778ce3d/wrong-token/fixture/evidence/2026-09-21T14-44-42-954Z-quiet-window-524ae7db/fixture-diagnostics-completed.json
 create mode 100644 trading/evidence/2026-09-21T14-44-42-194Z-quiet-window-process-a778ce3d/wrong-token/fixture/evidence/2026-09-21T14-44-42-954Z-quiet-window-524ae7db/manifest-copy.json
 create mode 100644 trading/evidence/2026-09-21T14-44-42-194Z-quiet-window-process-a778ce3d/wrong-token/fixture/evidence/2026-09-21T14-44-42-954Z-quiet-window-524ae7db/preparation.json
 create mode 100644 trading/evidence/2026-09-21T14-44-42-194Z-quiet-window-process-a778ce3d/wrong-token/fixture/evidence/2026-09-21T14-44-42-954Z-quiet-window-524ae7db/ready.json
 create mode 100644 trading/evidence/2026-09-21T14-44-42-194Z-quiet-window-process-a778ce3d/wrong-token/fixture/evidence/2026-09-21T14-44-42-954Z-quiet-window-524ae7db/release.request
 create mode 100644 trading/evidence/2026-09-21T14-44-42-194Z-quiet-window-process-a778ce3d/wrong-token/fixture/scripts/demo-lifecycle.mjs
 create mode 100644 trading/evidence/2026-09-21T14-44-42-194Z-quiet-window-process-a778ce3d/wrong-token/fixture/scripts/quiet-window.mjs
 create mode 100644 trading/evidence/2026-09-21T14-44-42-194Z-quiet-window-process-a778ce3d/wrong-token/report.json
 create mode 100644 trading/evidence/2026-09-21T14-44-42-194Z-quiet-window-process-a778ce3d/wrong-token/stderr.log
 create mode 100644 trading/evidence/2026-09-21T14-44-42-194Z-quiet-window-process-a778ce3d/wrong-token/stdout.log
 create mode 100644 trading/evidence/2026-09-21T14-47-05-078Z-browser-five-minute-review-e782abe4/README.md
 create mode 100644 trading/evidence/2026-09-21T14-47-05-078Z-browser-five-minute-review-e782abe4/analysis-first-attempt-tool-result.json
 create mode 100644 trading/evidence/2026-09-21T14-47-05-078Z-browser-five-minute-review-e782abe4/analysis-second-attempt-tool-result.json
 create mode 100644 trading/evidence/2026-09-21T14-47-05-078Z-browser-five-minute-review-e782abe4/analysis-tool-result.json
 create mode 100644 trading/evidence/2026-09-21T14-47-05-078Z-browser-five-minute-review-e782abe4/analysis.json
 create mode 100644 trading/evidence/2026-09-21T14-47-05-078Z-browser-five-minute-review-e782abe4/analyze.mjs
 create mode 100644 trading/evidence/2026-09-21T14-47-05-078Z-browser-five-minute-review-e782abe4/observer-line-map.json
 create mode 100644 trading/evidence/2026-09-21T14-47-05-078Z-browser-five-minute-review-e782abe4/observer-overlap.raw.jsonl
 create mode 100644 trading/evidence/2026-09-21T14-47-05-078Z-browser-five-minute-review-e782abe4/observer-with-boundaries.raw.jsonl
 create mode 100644 trading/evidence/2026-09-21T14-47-05-078Z-browser-five-minute-review-e782abe4/rendered/01.jpg
 create mode 100644 trading/evidence/2026-09-21T14-47-05-078Z-browser-five-minute-review-e782abe4/rendered/02.jpg
 create mode 100644 trading/evidence/2026-09-21T14-47-05-078Z-browser-five-minute-review-e782abe4/rendered/03.jpg
 create mode 100644 trading/evidence/2026-09-21T14-47-05-078Z-browser-five-minute-review-e782abe4/rendered/04.jpg
 create mode 100644 trading/evidence/2026-09-21T14-47-05-078Z-browser-five-minute-review-e782abe4/rendered/05.jpg
 create mode 100644 trading/evidence/2026-09-21T14-47-05-078Z-browser-five-minute-review-e782abe4/rendered/06.jpg
 create mode 100644 trading/evidence/2026-09-21T14-47-05-078Z-browser-five-minute-review-e782abe4/rendered/copy-manifest.json
 create mode 100644 trading/evidence/2026-09-21T14-47-05-078Z-browser-five-minute-review-e782abe4/review-integrity.json
 create mode 100644 trading/evidence/2026-09-21T14-47-05-078Z-browser-five-minute-review-e782abe4/sources.sha256.json
 create mode 100644 trading/evidence/20260921T143246967Z-router-main-push-7ccaef7e/before.json
 create mode 100644 trading/evidence/20260921T143246967Z-router-main-push-7ccaef7e/commit.log
 create mode 100644 trading/evidence/20260921T143246967Z-router-main-push-7ccaef7e/fetch.log
 create mode 100644 trading/evidence/20260921T143246967Z-router-main-push-7ccaef7e/push.log
 create mode 100644 trading/evidence/20260921T143246967Z-router-main-push-7ccaef7e/verified.json
 create mode 100644 trading/evidence/20260921T143455881Z-periodic-checkpoint-765c1b66/README.md
 create mode 100644 trading/evidence/20260921T143455881Z-periodic-checkpoint-765c1b66/bots.log
 create mode 100644 trading/evidence/20260921T143455881Z-periodic-checkpoint-765c1b66/brief.json
 create mode 100644 trading/evidence/20260921T143455881Z-periodic-checkpoint-765c1b66/commands.json
 create mode 100644 trading/evidence/20260921T143455881Z-periodic-checkpoint-765c1b66/market.log
 create mode 100644 trading/evidence/20260921T143455881Z-periodic-checkpoint-765c1b66/resources.log
 create mode 100644 trading/evidence/20260921T144046197Z-quiet-keeper-validation-08344853/run.json
 create mode 100644 trading/evidence/20260921T144046197Z-quiet-keeper-validation-08344853/tests.log
 create mode 100644 trading/evidence/20260921T144135909Z-quiet-keeper-final-81cfb2cb/run.json
 create mode 100644 trading/evidence/20260921T144135909Z-quiet-keeper-final-81cfb2cb/tests.log
 create mode 100644 trading/evidence/20260921T144159354Z-quiet-keeper-abort-record-7f025b32/run.json
 create mode 100644 trading/evidence/20260921T144159354Z-quiet-keeper-abort-record-7f025b32/tests.log
 create mode 100644 trading/evidence/20260921T144442011Z-quiet-window-process-command-07cdc3fe/output.log
 create mode 100644 trading/evidence/20260921T144442011Z-quiet-window-process-command-07cdc3fe/run.json
 create mode 100644 trading/evidence/20260921T144904300Z-quiet-ui-integration-3f408344/proof.json
 create mode 100644 trading/scripts/quiet-window.mjs
 create mode 100644 trading/scripts/quiet-window.process.test.mjs
 create mode 100644 trading/scripts/quiet-window.test.mjs
