    Checking itoa v1.0.18
    Checking bytes v1.12.1
    Checking windows-link v0.2.1
    Checking cfg-if v1.0.5
    Checking pin-project-lite v0.2.17
    Checking futures-core v0.3.34
    Checking typenum v1.20.1
    Checking once_cell v1.21.4
    Checking log v0.4.34
    Checking zerocopy v0.8.57
    Checking serde_core v1.0.229
    Checking httparse v1.10.1
    Checking tower-service v0.3.3
    Checking futures-sink v0.3.34
    Checking slab v0.4.12
    Checking futures-task v0.3.34
    Checking getrandom v0.3.4
    Checking windows-sys v0.61.2
    Checking cpufeatures v0.2.17
    Checking tower-layer v0.3.3
    Checking futures-channel v0.3.34
    Checking thiserror v2.0.20
    Checking httpdate v1.0.3
    Checking percent-encoding v2.3.2
    Checking sync_wrapper v1.0.2
    Checking atomic-waker v1.1.2
    Checking rand_core v0.9.5
    Checking tracing-core v0.1.36
    Checking smallvec v1.16.1
    Checking futures-util v0.3.34
    Checking data-encoding v2.11.1
    Checking zmij v1.0.23
    Checking winapi-x86_64-pc-windows-gnu v0.4.0
    Checking mime v0.3.17
    Checking ryu v1.0.23
    Checking form_urlencoded v1.2.2
    Checking memchr v2.8.3
    Checking winapi v0.3.9
    Checking crossbeam-utils v0.8.23
    Checking matchit v0.8.4
    Checking base64 v0.22.1
    Checking bitflags v2.13.2
    Checking getrandom v0.4.3
    Checking crc32fast v1.5.2
    Checking fastrand v2.5.0
    Checking http v1.5.0
    Checking tracing v0.1.44
    Checking generic-array v0.14.7
    Checking crossbeam-channel v0.5.17
    Checking crypto-common v0.1.7
    Checking block-buffer v0.10.4
    Checking digest v0.10.7
    Checking http-body v1.1.0
    Checking http-body-util v0.1.5
    Checking sha1 v0.10.7
    Checking fs2 v0.4.3
    Checking axum-core v0.5.6
    Checking serde v1.0.229
    Checking serde_path_to_error v0.1.20
    Checking serde_json v1.0.151
    Checking serde_urlencoded v0.7.1
    Checking mio v1.2.3
    Checking socket2 v0.6.5
    Checking tempfile v3.27.0
    Checking tokio v1.53.1
    Checking ppv-lite86 v0.2.21
    Checking rand_chacha v0.9.0
    Checking rand v0.9.5
    Checking tungstenite v0.29.0
    Checking hyper v1.11.1
    Checking tower v0.5.3
    Checking tokio-tungstenite v0.29.0
    Checking tower-http v0.6.11
    Checking hyper-util v0.1.20
    Checking axum v0.8.9
    Checking leave-exchange v0.1.0 (C:\project\hackton-2026-tbd\trading\engine)
    Finished `release` profile [optimized] target(s) in 19.27s
