rustc 1.98.1 (48a229cea 2026-09-01)
   Compiling proc-macro2 v1.0.107
   Compiling quote v1.0.47
   Compiling unicode-ident v1.0.26
   Compiling itoa v1.0.18
   Compiling bytes v1.12.1
   Compiling syn v3.0.6
   Compiling pin-project-lite v0.2.17
   Compiling futures-core v0.3.34
   Compiling windows-link v0.2.1
   Compiling version_check v0.9.5
   Compiling generic-array v0.14.7
   Compiling windows-sys v0.61.2
   Compiling http v1.5.0
   Compiling cfg-if v1.0.5
   Compiling zerocopy v0.8.57
   Compiling getrandom v0.3.4
   Compiling typenum v1.20.1
   Compiling tokio-macros v2.7.2
   Compiling socket2 v0.6.5
   Compiling mio v1.2.3
   Compiling serde_core v1.0.229
   Compiling httparse v1.10.1
   Compiling tokio v1.53.1
   Compiling http-body v1.1.0
   Compiling log v0.4.34
   Compiling ppv-lite86 v0.2.21
   Compiling rand_core v0.9.5
   Compiling crypto-common v0.1.7
   Compiling block-buffer v0.10.4
   Compiling once_cell v1.21.4
   Compiling tower-service v0.3.3
   Compiling thiserror v2.0.20
   Compiling tracing-core v0.1.36
   Compiling digest v0.10.7
   Compiling rand_chacha v0.9.0
   Compiling futures-macro v0.3.34
   Compiling thiserror-impl v2.0.20
   Compiling zmij v1.0.23
   Compiling serde v1.0.229
   Compiling winapi-x86_64-pc-windows-gnu v0.4.0
   Compiling tower-layer v0.3.3
   Compiling futures-sink v0.3.34
   Compiling cpufeatures v0.2.17
   Compiling slab v0.4.12
   Compiling futures-task v0.3.34
   Compiling futures-util v0.3.34
   Compiling sha1 v0.10.7
   Compiling rand v0.9.5
   Compiling tracing v0.1.44
   Compiling http-body-util v0.1.5
   Compiling serde_derive v1.0.229
   Compiling futures-channel v0.3.34
   Compiling atomic-waker v1.1.2
   Compiling smallvec v1.16.1
   Compiling crossbeam-utils v0.8.23
   Compiling serde_json v1.0.151
   Compiling percent-encoding v2.3.2
   Compiling winapi v0.3.9
   Compiling httpdate v1.0.3
   Compiling sync_wrapper v1.0.2
   Compiling data-encoding v2.11.1
   Compiling tungstenite v0.29.0
   Compiling hyper v1.11.1
   Compiling form_urlencoded v1.2.2
   Compiling crc32fast v1.5.2
   Compiling ryu v1.0.23
   Compiling memchr v2.8.3
   Compiling mime v0.3.17
   Compiling axum-core v0.5.6
   Compiling serde_urlencoded v0.7.1
   Compiling hyper-util v0.1.20
   Compiling tokio-tungstenite v0.29.0
   Compiling tower v0.5.3
   Compiling serde_path_to_error v0.1.20
   Compiling base64 v0.22.1
   Compiling matchit v0.8.4
   Compiling bitflags v2.13.2
   Compiling tower-http v0.6.11
   Compiling axum v0.8.9
   Compiling fs2 v0.4.3
   Compiling crossbeam-channel v0.5.17
   Compiling leave-exchange v0.1.0 (C:\project\hackton-2026-tbd\trading\.tmp\20260921T101847792Z-git-source-repro-ea6a3bd8\trading\engine)
    Finished `release` profile [optimized] target(s) in 2m 24s
✓ Lockfile passes supply-chain policies (verified 1h ago)
Lockfile is up to date, resolution step is skipped
Progress: resolved 1, reused 0, downloaded 0, added 0
Packages: +75
+++++++++++++++++++++++++++++++++++++++++++++++++++++++++++++++++++++++++++
Progress: resolved 75, reused 66, downloaded 0, added 0
Packages are hard linked from the content-addressable store to the virtual store.
  Content-addressable store is at: C:\project\hackton-2026-tbd\trading\.tmp\20260921T101847792Z-git-source-repro-ea6a3bd8\trading\.tools\pnpm-store\v11
  Virtual store is at:             node_modules/.pnpm
Progress: resolved 75, reused 72, downloaded 0, added 31
Progress: resolved 75, reused 74, downloaded 0, added 69
Progress: resolved 75, reused 75, downloaded 0, added 73
Progress: resolved 75, reused 75, downloaded 0, added 74
Progress: resolved 75, reused 75, downloaded 0, added 75
Progress: resolved 75, reused 75, downloaded 0, added 75, done
.../esbuild@0.28.2/node_modules/esbuild postinstall$ node install.js
.../esbuild@0.28.2/node_modules/esbuild postinstall: Done

dependencies:
+ @fontsource-variable/dm-sans 5.3.0
+ @fontsource-variable/noto-sans-kr 5.3.0
+ lucide-react 0.468.0
+ react 19.3.0
+ react-dom 19.3.0

devDependencies:
+ @types/node 24.13.6
+ @types/react 19.3.0
+ @types/react-dom 19.3.0
+ @vitejs/plugin-react 5.2.0
+ prettier 3.6.2
+ typescript 5.9.3
+ vite 7.3.6

Done in 15.7s using pnpm v11.25.0
$ tsc -b && vite build
vite v7.3.6 building client environment for production...
transforming...
✓ 1585 modules transformed.
rendering chunks...
computing gzip size...
dist/index.html                                                   0.71 kB │ gzip:  0.47 kB
dist/assets/noto-sans-kr-latin-ext-wght-normal-B5bX9d3o.woff2     8.30 kB
dist/assets/noto-sans-kr-vietnamese-wght-normal-BHUVOYrQ.woff2    9.17 kB
dist/assets/noto-sans-kr-cyrillic-wght-normal-Bd4ZsfxM.woff2     10.12 kB
dist/assets/noto-sans-kr-98-wght-normal-DO7crlgc.woff2           12.18 kB
dist/assets/noto-sans-kr-97-wght-normal-Dr2ufsTl.woff2           14.18 kB
dist/assets/noto-sans-kr-117-wght-normal-DNkILo1k.woff2          14.46 kB
dist/assets/noto-sans-kr-118-wght-normal-Be8jlQ51.woff2          14.66 kB
dist/assets/noto-sans-kr-116-wght-normal-DvHAaAUg.woff2          16.20 kB
dist/assets/noto-sans-kr-114-wght-normal-BcwVxkxL.woff2          16.21 kB
dist/assets/noto-sans-kr-115-wght-normal-Czx6kN3B.woff2          16.27 kB
dist/assets/noto-sans-kr-112-wght-normal-DApkhTZy.woff2          16.45 kB
dist/assets/noto-sans-kr-113-wght-normal-DnhzVD4m.woff2          16.46 kB
dist/assets/noto-sans-kr-119-wght-normal-C_6m2-od.woff2          16.68 kB
dist/assets/noto-sans-kr-38-wght-normal-D7aEX-Z7.woff2           16.69 kB
dist/assets/noto-sans-kr-99-wght-normal-DzzxDKB5.woff2           16.89 kB
dist/assets/noto-sans-kr-111-wght-normal-DeeXajyY.woff2          17.46 kB
dist/assets/noto-sans-kr-110-wght-normal-Bz2J7MHi.woff2          17.61 kB
dist/assets/noto-sans-kr-109-wght-normal-B6hzfDSQ.woff2          18.06 kB
dist/assets/noto-sans-kr-41-wght-normal-CrDDFHLC.woff2           18.14 kB
dist/assets/dm-sans-latin-ext-wght-normal-BOFOeGcA.woff2         18.23 kB
dist/assets/noto-sans-kr-107-wght-normal-CWnd6wcQ.woff2          18.42 kB
dist/assets/noto-sans-kr-44-wght-normal-BOzNPFw1.woff2           18.50 kB
dist/assets/noto-sans-kr-64-wght-normal-KNqhDR8m.woff2           18.58 kB
dist/assets/noto-sans-kr-94-wght-normal-ihdiE-sw.woff2           19.42 kB
dist/assets/noto-sans-kr-108-wght-normal-CVosuT20.woff2          19.67 kB
dist/assets/noto-sans-kr-45-wght-normal-HgLQPnZe.woff2           19.74 kB
dist/assets/noto-sans-kr-51-wght-normal-DYiiYWHC.woff2           19.74 kB
dist/assets/noto-sans-kr-8-wght-normal-CstSMSR0.woff2            19.83 kB
dist/assets/noto-sans-kr-25-wght-normal-pcUlc7hZ.woff2           19.88 kB
dist/assets/noto-sans-kr-11-wght-normal-DnDO1vGF.woff2           20.16 kB
dist/assets/noto-sans-kr-42-wght-normal-_xElrv31.woff2           20.23 kB
dist/assets/noto-sans-kr-10-wght-normal-D44PZdTN.woff2           20.49 kB
dist/assets/noto-sans-kr-6-wght-normal-CJnF25Ox.woff2            20.60 kB
dist/assets/noto-sans-kr-55-wght-normal-Bb2kolOu.woff2           20.70 kB
dist/assets/noto-sans-kr-5-wght-normal-D2ndBBlz.woff2            20.78 kB
dist/assets/noto-sans-kr-46-wght-normal-B8aQM0KO.woff2           20.92 kB
dist/assets/noto-sans-kr-40-wght-normal-B6XNibcs.woff2           20.98 kB
dist/assets/noto-sans-kr-7-wght-normal-CImCbZMD.woff2            21.01 kB
dist/assets/noto-sans-kr-63-wght-normal-Cc2PlhZU.woff2           21.04 kB
dist/assets/noto-sans-kr-54-wght-normal-Dh8YqAZX.woff2           21.08 kB
dist/assets/noto-sans-kr-53-wght-normal-D_jDj1TO.woff2           21.11 kB
dist/assets/noto-sans-kr-37-wght-normal-D0Nod484.woff2           21.28 kB
dist/assets/noto-sans-kr-96-wght-normal-BsiGrPsV.woff2           21.32 kB
dist/assets/noto-sans-kr-57-wght-normal-B8WEhlXz.woff2           21.33 kB
dist/assets/noto-sans-kr-36-wght-normal-BQ3DsEFp.woff2           21.36 kB
dist/assets/noto-sans-kr-35-wght-normal-CNljDv8x.woff2           21.36 kB
dist/assets/noto-sans-kr-48-wght-normal-Ds0KCpXR.woff2           21.41 kB
dist/assets/noto-sans-kr-56-wght-normal-C-IXS01q.woff2           21.42 kB
dist/assets/noto-sans-kr-39-wght-normal-QVs81SbT.woff2           21.44 kB
dist/assets/noto-sans-kr-43-wght-normal-D4Z4qIjx.woff2           21.47 kB
dist/assets/noto-sans-kr-50-wght-normal-C8Hs8Bel.woff2           21.50 kB
dist/assets/noto-sans-kr-16-wght-normal-D7pAhItn.woff2           21.50 kB
dist/assets/noto-sans-kr-34-wght-normal-Dn9wUbC5.woff2           21.56 kB
dist/assets/noto-sans-kr-18-wght-normal-B_Xt9mRz.woff2           21.66 kB
dist/assets/noto-sans-kr-28-wght-normal-COQop0OG.woff2           21.95 kB
dist/assets/noto-sans-kr-62-wght-normal-Brkp78oR.woff2           21.95 kB
dist/assets/noto-sans-kr-58-wght-normal-CPkb-af3.woff2           22.05 kB
dist/assets/noto-sans-kr-14-wght-normal-BtTu50RG.woff2           22.10 kB
dist/assets/noto-sans-kr-47-wght-normal-CisIuWX8.woff2           22.20 kB
dist/assets/noto-sans-kr-21-wght-normal-CuThq_3_.woff2           22.27 kB
dist/assets/noto-sans-kr-52-wght-normal-RCgHYf1C.woff2           22.29 kB
dist/assets/noto-sans-kr-9-wght-normal-Dc1zs_Pa.woff2            22.40 kB
dist/assets/noto-sans-kr-13-wght-normal-olvHB9I9.woff2           22.67 kB
dist/assets/noto-sans-kr-12-wght-normal-gICIGsXI.woff2           22.71 kB
dist/assets/noto-sans-kr-15-wght-normal-CxFswjwr.woff2           22.76 kB
dist/assets/noto-sans-kr-49-wght-normal-BC5F4RRq.woff2           22.84 kB
dist/assets/noto-sans-kr-29-wght-normal-Bwniia0r.woff2           23.14 kB
dist/assets/noto-sans-kr-4-wght-normal-MlF4wjtz.woff2            23.34 kB
dist/assets/noto-sans-kr-22-wght-normal-D-9XnguA.woff2           23.54 kB
dist/assets/noto-sans-kr-30-wght-normal-BNXqYhtq.woff2           23.55 kB
dist/assets/noto-sans-kr-17-wght-normal-CcMq9J3c.woff2           23.59 kB
dist/assets/noto-sans-kr-31-wght-normal-BoAdonrH.woff2           23.64 kB
dist/assets/noto-sans-kr-61-wght-normal-C9Nbt4dY.woff2           23.80 kB
dist/assets/noto-sans-kr-23-wght-normal-CsoKTgIH.woff2           24.07 kB
dist/assets/noto-sans-kr-103-wght-normal-C9B_csKo.woff2          24.40 kB
dist/assets/noto-sans-kr-27-wght-normal-BYvOljic.woff2           24.48 kB
dist/assets/noto-sans-kr-60-wght-normal-DriWx1rc.woff2           24.51 kB
dist/assets/noto-sans-kr-106-wght-normal-DCG_yG2L.woff2          24.75 kB
dist/assets/noto-sans-kr-3-wght-normal-DZIqdvJw.woff2            24.79 kB
dist/assets/noto-sans-kr-19-wght-normal-DicL0vd6.woff2           25.16 kB
dist/assets/noto-sans-kr-33-wght-normal-DMSZNpMD.woff2           25.17 kB
dist/assets/noto-sans-kr-105-wght-normal-Bwk-4itQ.woff2          25.23 kB
dist/assets/noto-sans-kr-59-wght-normal-C4laA72l.woff2           25.25 kB
dist/assets/noto-sans-kr-24-wght-normal-CVm75uzf.woff2           25.47 kB
dist/assets/noto-sans-kr-102-wght-normal-DPlG-Gq_.woff2          25.58 kB
dist/assets/noto-sans-kr-26-wght-normal-gwaK2bp7.woff2           25.64 kB
dist/assets/noto-sans-kr-20-wght-normal-PxcBBeNg.woff2           25.91 kB
dist/assets/noto-sans-kr-latin-wght-normal-CZ1P3i-_.woff2        26.00 kB
dist/assets/noto-sans-kr-101-wght-normal-yIk-xkbt.woff2          26.08 kB
dist/assets/noto-sans-kr-100-wght-normal-BUnzX67h.woff2          26.27 kB
dist/assets/noto-sans-kr-32-wght-normal-BREiG6LA.woff2           26.40 kB
dist/assets/noto-sans-kr-104-wght-normal-BV6o_vl3.woff2          28.69 kB
dist/assets/noto-sans-kr-93-wght-normal-LhQTABfI.woff2           29.06 kB
dist/assets/noto-sans-kr-0-wght-normal-D06yvloL.woff2            34.28 kB
dist/assets/noto-sans-kr-2-wght-normal-BlW3AcBF.woff2            35.98 kB
dist/assets/dm-sans-latin-wght-normal-Xz1IZZA0.woff2             36.93 kB
dist/assets/noto-sans-kr-83-wght-normal-McHuBf-B.woff2           41.16 kB
dist/assets/noto-sans-kr-90-wght-normal-lqvjLFoO.woff2           41.93 kB
dist/assets/noto-sans-kr-92-wght-normal-CfCk7nA7.woff2           42.69 kB
dist/assets/noto-sans-kr-91-wght-normal-DsGtjSva.woff2           44.99 kB
dist/assets/noto-sans-kr-87-wght-normal-CBZPTWsE.woff2           45.02 kB
dist/assets/noto-sans-kr-72-wght-normal-CYbqUrRD.woff2           45.52 kB
dist/assets/noto-sans-kr-89-wght-normal-D3Fd3_EL.woff2           45.53 kB
dist/assets/noto-sans-kr-88-wght-normal-_V-zytEf.woff2           46.46 kB
dist/assets/noto-sans-kr-70-wght-normal-BSMUUut2.woff2           47.28 kB
dist/assets/noto-sans-kr-81-wght-normal-DZCTVH03.woff2           48.02 kB
dist/assets/noto-sans-kr-69-wght-normal-BReeBVHk.woff2           48.36 kB
dist/assets/noto-sans-kr-67-wght-normal-CWhGYJ2i.woff2           48.38 kB
dist/assets/noto-sans-kr-78-wght-normal-CxH4Pb6I.woff2           48.44 kB
dist/assets/noto-sans-kr-76-wght-normal-BRcUMWZ8.woff2           48.58 kB
dist/assets/noto-sans-kr-73-wght-normal-Dq-lIKz-.woff2           50.30 kB
dist/assets/noto-sans-kr-82-wght-normal-CJo3UUYg.woff2           50.54 kB
dist/assets/noto-sans-kr-80-wght-normal-C5D21FTw.woff2           51.00 kB
dist/assets/noto-sans-kr-86-wght-normal-B7E1-Ec0.woff2           51.62 kB
dist/assets/noto-sans-kr-68-wght-normal-BrksQ5yZ.woff2           51.74 kB
dist/assets/noto-sans-kr-85-wght-normal-BlAw-6qA.woff2           52.55 kB
dist/assets/noto-sans-kr-77-wght-normal-q_AHRG0H.woff2           52.61 kB
dist/assets/noto-sans-kr-95-wght-normal-aqERMEsW.woff2           53.26 kB
dist/assets/noto-sans-kr-74-wght-normal-Dsmj0w4F.woff2           54.44 kB
dist/assets/noto-sans-kr-84-wght-normal-DLV_AXtC.woff2           54.48 kB
dist/assets/noto-sans-kr-66-wght-normal-IxdJCmlc.woff2           56.06 kB
dist/assets/noto-sans-kr-1-wght-normal-Bqp_kP4o.woff2            56.20 kB
dist/assets/noto-sans-kr-75-wght-normal-JM9JBG-M.woff2           56.76 kB
dist/assets/noto-sans-kr-71-wght-normal-D9VPS-IJ.woff2           56.89 kB
dist/assets/noto-sans-kr-79-wght-normal-Bdi4I7EA.woff2           60.84 kB
dist/assets/noto-sans-kr-65-wght-normal-FHC1ZHx-.woff2           64.46 kB
dist/assets/index-VdfPkdtZ.css                                  119.97 kB │ gzip: 33.95 kB
dist/assets/index-DnSaTPbl.js                                   262.19 kB │ gzip: 82.41 kB
✓ built in 6.56s
Ready. Start the standalone exchange: node scripts/demo.mjs start
