[main 390fde8] fix(trading): clarify order history and verify mobile trading
 122 files changed, 165011 insertions(+), 7 deletions(-)
 create mode 100644 trading/evidence/2026-09-21T15-20-59-766Z-mobile-order-cancel-f43f0001/README.md
 create mode 100644 trading/evidence/2026-09-21T15-20-59-766Z-mobile-order-cancel-f43f0001/before-dom.json
 create mode 100644 trading/evidence/2026-09-21T15-20-59-766Z-mobile-order-cancel-f43f0001/before-dom.txt
 create mode 100644 trading/evidence/2026-09-21T15-20-59-766Z-mobile-order-cancel-f43f0001/before-state.json
 create mode 100644 trading/evidence/2026-09-21T15-20-59-766Z-mobile-order-cancel-f43f0001/browser-cleanup.json
 create mode 100644 trading/evidence/2026-09-21T15-20-59-766Z-mobile-order-cancel-f43f0001/cancel-confirmed-dom.json
 create mode 100644 trading/evidence/2026-09-21T15-20-59-766Z-mobile-order-cancel-f43f0001/cancel-confirmed-dom.txt
 create mode 100644 trading/evidence/2026-09-21T15-20-59-766Z-mobile-order-cancel-f43f0001/cancel-confirmed.jpg
 create mode 100644 trading/evidence/2026-09-21T15-20-59-766Z-mobile-order-cancel-f43f0001/cancelled-dom.json
 create mode 100644 trading/evidence/2026-09-21T15-20-59-766Z-mobile-order-cancel-f43f0001/cancelled-dom.txt
 create mode 100644 trading/evidence/2026-09-21T15-20-59-766Z-mobile-order-cancel-f43f0001/console.json
 create mode 100644 trading/evidence/2026-09-21T15-20-59-766Z-mobile-order-cancel-f43f0001/filled-dom.json
 create mode 100644 trading/evidence/2026-09-21T15-20-59-766Z-mobile-order-cancel-f43f0001/filled-dom.txt
 create mode 100644 trading/evidence/2026-09-21T15-20-59-766Z-mobile-order-cancel-f43f0001/final-state.json
 create mode 100644 trading/evidence/2026-09-21T15-20-59-766Z-mobile-order-cancel-f43f0001/lookup-37ba3596-827e-4a8e-a6ea-fff344185d1f.json
 create mode 100644 trading/evidence/2026-09-21T15-20-59-766Z-mobile-order-cancel-f43f0001/lookup-58d34c2f-b20f-4d59-9b17-5824e9e46443.json
 create mode 100644 trading/evidence/2026-09-21T15-20-59-766Z-mobile-order-cancel-f43f0001/lookup-8856a37f-c621-494d-aef9-03f5b2280a71.json
 create mode 100644 trading/evidence/2026-09-21T15-20-59-766Z-mobile-order-cancel-f43f0001/placed-dom.json
 create mode 100644 trading/evidence/2026-09-21T15-20-59-766Z-mobile-order-cancel-f43f0001/placed-dom.txt
 create mode 100644 trading/evidence/2026-09-21T15-20-59-766Z-mobile-order-cancel-f43f0001/placed-state.json
 create mode 100644 trading/evidence/2026-09-21T15-20-59-766Z-mobile-order-cancel-f43f0001/placed.jpg
 create mode 100644 trading/evidence/2026-09-21T15-20-59-766Z-mobile-order-cancel-f43f0001/reload-confirmed-dom.json
 create mode 100644 trading/evidence/2026-09-21T15-20-59-766Z-mobile-order-cancel-f43f0001/reload-confirmed-dom.txt
 create mode 100644 trading/evidence/2026-09-21T15-20-59-766Z-mobile-order-cancel-f43f0001/reload-console.json
 create mode 100644 trading/evidence/2026-09-21T15-20-59-766Z-mobile-order-cancel-f43f0001/reload-dom.json
 create mode 100644 trading/evidence/2026-09-21T15-20-59-766Z-mobile-order-cancel-f43f0001/reload-dom.txt
 create mode 100644 trading/evidence/2026-09-21T15-20-59-766Z-mobile-order-cancel-f43f0001/reload-requests-dom.json
 create mode 100644 trading/evidence/2026-09-21T15-20-59-766Z-mobile-order-cancel-f43f0001/reload-requests-dom.txt
 create mode 100644 trading/evidence/2026-09-21T15-20-59-766Z-mobile-order-cancel-f43f0001/reload-requests.jpg
 create mode 100644 trading/evidence/2026-09-21T15-20-59-766Z-mobile-order-cancel-f43f0001/reload.jpg
 create mode 100644 trading/evidence/2026-09-21T15-20-59-766Z-mobile-order-cancel-f43f0001/request-ids.json
 create mode 100644 trading/evidence/2026-09-21T15-20-59-766Z-mobile-order-cancel-f43f0001/requests-dom.txt
 create mode 100644 trading/evidence/2026-09-21T15-20-59-766Z-mobile-order-cancel-f43f0001/second-placed-dom.txt
 create mode 100644 trading/evidence/2026-09-21T15-20-59-766Z-mobile-order-cancel-f43f0001/verified.json
 create mode 100644 trading/evidence/2026-09-21T15-20-59-766Z-mobile-order-cancel-f43f0001/verify-artifacts.mjs
 create mode 100644 trading/evidence/2026-09-21T15-31-00-481Z-supplementary-resource-analysis-ab48cbe2/analysis.json
 create mode 100644 trading/evidence/2026-09-21T15-31-00-481Z-supplementary-resource-analysis-ab48cbe2/capture.json
 create mode 100644 trading/evidence/2026-09-21T15-31-00-481Z-supplementary-resource-analysis-ab48cbe2/samples-prefix.jsonl
 create mode 100644 trading/evidence/2026-09-21T15-31-00-481Z-supplementary-resource-analysis-ab48cbe2/source-run-after.json
 create mode 100644 trading/evidence/2026-09-21T15-31-00-481Z-supplementary-resource-analysis-ab48cbe2/source-run.json
 create mode 100644 trading/evidence/2026-09-21T15-31-00-481Z-supplementary-resource-analysis-ab48cbe2/source/summarize-supplementary-resources.mjs
 create mode 100644 trading/evidence/2026-09-21T15-31-00-481Z-supplementary-resource-analysis-ab48cbe2/source/supplementary-resource-analysis.mjs
 create mode 100644 trading/evidence/2026-09-21T15-31-00-509Z-observation-analysis-c7cc6d99/analysis.json
 create mode 100644 trading/evidence/2026-09-21T15-31-01-448Z-bot-latency-analysis-6fdbadf2/analysis.json
 create mode 100644 trading/evidence/2026-09-21T15-31-30-570Z-mobile-order-independent-review-0ef65e58/README.md
 create mode 100644 trading/evidence/2026-09-21T15-31-30-570Z-mobile-order-independent-review-0ef65e58/balance-and-trade-extract.json
 create mode 100644 trading/evidence/2026-09-21T15-31-30-570Z-mobile-order-independent-review-0ef65e58/integrity.json
 create mode 100644 trading/evidence/2026-09-21T15-31-30-570Z-mobile-order-independent-review-0ef65e58/raw-and-source-sha256.json
 create mode 100644 trading/evidence/2026-09-21T15-31-30-570Z-mobile-order-independent-review-0ef65e58/recompute-tool-result.json
 create mode 100644 trading/evidence/2026-09-21T15-31-30-570Z-mobile-order-independent-review-0ef65e58/recompute.mjs
 create mode 100644 trading/evidence/2026-09-21T15-31-30-570Z-mobile-order-independent-review-0ef65e58/review.json
 create mode 100644 trading/evidence/2026-09-21T15-35-16-339Z-ui-order-scope-copy-6b589a95/App.after.tsx
 create mode 100644 trading/evidence/2026-09-21T15-35-16-339Z-ui-order-scope-copy-6b589a95/App.before.tsx
 create mode 100644 trading/evidence/2026-09-21T15-35-16-339Z-ui-order-scope-copy-6b589a95/README.md
 create mode 100644 trading/evidence/2026-09-21T15-35-16-339Z-ui-order-scope-copy-6b589a95/artifacts.sha256.json
 create mode 100644 trading/evidence/2026-09-21T15-35-16-339Z-ui-order-scope-copy-6b589a95/prettier-tool-result.json
 create mode 100644 trading/evidence/2026-09-21T15-35-16-339Z-ui-order-scope-copy-6b589a95/protected.after.sha256.json
 create mode 100644 trading/evidence/2026-09-21T15-35-16-339Z-ui-order-scope-copy-6b589a95/protected.before.sha256.json
 create mode 100644 trading/evidence/2026-09-21T15-35-16-339Z-ui-order-scope-copy-6b589a95/result.json
 create mode 100644 trading/evidence/2026-09-21T15-35-16-339Z-ui-order-scope-copy-6b589a95/verify-tool-result.json
 create mode 100644 trading/evidence/2026-09-21T15-36-17-662Z-aged-preflight-readonly-review-c59f915b/docs__aged-recovery-plan.md
 create mode 100644 trading/evidence/2026-09-21T15-36-17-662Z-aged-preflight-readonly-review-c59f915b/docs__quiet-window.md
 create mode 100644 trading/evidence/2026-09-21T15-36-17-662Z-aged-preflight-readonly-review-c59f915b/engine__examples__aged_recovery.rs
 create mode 100644 trading/evidence/2026-09-21T15-36-17-662Z-aged-preflight-readonly-review-c59f915b/metadata.json
 create mode 100644 trading/evidence/2026-09-21T15-36-17-662Z-aged-preflight-readonly-review-c59f915b/review.md
 create mode 100644 trading/evidence/2026-09-21T15-36-17-662Z-aged-preflight-readonly-review-c59f915b/scripts__aged-recovery.mjs
 create mode 100644 trading/evidence/2026-09-21T15-38-27-184Z-ui-scope-copy-browser-c88bfe61/README.md
 create mode 100644 trading/evidence/2026-09-21T15-38-27-184Z-ui-scope-copy-browser-c88bfe61/cleanup.json
 create mode 100644 trading/evidence/2026-09-21T15-38-27-184Z-ui-scope-copy-browser-c88bfe61/closed-dom.json
 create mode 100644 trading/evidence/2026-09-21T15-38-27-184Z-ui-scope-copy-browser-c88bfe61/closed-dom.txt
 create mode 100644 trading/evidence/2026-09-21T15-38-27-184Z-ui-scope-copy-browser-c88bfe61/closed.jpg
 create mode 100644 trading/evidence/2026-09-21T15-38-27-184Z-ui-scope-copy-browser-c88bfe61/console.json
 create mode 100644 trading/evidence/2026-09-21T15-38-27-184Z-ui-scope-copy-browser-c88bfe61/requests-dom.json
 create mode 100644 trading/evidence/2026-09-21T15-38-27-184Z-ui-scope-copy-browser-c88bfe61/requests-dom.txt
 create mode 100644 trading/evidence/2026-09-21T15-38-27-184Z-ui-scope-copy-browser-c88bfe61/requests.jpg
 create mode 100644 trading/evidence/20260921T151635702Z-router-preview-main-push-c0f21c5a/before.json
 create mode 100644 trading/evidence/20260921T151635702Z-router-preview-main-push-c0f21c5a/commit.log
 create mode 100644 trading/evidence/20260921T151635702Z-router-preview-main-push-c0f21c5a/push.log
 create mode 100644 trading/evidence/20260921T151635702Z-router-preview-main-push-c0f21c5a/verified.json
 create mode 100644 trading/evidence/20260921T152249816Z-bounded-queue-source-audit-7c8e0541/analysis.json
 create mode 100644 trading/evidence/20260921T152249816Z-bounded-queue-source-audit-7c8e0541/collect-evidence.mjs
 create mode 100644 trading/evidence/20260921T152249816Z-bounded-queue-source-audit-7c8e0541/collection-attempt-01.json
 create mode 100644 trading/evidence/20260921T152249816Z-bounded-queue-source-audit-7c8e0541/collection-attempt-01.mjs
 create mode 100644 trading/evidence/20260921T152249816Z-bounded-queue-source-audit-7c8e0541/command.json
 create mode 100644 trading/evidence/20260921T152249816Z-bounded-queue-source-audit-7c8e0541/delivery.json
 create mode 100644 trading/evidence/20260921T152249816Z-bounded-queue-source-audit-7c8e0541/review.md
 create mode 100644 trading/evidence/20260921T153044611Z-snapshot-order-window-audit-348f51aa/analysis.json
 create mode 100644 trading/evidence/20260921T153044611Z-snapshot-order-window-audit-348f51aa/analyze.mjs
 create mode 100644 trading/evidence/20260921T153044611Z-snapshot-order-window-audit-348f51aa/command.json
 create mode 100644 trading/evidence/20260921T153044611Z-snapshot-order-window-audit-348f51aa/delivery.json
 create mode 100644 trading/evidence/20260921T153044611Z-snapshot-order-window-audit-348f51aa/review.md
 create mode 100644 trading/evidence/20260921T153400000Z-mobile-queue-checkpoint-41d59baa/README.md
 create mode 100644 trading/evidence/20260921T153400000Z-mobile-queue-checkpoint-41d59baa/bots.command.json
 create mode 100644 trading/evidence/20260921T153400000Z-mobile-queue-checkpoint-41d59baa/bots.stderr.log
 create mode 100644 trading/evidence/20260921T153400000Z-mobile-queue-checkpoint-41d59baa/bots.stdout.json
 create mode 100644 trading/evidence/20260921T153400000Z-mobile-queue-checkpoint-41d59baa/integration.json
 create mode 100644 trading/evidence/20260921T153400000Z-mobile-queue-checkpoint-41d59baa/links.json
 create mode 100644 trading/evidence/20260921T153400000Z-mobile-queue-checkpoint-41d59baa/market.command.json
 create mode 100644 trading/evidence/20260921T153400000Z-mobile-queue-checkpoint-41d59baa/market.stderr.log
 create mode 100644 trading/evidence/20260921T153400000Z-mobile-queue-checkpoint-41d59baa/market.stdout.json
 create mode 100644 trading/evidence/20260921T153400000Z-mobile-queue-checkpoint-41d59baa/remote-fast-forward.log
 create mode 100644 trading/evidence/20260921T153400000Z-mobile-queue-checkpoint-41d59baa/remote-routes-test.command.json
 create mode 100644 trading/evidence/20260921T153400000Z-mobile-queue-checkpoint-41d59baa/remote-routes-test.stderr.log
 create mode 100644 trading/evidence/20260921T153400000Z-mobile-queue-checkpoint-41d59baa/remote-routes-test.stdout.log
 create mode 100644 trading/evidence/20260921T153400000Z-mobile-queue-checkpoint-41d59baa/remote-routes-vitest.command.json
 create mode 100644 trading/evidence/20260921T153400000Z-mobile-queue-checkpoint-41d59baa/remote-routes-vitest.stderr.log
 create mode 100644 trading/evidence/20260921T153400000Z-mobile-queue-checkpoint-41d59baa/remote-routes-vitest.stdout.log
 create mode 100644 trading/evidence/20260921T153400000Z-mobile-queue-checkpoint-41d59baa/resources.command.json
 create mode 100644 trading/evidence/20260921T153400000Z-mobile-queue-checkpoint-41d59baa/resources.stderr.log
 create mode 100644 trading/evidence/20260921T153400000Z-mobile-queue-checkpoint-41d59baa/resources.stdout.json
 create mode 100644 trading/evidence/20260921T153400000Z-mobile-queue-checkpoint-41d59baa/started.json
 create mode 100644 trading/evidence/frontend-20260921T153528948Z/build.log
 create mode 100644 trading/evidence/frontend-20260921T153528948Z/environment.txt
 create mode 100644 trading/evidence/frontend-20260921T153528948Z/format.log
 create mode 100644 trading/evidence/frontend-20260921T153528948Z/protocol.log
