node:internal/modules/run_main:107
    triggerUncaughtException(
    ^

AssertionError [ERR_ASSERTION]: Expected release SHA mismatch; no benchmark process started
+ actual - expected

+ 'a7aa245a5bdf0a55c74ee3393264824323a424a1f85bcf250d26bc03656ba62a'
- '0000000000000000000000000000000000000000000000000000000000000000'

    at verifyExpectedBinary (file:///C:/project/hackton-2026-tbd/trading/evidence/2026-09-21T13-26-08-766Z-network-bench-lifecycle-b2aaf5fa/cli-fixture/scripts/network-bench-lifecycle.mjs:11:10)
    at file:///C:/project/hackton-2026-tbd/trading/evidence/2026-09-21T13-26-08-766Z-network-bench-lifecycle-b2aaf5fa/cli-fixture/scripts/network-bench.mjs:52:1
    at ModuleJob.run (node:internal/modules/esm/module_job:439:25)
    at async node:internal/modules/esm/loader:643:26
    at async asyncRunEntryPointWithESMLoader (node:internal/modules/run_main:101:5) {
  generatedMessage: false,
  code: 'ERR_ASSERTION',
  actual: 'a7aa245a5bdf0a55c74ee3393264824323a424a1f85bcf250d26bc03656ba62a',
  expected: '0000000000000000000000000000000000000000000000000000000000000000',
  operator: 'strictEqual',
  diff: 'simple'
}

Node.js v24.19.0
