PASS PC inputs: empty/duplicates/long names/counts/N-range/XSS/individual count
PASS PC end-to-end: 20 balls, first winner, rapid clicks, pause/resume, replay
PASS 4 map selection and real 60-ball maximum performance, last winner
PASS Mobile 390x844 touch: per-person balls → Nth → pause → result → replay
PASS Mobile maximum: 60 balls, reduced motion and frame timing
PASS Responsive, keyboard, mute, visibility pause
{
  "passed": 6,
  "failed": 0,
  "performance": [
    {
      "map": "neon",
      "device": "desktop 1440x1000",
      "balls": 60,
      "samples": 196,
      "meanFrameCostMs": 3.1040816327024783,
      "p95FrameCostMs": 4.5,
      "p95FrameIntervalMs": 33.400000000000546,
      "fps": 35.53041838880429
    },
    {
      "map": "orbit",
      "device": "desktop 1440x1000",
      "balls": 60,
      "samples": 215,
      "meanFrameCostMs": 2.283255813859923,
      "p95FrameCostMs": 3,
      "p95FrameIntervalMs": 33.400000000001455,
      "fps": 38.97469364078021
    },
    {
      "map": "zigzag",
      "device": "desktop 1440x1000",
      "balls": 60,
      "samples": 240,
      "meanFrameCostMs": 1.997916666806365,
      "p95FrameCostMs": 2.899999998509884,
      "p95FrameIntervalMs": 33.39999999999418,
      "fps": 43.1158378844496
    },
    {
      "map": "split",
      "device": "desktop 1440x1000",
      "balls": 60,
      "samples": 302,
      "meanFrameCostMs": 1.945033112627189,
      "p95FrameCostMs": 2.899999998509884,
      "p95FrameIntervalMs": 33.30000000001746,
      "fps": 54.090843960452816
    },
    {
      "map": "neon",
      "device": "mobile emulation 390x844 DPR2",
      "balls": 60,
      "samples": 270,
      "meanFrameCostMs": 2.5703703703979652,
      "p95FrameCostMs": 3.5,
      "p95FrameIntervalMs": 33.399999999999636,
      "fps": 48.79723843776546
    }
  ]
}
