PASS return portal {
  device: 'desktop',
  map: 'orbit',
  status: 'PASS',
  returns: 8,
  time: 59.86434569133935,
  goalOnlyRanks: 20,
  pausePreservesTransit: true,
  exactBrowserReplay: true,
  errors: []
}
PASS return portal {
  device: 'desktop',
  map: 'split',
  status: 'PASS',
  returns: 13,
  time: 80.56886398526113,
  goalOnlyRanks: 20,
  pausePreservesTransit: true,
  exactBrowserReplay: true,
  errors: []
}
PASS return portal {
  device: 'mobile',
  map: 'orbit',
  status: 'PASS',
  returns: 8,
  time: 59.86434569133935,
  goalOnlyRanks: 20,
  pausePreservesTransit: true,
  exactBrowserReplay: true,
  errors: []
}
PASS return portal {
  device: 'mobile',
  map: 'split',
  status: 'PASS',
  returns: 13,
  time: 80.56886398526113,
  goalOnlyRanks: 20,
  pausePreservesTransit: true,
  exactBrowserReplay: true,
  errors: []
}
