✔ course variety: one or two goals per map, five Cloud ramps, Garden timing gate, Candy side bumpers (2.260458ms)
✔ Garden final flower gate physically blocks and opens with its rotation (4.444792ms)
✔ all new rides activate in natural seeded races and finish with contained unique arrivals (56849.993833ms)
✔ magnet and cannon capture at physical position for 0.5–1 seconds; pause freezes pose and ball (221.408875ms)
✔ each device stores multiple incoming balls with independent randomized release times (19.777709ms)
✔ cannon boost cannot tunnel through a pin or boundary (7.530584ms)
✔ device capture, timing and launch are deterministic and varied across seeds (3.590625ms)
✔ first/Nth stop at the actual target crossing; last stops with one unfinished ball (19783.173791ms)
✔ ending rule preserves the prefix of the same physical race and has no chosen winner (11525.800875ms)
✔ same-substep ties stop by crossing time and seeded priority without extra ranks (2.118625ms)
✔ 1x and 3x step chunks stop at identical positions, time, winner and ranks (8052.426917ms)
✔ random 3–5 second motion is deterministic, bounded, smooth and independent of participants (19.795917ms)
✔ shared board force acts equally on identical balls, with actual velocity change (11.267916ms)
✔ each map has different rotor magnitudes and both directions, with matching surface velocities (0.155916ms)
✔ pause freezes active board motion and stepping chunks preserve the exact race (3049.60675ms)
✔ orbit single-ball oscillation is detected and escapes without fabricated finish (253.6115ms)
✔ windmill blades share an actual perpendicular collider and pirate velocity matches its swing (0.4065ms)
✔ all four maps with motion: 120 seeded races remain contained and finish with unique real ranks (248443.459625ms)
✔ participants: defaults, explicit counts, duplicate labels, Unicode and literal markup (4.29675ms)
✔ reject empty, long, excessive and invalid counts without silently clamping (1.541125ms)
✔ rule validation and ball-based N range (0.514834ms)
✔ start/pause/resume are idempotent; all phases freeze including rotations (15.996709ms)
✔ finish order is crossing time, not ball list; exact ties use seeded tie key (0.940625ms)
✔ fixed stepping: frame chunking cannot change winner or ordered finish times (3050.465625ms)
✔ one physical seed, all rules: choosing the winner never changes the race (3477.276166ms)
✔ escape impulse after stagnation, invalid timeout cancels an earlier winner (0.825458ms)
✔ fast wall and pin impacts remain inside the board (2.034917ms)
✔ all 4 maps × 10 seeds × 1/20/60 balls: complete, containment, unique ordering, finite values (243363.790833ms)
✔ finish requires an exit throat; crossing between holes never ranks (0.448541ms)
✔ return throat never ranks or wins; goal throat alone produces an arrival (11.061458ms)
✔ return sink and fall both freeze on pause; landing returns to the actual middle of the board (12.401458ms)
✔ repeated returns are explicit game events, never duplicate finishes (9.573333ms)
✔ first target stops with a returning opponent still unfinished; replay does not advance its portal (3.303ms)
✔ 60-second finale blocks new return entry while balls already inside can drain without being ranked (0.490042ms)
ℹ tests 34
ℹ suites 0
ℹ pass 34
ℹ fail 0
ℹ cancelled 0
ℹ skipped 0
ℹ todo 0
ℹ duration_ms 251893.210333
