PASS lotto desktop first {
  numbers: [ 6, 7, 19, 20, 26, 44 ],
  bonus: 28,
  bonusArrived: true,
  mainRanks: [ 1, 2, 3, 4, 5, 6 ],
  bonusRank: 7,
  order: 'first'
}
PASS lotto desktop last {
  numbers: [ 13, 24, 27, 30, 36, 42 ],
  bonus: 32,
  bonusArrived: false,
  mainRanks: [ 39, 40, 41, 42, 43, 44 ],
  bonusRank: 45,
  order: 'last'
}
PASS lotto mobile first {
  numbers: [ 6, 7, 19, 20, 26, 44 ],
  bonus: 28,
  bonusArrived: true,
  mainRanks: [ 1, 2, 3, 4, 5, 6 ],
  bonusRank: 7,
  order: 'first'
}
PASS lotto mobile last {
  numbers: [ 13, 24, 27, 30, 36, 42 ],
  bonus: 32,
  bonusArrived: false,
  mainRanks: [ 39, 40, 41, 42, 43, 44 ],
  bonusRank: 45,
  order: 'last'
}
