PASS return portal {
  device: 'desktop',
  map: 'orbit',
  status: 'PASS',
  returns: 13,
  time: 79.30334638438217,
  goalOnlyRanks: 20,
  pausePreservesTransit: true,
  exactBrowserReplay: true,
  errors: []
}
PASS return portal {
  device: 'desktop',
  map: 'split',
  status: 'PASS',
  returns: 10,
  time: 58.20164330117262,
  goalOnlyRanks: 20,
  pausePreservesTransit: true,
  exactBrowserReplay: true,
  errors: []
}
PASS return portal {
  device: 'mobile',
  map: 'orbit',
  status: 'PASS',
  returns: 13,
  time: 79.30334638438217,
  goalOnlyRanks: 20,
  pausePreservesTransit: true,
  exactBrowserReplay: true,
  errors: []
}
PASS return portal {
  device: 'mobile',
  map: 'split',
  status: 'PASS',
  returns: 10,
  time: 58.20164330117262,
  goalOnlyRanks: 20,
  pausePreservesTransit: true,
  exactBrowserReplay: true,
  errors: []
}
