✔ course variety: one or two goals per map, five Cloud ramps, Garden timing gate, Candy side bumpers (3.922833ms)
✔ Garden final flower gate physically blocks and opens with its rotation (10.882542ms)
✔ all new rides activate in natural seeded races and finish with contained unique arrivals (90573.310791ms)
✔ magnet and cannon capture at physical position for 0.5–1 seconds; pause freezes pose and ball (278.399708ms)
✔ each device stores multiple incoming balls with independent randomized release times (23.680333ms)
✔ cannon boost cannot tunnel through a pin or boundary (4.7625ms)
✔ device capture, timing and launch are deterministic and varied across seeds (4.3745ms)
✔ cannons complete a full revolution every 0.4 physical seconds in either direction (0.7465ms)
✔ first/Nth stop at the actual target crossing; last stops with one unfinished ball (29468.480875ms)
✔ ending rule preserves the prefix of the same physical race and has no chosen winner (19252.88675ms)
✔ same-substep ties stop by crossing time and seeded priority without extra ranks (1.486375ms)
✔ 1x and 3x step chunks stop at identical positions, time, winner and ranks (11420.936167ms)
✔ lotto has exactly one identically sized ball per number 1–45, independent of player input (13.113167ms)
✔ lotto results use actual first six plus seventh, or ranks 39–44 plus unarrived last bonus (33586.370167ms)
✔ incomplete and invalid lotto rounds never expose winning numbers (0.463416ms)
✔ random 3–5 second motion is deterministic, bounded, smooth and independent of participants (38.320333ms)
✔ shared board force acts equally on identical balls, with actual velocity change (21.068292ms)
✔ each map has different rotor magnitudes and both directions, with matching surface velocities (0.132458ms)
✔ pause freezes active board motion and stepping chunks preserve the exact race (2896.423084ms)
✔ orbit natural stagnation receives an impulse and finishes through the real goal (64.619333ms)
✔ windmill blades share an actual perpendicular collider and pirate velocity matches its swing (0.325625ms)
✔ all five maps with motion: 150 seeded races remain contained and finish with unique real ranks (468417.301042ms)
✔ comma-separated entries and name*count are explicit, with whitespace and duplicate labels (5.349708ms)
✔ Parade holds multiple balls independently for 0.8–1.5 seconds and freezes every timer when paused (125.43525ms)
✔ Parade has one goal, six central cannons and a final gate that physically opens and blocks (0.5715ms)
✔ participants: defaults, explicit counts, duplicate labels, Unicode and literal markup (1.269083ms)
✔ reject empty, long, excessive and invalid counts without silently clamping (0.374459ms)
✔ rule validation and ball-based N range (0.162125ms)
✔ start/pause/resume are idempotent; all phases freeze including rotations (11.601875ms)
✔ finish order is crossing time, not ball list; exact ties use seeded tie key (2.933208ms)
✔ fixed stepping: frame chunking cannot change winner or ordered finish times (2955.483834ms)
✔ one physical seed, all rules: choosing the winner never changes the race (4254.790042ms)
✔ escape impulse after stagnation, invalid timeout cancels an earlier winner (1.015584ms)
✔ fast wall and pin impacts remain inside the board (5.395291ms)
✔ all 5 maps × 10 seeds × 1/20/60 balls: complete, containment, unique ordering, finite values (327827.181791ms)
✔ finish requires an exit throat; crossing between holes never ranks (0.375792ms)
✔ return throat never ranks or wins; goal throat alone produces an arrival (36.980791ms)
✔ return sink and fall both freeze on pause; landing returns to the actual middle of the board (14.692458ms)
✔ repeated returns are explicit game events, never duplicate finishes (3.8275ms)
✔ first target stops with a returning opponent still unfinished; replay does not advance its portal (3.8455ms)
✔ 60-second finale blocks new return entry while balls already inside can drain without being ranked (0.445709ms)
ℹ tests 41
ℹ suites 0
ℹ pass 41
ℹ fail 0
ℹ cancelled 0
ℹ skipped 0
ℹ todo 0
ℹ duration_ms 471552.414417
