PASS lotto desktop first {
  numbers: [ 1, 3, 19, 33, 43, 45 ],
  bonus: 26,
  bonusArrived: true,
  mainRanks: [ 1, 2, 3, 4, 5, 6 ],
  bonusRank: 7,
  order: 'first'
}
PASS lotto desktop last {
  numbers: [ 21, 23, 25, 27, 29, 42 ],
  bonus: 8,
  bonusArrived: false,
  mainRanks: [ 39, 40, 41, 42, 43, 44 ],
  bonusRank: null,
  order: 'last'
}
PASS lotto mobile first {
  numbers: [ 1, 3, 19, 33, 43, 45 ],
  bonus: 26,
  bonusArrived: true,
  mainRanks: [ 1, 2, 3, 4, 5, 6 ],
  bonusRank: 7,
  order: 'first'
}
PASS lotto mobile last {
  numbers: [ 21, 23, 25, 27, 29, 42 ],
  bonus: 8,
  bonusArrived: false,
  mainRanks: [ 39, 40, 41, 42, 43, 44 ],
  bonusRank: null,
  order: 'last'
}
