✔ course variety: one or two goals per map, five Cloud ramps, Garden timing gate, Candy side bumpers (1.210208ms)
✔ Garden final flower gate physically blocks and opens with its rotation (5.680041ms)
✔ all new rides activate in natural seeded races and finish with contained unique arrivals (107653.503042ms)
✔ magnet and cannon capture at physical position for 0.5–1 seconds; pause freezes pose and ball (210.161333ms)
✔ each device stores multiple incoming balls with independent randomized release times (22.468958ms)
✔ cannon boost cannot tunnel through a pin or boundary (11.299208ms)
✔ device capture, timing and launch are deterministic and varied across seeds (4.49425ms)
✔ cannons complete a full revolution every 0.4 physical seconds in either direction (0.557584ms)
✔ first/Nth stop at the actual target crossing; last stops with one unfinished ball (34547.118958ms)
✔ ending rule preserves the prefix of the same physical race and has no chosen winner (23368.233083ms)
✔ same-substep ties stop by crossing time and seeded priority without extra ranks (2.322416ms)
✔ 1x and 3x step chunks stop at identical positions, time, winner and ranks (14379.687583ms)
✔ lotto has exactly one identically sized ball per number 1–45, independent of player input (7.540041ms)
✔ lotto results use actual first six plus seventh, or ranks 39–44 plus unarrived last bonus (43346.613042ms)
✔ incomplete and invalid lotto rounds never expose winning numbers (0.243125ms)
✔ random 3–5 second motion is deterministic, bounded, smooth and independent of participants (58.792708ms)
✔ shared board force acts equally on identical balls, with actual velocity change (16.079458ms)
✔ each map has different rotor magnitudes and both directions, with matching surface velocities (0.753125ms)
✔ pause freezes active board motion and stepping chunks preserve the exact race (3381.342292ms)
✔ orbit natural stagnation receives an impulse and finishes through the real goal (260.718292ms)
✔ windmill blades share an actual perpendicular collider and pirate velocity matches its swing (0.361041ms)
✔ all five maps with motion: 150 seeded races remain contained and finish with unique real ranks (559323.755666ms)
✔ comma-separated entries and name*count are explicit, with whitespace and duplicate labels (2.048542ms)
✔ Parade holds multiple balls independently for 0.8–1.5 seconds and freezes every timer when paused (178.955167ms)
✔ Parade has one goal, nine central cannons and a final gate that physically opens and blocks (1.06575ms)
✔ participants: defaults, explicit counts, duplicate labels, Unicode and literal markup (2.141042ms)
✔ reject empty, long, excessive and invalid counts without silently clamping (15.336084ms)
✔ rule validation and ball-based N range (1.900875ms)
✔ start/pause/resume are idempotent; all phases freeze including rotations (37.1815ms)
✔ finish order is crossing time, not ball list; exact ties use seeded tie key (2.081292ms)
✔ fixed stepping: frame chunking cannot change winner or ordered finish times (3280.488333ms)
✔ one physical seed, all rules: choosing the winner never changes the race (4674.194583ms)
✔ escape impulse after stagnation, invalid timeout cancels an earlier winner (0.714583ms)
✔ fast wall and pin impacts remain inside the board (4.99175ms)
✔ all 5 maps × 10 seeds × 1/20/60 balls: complete, containment, unique ordering, finite values (358637.821375ms)
✔ finish requires an exit throat; crossing between holes never ranks (0.4475ms)
✔ return throat never ranks or wins; goal throat alone produces an arrival (5.899708ms)
✔ return sink and fall both freeze on pause; landing returns to the actual middle of the board (8.744292ms)
✔ repeated returns are explicit game events, never duplicate finishes (2.138334ms)
✔ first target stops with a returning opponent still unfinished; replay does not advance its portal (0.626125ms)
✔ 60-second finale blocks new return entry while balls already inside can drain without being ranked (0.501625ms)
ℹ tests 41
ℹ suites 0
ℹ pass 41
ℹ fail 0
ℹ cancelled 0
ℹ skipped 0
ℹ todo 0
ℹ duration_ms 563140.037167
