[2m[WebServer] [22m(node:49995) Warning: The 'NO_COLOR' env is ignored due to the 'FORCE_COLOR' env being set.
[2m[WebServer] [22m(Use `node --trace-warnings ...` to show where the warning was created)

Running 23 tests using 1 worker

[2m[WebServer] [22m{"event":"trading_start_failed","code":"TRADING_START_FAILED","message":"Demo port 5175 is unavailable on 127.0.0.1 (EADDRINUSE); existing processes were not changed"}
(node:49998) Warning: The 'NO_COLOR' env is ignored due to the 'FORCE_COLOR' env being set.
(Use `node --trace-warnings ...` to show where the warning was created)
(node:49998) Warning: The 'NO_COLOR' env is ignored due to the 'FORCE_COLOR' env being set.
(Use `node --trace-warnings ...` to show where the warning was created)
  ✓   1 tests/e2e/maneuver.spec.mjs:5:1 › reverses into an actual Daecheon bay, pauses for shifts and finishes with the nose facing the aisle (15.6s)
  ✓   2 tests/e2e/maneuver.spec.mjs:15:1 › drives the source ramp with pitch, reports the height assumption and rejects insufficient grade allowance (13.5s)
  ✓   3 tests/e2e/maneuver.spec.mjs:22:1 › connects two synthetic floors to an elevated bay, isolates floors and keeps all controls reachable on mobile (12.6s)
  ✓   4 tests/e2e/maneuver.spec.mjs:32:1 › cancels stale parking calculations when the user changes drawings and shows source doors and colored signs (6.4s)
  ✓   5 tests/e2e/parking.spec.mjs:8:1 › public B2 source converts to actual WebGL meshes, with original and data export (9.2s)
  ✓   6 tests/e2e/parking.spec.mjs:15:1 › drives through exterior road and entrance to EV, supports cameras and pauses (4.1s)
  ✓   7 tests/e2e/parking.spec.mjs:26:1 › fire starts at current position, switches to human and fails closed when exits are blocked (3.8s)
  ✓   8 tests/e2e/parking.spec.mjs:33:1 › photo-derived facade and mapped buildings preserve geographic source attribution (7.3s)
  ✓   9 tests/e2e/parking.spec.mjs:39:1 › imports semantic SVG and rejects executable and corrupt input without losing current scene (3.1s)
  ✓  10 tests/e2e/parking.spec.mjs:44:1 › actual Naver-located building routes from acquired OSM road through the drawn entrance (5.8s)
  ✓  11 tests/e2e/parking.spec.mjs:48:1 › parks inside a source bay with suitable dimensions and previews a proposed charger destination (9.3s)
  ✓  12 tests/e2e/parking.spec.mjs:57:1 › mobile source selection and 3D controls remain usable without horizontal overflow (2.8s)
  ✓  13 tests/e2e/parking.spec.mjs:62:1 › existing park exposes the new attraction, shared launch route and root quality dashboard (16.6s)
  ✓  14 tests/e2e/parking.spec.mjs:66:1 › real place inventory includes parks and public parking without counting floors as buildings (10.2s)
  ✓  15 tests/e2e/parking.spec.mjs:74:1 › actual station data drives disclosed green and red screening, filters and export (9.1s)
  ✓  16 tests/e2e/parking.spec.mjs:85:1 › accessible bays stay visible, realistic objects accept multiple textures and drawing details preserve OCR (11.9s)
  ✓  17 tests/e2e/parking.spec.mjs:94:1 › mobile charging settings and all drawing information remain reachable (4.8s)
  ✓  18 tests/e2e/parking.spec.mjs:99:1 › imports an actual PDF and keeps its drawing preview separate from the previously selected source (4.7s)
  ✓  19 tests/e2e/parking.spec.mjs:105:1 › shows detected parking as review candidates while preserving high-resolution provenance and charging inputs (10.3s)
  ✓  20 tests/e2e/parking.spec.mjs:120:1 › guides to a clicked source parking bay through the real drawing aisles and arrives without crossing walls (10.7s)
  ✓  21 tests/e2e/parking.spec.mjs:130:1 › follows Dongtan one-way aisles and offers an explicit origin change for the separate east deck (6.9s)
  ✓  22 tests/e2e/parking.spec.mjs:150:1 › compares native drawings, grayscale and overlapping tiles across the entire library (7.2s)
  ✓  23 tests/e2e/parking.spec.mjs:167:1 › serves all native artifacts and provides usable mobile tile zoom without affecting source routes (3.3s)

  23 passed (3.2m)
