{"fixture":"real_windows_missing_pid","current_test_pid":15072,"exited_fixture_pid":18900,"child_exit_code":0,"result":{"resources":[{"Id":15072,"ProcessName":"node","WorkingSet64":54337536,"PrivateMemorySize64":23605248,"CPU":0.09375,"Handles":215}],"resource_collection":{"started_at":"2026-09-21T13:42:06.902Z","requested_processes":[{"pid":15072,"name":"current-test"},{"pid":18900,"name":"normally-exited-fixture"}],"requested_pids":[15072,18900],"ended_at":"2026-09-21T13:42:07.444Z","status":"partial","complete":false,"returned_pids":[15072],"missing_pids":[18900],"invalid_counter_pids":[],"command_error":{"message":"Command failed: powershell.exe -NoProfile -NonInteractive -Command Get-Process -Id 15072,18900 -ErrorAction SilentlyContinue | Select-Object Id,ProcessName,WorkingSet64,PrivateMemorySize64,CPU,Handles | ConvertTo-Json -Compress","exit_status":1,"signal":null,"code":null},"stdout":"{\"Id\":15072,\"ProcessName\":\"node\",\"WorkingSet64\":54337536,\"PrivateMemorySize64\":23605248,\"CPU\":0.09375,\"Handles\":215}\r\n","stderr":""}}}
✔ one missing PID preserves the other 13 rows and exact nonzero-exit output (6.1632ms)
✔ successful one-PID JSON objects become normal complete row arrays (0.9397ms)
✔ zero exit cannot hide missing rows and unavailable counters stay unavailable (0.7367ms)
✔ malformed or empty failure output retains evidence without zero process readings (0.8468ms)
✔ nonzero exit stays partial even when every requested row was captured (0.3938ms)
✔ invalid requested PIDs never reach PowerShell (0.3502ms)
✔ duplicate requested role PIDs are rejected before executing or claiming completeness (0.4122ms)
✔ real Windows Get-Process keeps this test process when an owned child PID has exited (679.5536ms)
✔ CPU deltas are normalized by logical CPUs and weighted by elapsed time (5.0806ms)
✔ real zero activity is valid while missing and non-finite counters are excluded (0.6401ms)
✔ standby gaps and backwards timestamps are not included in active CPU means (0.2904ms)
✔ process churn and counter resets cannot turn into fabricated low CPU (0.2421ms)
✔ missing capacity metadata and impossible CPU deltas remain unavailable (0.2065ms)
✔ null process readings are excluded without aborting the report (0.1774ms)
✔ incomplete memory samples cannot become zero totals or NaN maxima (0.7711ms)
✔ reused UI PID with another process name is excluded from memory even at the expected count (0.8041ms)
✔ two consecutive readings of a reused PID cannot establish a new tracked CPU group (0.4268ms)
ℹ tests 17
ℹ suites 0
ℹ pass 17
ℹ fail 0
ℹ cancelled 0
ℹ skipped 0
ℹ todo 0
ℹ duration_ms 857.5261
