   Compiling proc-macro2 v1.0.107
   Compiling quote v1.0.47
   Compiling unicode-ident v1.0.26
   Compiling itoa v1.0.18
   Compiling bytes v1.12.1
   Compiling cfg-if v1.0.5
   Compiling pin-project-lite v0.2.17
   Compiling futures-core v0.3.34
   Compiling windows-link v0.2.1
   Compiling version_check v0.9.5
   Compiling zerocopy v0.8.57
   Compiling typenum v1.20.1
   Compiling getrandom v0.3.4
   Compiling httparse v1.10.1
   Compiling serde_core v1.0.229
   Compiling once_cell v1.21.4
   Compiling windows-sys v0.61.2
   Compiling log v0.4.34
   Compiling tower-service v0.3.3
   Compiling thiserror v2.0.20
   Compiling slab v0.4.12
   Compiling tracing-core v0.1.36
   Compiling serde v1.0.229
   Compiling tower-layer v0.3.3
   Compiling generic-array v0.14.7
   Compiling futures-sink v0.3.34
   Compiling zmij v1.0.23
   Compiling winapi-x86_64-pc-windows-gnu v0.4.0
   Compiling futures-task v0.3.34
   Compiling http v1.5.0
   Compiling cpufeatures v0.2.17
   Compiling tracing v0.1.44
   Compiling futures-channel v0.3.34
   Compiling atomic-waker v1.1.2
   Compiling winapi v0.3.9
   Compiling percent-encoding v2.3.2
   Compiling sync_wrapper v1.0.2
   Compiling http-body v1.1.0
   Compiling httpdate v1.0.3
   Compiling rand_core v0.9.5
   Compiling data-encoding v2.11.1
   Compiling socket2 v0.6.5
   Compiling mio v1.2.3
   Compiling http-body-util v0.1.5
   Compiling crossbeam-utils v0.8.23
   Compiling serde_json v1.0.151
   Compiling smallvec v1.16.1
   Compiling form_urlencoded v1.2.2
   Compiling syn v3.0.6
   Compiling ryu v1.0.23
   Compiling crc32fast v1.5.2
   Compiling mime v0.3.17
   Compiling memchr v2.8.3
   Compiling getrandom v0.4.3
   Compiling bitflags v2.13.2
   Compiling block-buffer v0.10.4
   Compiling crypto-common v0.1.7
   Compiling axum-core v0.5.6
   Compiling matchit v0.8.4
   Compiling digest v0.10.7
   Compiling base64 v0.22.1
   Compiling tower-http v0.6.11
   Compiling fastrand v2.5.0
   Compiling sha1 v0.10.7
   Compiling crossbeam-channel v0.5.17
   Compiling tempfile v3.27.0
   Compiling serde_path_to_error v0.1.20
   Compiling fs2 v0.4.3
   Compiling tokio-macros v2.7.2
   Compiling futures-macro v0.3.34
   Compiling thiserror-impl v2.0.20
   Compiling serde_derive v1.0.229
   Compiling ppv-lite86 v0.2.21
   Compiling tokio v1.53.1
   Compiling futures-util v0.3.34
   Compiling rand_chacha v0.9.0
   Compiling rand v0.9.5
   Compiling tungstenite v0.29.0
   Compiling serde_urlencoded v0.7.1
   Compiling hyper v1.11.1
   Compiling tokio-tungstenite v0.29.0
   Compiling tower v0.5.3
   Compiling hyper-util v0.1.20
   Compiling axum v0.8.9
   Compiling leave-exchange v0.1.0 (C:\project\hackton-2026-tbd\trading\engine)
    Finished `test` profile [unoptimized + debuginfo] target(s) in 47.92s
  Executable unittests src\lib.rs (engine\target\debug\deps\leave_exchange-7bee789497c12ce2.exe)
  Executable unittests src\main.rs (engine\target\debug\deps\leave_engine-32e052be72c9a8a3.exe)
  Executable tests\core_reference.rs (engine\target\debug\deps\core_reference-32291861488032a2.exe)
  Executable tests\core_rules.rs (engine\target\debug\deps\core_rules-40febeb2c124c90a.exe)
  Executable tests\storage_recovery.rs (engine\target\debug\deps\storage_recovery-c0a6b816a39399a9.exe)
