   Compiling proc-macro2 v1.0.107
   Compiling unicode-ident v1.0.26
   Compiling quote v1.0.47
   Compiling itoa v1.0.18
   Compiling bytes v1.12.1
   Compiling pin-project-lite v0.2.17
   Compiling cfg-if v1.0.5
   Compiling futures-core v0.3.34
   Compiling version_check v0.9.5
   Compiling windows-link v0.2.1
   Compiling getrandom v0.3.4
   Compiling zerocopy v0.8.57
   Compiling typenum v1.20.1
   Compiling httparse v1.10.1
   Compiling serde_core v1.0.229
   Compiling log v0.4.34
   Compiling windows-sys v0.61.2
   Compiling once_cell v1.21.4
   Compiling tower-service v0.3.3
   Compiling thiserror v2.0.20
   Compiling winapi-x86_64-pc-windows-gnu v0.4.0
   Compiling futures-sink v0.3.34
   Compiling serde v1.0.229
   Compiling cpufeatures v0.2.17
   Compiling tracing-core v0.1.36
   Compiling generic-array v0.14.7
   Compiling slab v0.4.12
   Compiling zmij v1.0.23
   Compiling tower-layer v0.3.3
   Compiling futures-task v0.3.34
   Compiling http v1.5.0
   Compiling tracing v0.1.44
   Compiling futures-channel v0.3.34
   Compiling serde_json v1.0.151
   Compiling percent-encoding v2.3.2
   Compiling sync_wrapper v1.0.2
   Compiling crossbeam-utils v0.8.23
error: dlltool could not create import library with C:\project\hackton-2026-tbd\trading\.tools\rustup\toolchains\stable-x86_64-pc-windows-gnu\lib\rustlib\x86_64-pc-windows-gnu\bin\self-contained\dlltool.exe -d C:\project\hackton-2026-tbd\trading\engine\target\debug\deps\rustcfE5Kob\bcryptprimitives.dll_imports.def -D bcryptprimitives.dll -l C:\project\hackton-2026-tbd\trading\engine\target\debug\deps\rustcfE5Kob\bcryptprimitives.dll_imports.lib -m i386:x86-64 -f --64 --no-leading-underscore --temp-prefix bcryptprimitives.dll:
       
       C:\project\hackton-2026-tbd\trading\.tools\rustup\toolchains\stable-x86_64-pc-windows-gnu\lib\rustlib\x86_64-pc-windows-gnu\bin\self-contained\dlltool.exe: CreateProcess␍
       

error: could not compile `getrandom` (lib) due to 1 previous error
warning: build failed, waiting for other jobs to finish...
error: dlltool could not create import library with C:\project\hackton-2026-tbd\trading\.tools\rustup\toolchains\stable-x86_64-pc-windows-gnu\lib\rustlib\x86_64-pc-windows-gnu\bin\self-contained\dlltool.exe -d C:\project\hackton-2026-tbd\trading\engine\target\debug\deps\rustcRPCqgI\ntdll.dll_imports.def -D ntdll.dll -l C:\project\hackton-2026-tbd\trading\engine\target\debug\deps\rustcRPCqgI\ntdll.dll_imports.lib -m i386:x86-64 -f --64 --no-leading-underscore --temp-prefix ntdll.dll:
       
       C:\project\hackton-2026-tbd\trading\.tools\rustup\toolchains\stable-x86_64-pc-windows-gnu\lib\rustlib\x86_64-pc-windows-gnu\bin\self-contained\dlltool.exe: CreateProcess␍
       

error: could not compile `windows-sys` (lib) due to 1 previous error
