[main 0aa1fad] fix(trading): restore automatic startup in unified Park router
 115 files changed, 10847 insertions(+), 23 deletions(-)
 create mode 100644 trading/evidence/2026-09-21T14-20-12-134Z-trading-proxy-origin-review-a9ec8547/metadata.json
 create mode 100644 trading/evidence/2026-09-21T14-20-12-134Z-trading-proxy-origin-review-a9ec8547/park__server.mjs
 create mode 100644 trading/evidence/2026-09-21T14-20-12-134Z-trading-proxy-origin-review-a9ec8547/park__server__apps.mjs
 create mode 100644 trading/evidence/2026-09-21T14-20-12-134Z-trading-proxy-origin-review-a9ec8547/park__server__routes.mjs
 create mode 100644 trading/evidence/2026-09-21T14-20-12-134Z-trading-proxy-origin-review-a9ec8547/park__server__trading-proxy.mjs
 create mode 100644 trading/evidence/2026-09-21T14-20-12-134Z-trading-proxy-origin-review-a9ec8547/review.md
 create mode 100644 trading/evidence/2026-09-21T14-20-12-134Z-trading-proxy-origin-review-a9ec8547/trading__engine__src__main.rs
 create mode 100644 trading/evidence/2026-09-21T14-20-12-134Z-trading-proxy-origin-review-a9ec8547/trading__scripts__demo.mjs
 create mode 100644 trading/evidence/2026-09-21T14-21-47-455Z-park-router-startup-4ab8314f/README.md
 create mode 100644 trading/evidence/2026-09-21T14-21-47-455Z-park-router-startup-4ab8314f/source-sha256.json
 create mode 100644 trading/evidence/2026-09-21T14-21-47-455Z-park-router-startup-4ab8314f/source/park-router-startup.mjs
 create mode 100644 trading/evidence/2026-09-21T14-21-47-455Z-park-router-startup-4ab8314f/source/park-router-startup.test.mjs
 create mode 100644 trading/evidence/2026-09-21T14-21-47-455Z-park-router-startup-4ab8314f/test-output.log
 create mode 100644 trading/evidence/2026-09-21T14-21-47-455Z-park-router-startup-4ab8314f/test-tool-result.json
 create mode 100644 trading/evidence/2026-09-21T14-23-33-402Z-trading-router-followup-review-56cb2464/metadata.json
 create mode 100644 trading/evidence/2026-09-21T14-23-33-402Z-trading-router-followup-review-56cb2464/node-http-server-excerpts.txt
 create mode 100644 trading/evidence/2026-09-21T14-23-33-402Z-trading-router-followup-review-56cb2464/park__server.mjs
 create mode 100644 trading/evidence/2026-09-21T14-23-33-402Z-trading-router-followup-review-56cb2464/park__server__trading-proxy.mjs
 create mode 100644 trading/evidence/2026-09-21T14-23-33-402Z-trading-router-followup-review-56cb2464/review.md
 create mode 100644 trading/evidence/2026-09-21T14-23-33-402Z-trading-router-followup-review-56cb2464/trading__scripts__park-router-startup.mjs
 create mode 100644 trading/evidence/2026-09-21T14-23-33-402Z-trading-router-followup-review-56cb2464/trading__scripts__park-router-startup.test.mjs
 create mode 100644 trading/evidence/2026-09-21T14-25-34-030Z-park-proxy-integration-0b408ce2/README.md
 create mode 100644 trading/evidence/2026-09-21T14-25-34-030Z-park-proxy-integration-0b408ce2/analysis-command.json
 create mode 100644 trading/evidence/2026-09-21T14-25-34-030Z-park-proxy-integration-0b408ce2/analysis.json
 create mode 100644 trading/evidence/2026-09-21T14-25-34-030Z-park-proxy-integration-0b408ce2/analysis.log
 create mode 100644 trading/evidence/2026-09-21T14-25-34-030Z-park-proxy-integration-0b408ce2/analyze.mjs
 create mode 100644 trading/evidence/2026-09-21T14-25-34-030Z-park-proxy-integration-0b408ce2/delivery.json
 create mode 100644 trading/evidence/2026-09-21T14-25-34-030Z-park-proxy-integration-0b408ce2/denied-cases.json
 create mode 100644 trading/evidence/2026-09-21T14-25-34-030Z-park-proxy-integration-0b408ce2/engine.stderr.log
 create mode 100644 trading/evidence/2026-09-21T14-25-34-030Z-park-proxy-integration-0b408ce2/engine.stdout.log
 create mode 100644 trading/evidence/2026-09-21T14-25-34-030Z-park-proxy-integration-0b408ce2/events.jsonl
 create mode 100644 trading/evidence/2026-09-21T14-25-34-030Z-park-proxy-integration-0b408ce2/final-state.json
 create mode 100644 trading/evidence/2026-09-21T14-25-34-030Z-park-proxy-integration-0b408ce2/forwarded-requests.json
 create mode 100644 trading/evidence/2026-09-21T14-25-34-030Z-park-proxy-integration-0b408ce2/initial-state.json
 create mode 100644 trading/evidence/2026-09-21T14-25-34-030Z-park-proxy-integration-0b408ce2/report.json
 create mode 100644 trading/evidence/2026-09-21T14-25-34-030Z-park-proxy-integration-0b408ce2/source/demo-lifecycle.mjs
 create mode 100644 trading/evidence/2026-09-21T14-25-34-030Z-park-proxy-integration-0b408ce2/source/network-bench-lifecycle.mjs
 create mode 100644 trading/evidence/2026-09-21T14-25-34-030Z-park-proxy-integration-0b408ce2/source/park-proxy.integration.test.mjs
 create mode 100644 trading/evidence/2026-09-21T14-25-34-030Z-park-proxy-integration-0b408ce2/source/trading-proxy.mjs
 create mode 100644 trading/evidence/2026-09-21T14-25-34-030Z-park-proxy-integration-0b408ce2/valid-results.json
 create mode 100644 trading/evidence/2026-09-21T14-29-00-605Z-frontend-api-router-review-7f4eae7c/README.md
 create mode 100644 trading/evidence/2026-09-21T14-29-00-605Z-frontend-api-router-review-7f4eae7c/api.after.ts
 create mode 100644 trading/evidence/2026-09-21T14-29-00-605Z-frontend-api-router-review-7f4eae7c/api.before.ts
 create mode 100644 trading/evidence/2026-09-21T14-29-00-605Z-frontend-api-router-review-7f4eae7c/build.log
 create mode 100644 trading/evidence/2026-09-21T14-29-00-605Z-frontend-api-router-review-7f4eae7c/environment.txt
 create mode 100644 trading/evidence/2026-09-21T14-29-00-605Z-frontend-api-router-review-7f4eae7c/format.log
 create mode 100644 trading/evidence/2026-09-21T14-29-00-605Z-frontend-api-router-review-7f4eae7c/protocol.log
 create mode 100644 trading/evidence/2026-09-21T14-29-00-605Z-frontend-api-router-review-7f4eae7c/review.json
 create mode 100644 trading/evidence/2026-09-21T14-29-00-605Z-frontend-api-router-review-7f4eae7c/tool-results.json
 create mode 100644 trading/evidence/2026-09-21T14-29-16-872Z-trading-proxy-final-review-cdf1aa26/metadata.json
 create mode 100644 trading/evidence/2026-09-21T14-29-16-872Z-trading-proxy-final-review-cdf1aa26/park__server.mjs
 create mode 100644 trading/evidence/2026-09-21T14-29-16-872Z-trading-proxy-final-review-cdf1aa26/park__server__trading-proxy.mjs
 create mode 100644 trading/evidence/2026-09-21T14-29-16-872Z-trading-proxy-final-review-cdf1aa26/raw-cross-check.json
 create mode 100644 trading/evidence/2026-09-21T14-29-16-872Z-trading-proxy-final-review-cdf1aa26/review.md
 create mode 100644 trading/evidence/2026-09-21T14-29-16-872Z-trading-proxy-final-review-cdf1aa26/trading__scripts__park-router-startup.mjs
 create mode 100644 trading/evidence/2026-09-21T14-30-31-966Z-park-start-4ffd9bb4/launcher.stderr.log
 create mode 100644 trading/evidence/2026-09-21T14-30-31-966Z-park-start-4ffd9bb4/launcher.stdout.log
 create mode 100644 trading/evidence/20260921T141355128Z-cow-quiet-a-preparation-97da6b86/audit.json
 create mode 100644 trading/evidence/20260921T141355128Z-cow-quiet-a-preparation-97da6b86/delivery.json
 create mode 100644 trading/evidence/20260921T141355128Z-cow-quiet-a-preparation-97da6b86/plan.json
 create mode 100644 trading/evidence/20260921T141355128Z-cow-quiet-a-preparation-97da6b86/review.md
 create mode 100644 trading/evidence/20260921T141355128Z-cow-quiet-a-preparation-97da6b86/run-paired.mjs
 create mode 100644 trading/evidence/20260921T141355128Z-cow-quiet-a-preparation-97da6b86/source-baseline/core.rs
 create mode 100644 trading/evidence/20260921T141355128Z-cow-quiet-a-preparation-97da6b86/source-baseline/model.rs
 create mode 100644 trading/evidence/20260921T141355128Z-cow-quiet-a-preparation-97da6b86/source-candidate/core.rs
 create mode 100644 trading/evidence/20260921T141355128Z-cow-quiet-a-preparation-97da6b86/source-candidate/model.rs
 create mode 100644 trading/evidence/20260921T141355128Z-cow-quiet-a-preparation-97da6b86/source-common/Cargo.lock
 create mode 100644 trading/evidence/20260921T141355128Z-cow-quiet-a-preparation-97da6b86/source-common/Cargo.toml
 create mode 100644 trading/evidence/20260921T141355128Z-cow-quiet-a-preparation-97da6b86/source-common/core_bench.rs
 create mode 100644 trading/evidence/20260921T141355128Z-cow-quiet-a-preparation-97da6b86/source-common/current-core-bench-dependencies.txt
 create mode 100644 trading/evidence/20260921T141355128Z-cow-quiet-a-preparation-97da6b86/source-common/env.ps1
 create mode 100644 trading/evidence/20260921T141355128Z-cow-quiet-a-preparation-97da6b86/source-common/lib.rs
 create mode 100644 trading/evidence/20260921T141355128Z-cow-quiet-a-preparation-97da6b86/source-common/storage.rs
 create mode 100644 trading/evidence/20260921T141355128Z-cow-quiet-a-preparation-97da6b86/syntax-check-final.json
 create mode 100644 trading/evidence/20260921T141355128Z-cow-quiet-a-preparation-97da6b86/syntax-check-final.log
 create mode 100644 trading/evidence/20260921T141355128Z-cow-quiet-a-preparation-97da6b86/syntax-check.json
 create mode 100644 trading/evidence/20260921T141355128Z-cow-quiet-a-preparation-97da6b86/syntax-check.log
 create mode 100644 trading/evidence/20260921T141530891Z-cow-main-push-7f52b681/attempt-1.json
 create mode 100644 trading/evidence/20260921T141530891Z-cow-main-push-7f52b681/before.json
 create mode 100644 trading/evidence/20260921T141530891Z-cow-main-push-7f52b681/fetch-1.log
 create mode 100644 trading/evidence/20260921T141530891Z-cow-main-push-7f52b681/merge-1.log
 create mode 100644 trading/evidence/20260921T141530891Z-cow-main-push-7f52b681/push-1.log
 create mode 100644 trading/evidence/20260921T141530891Z-cow-main-push-7f52b681/verified.json
 create mode 100644 trading/evidence/20260921T142245144Z-unified-router-regression-d35b9e1b/proxy.test.before.mjs
 create mode 100644 trading/evidence/20260921T142245144Z-unified-router-regression-d35b9e1b/run.json
 create mode 100644 trading/evidence/20260921T142245144Z-unified-router-regression-d35b9e1b/unit.json
 create mode 100644 trading/evidence/20260921T142245144Z-unified-router-regression-d35b9e1b/unit.log
 create mode 100644 trading/evidence/20260921T142454218Z-unified-proxy-regression-b6851baf/run.json
 create mode 100644 trading/evidence/20260921T142454218Z-unified-proxy-regression-b6851baf/unit.json
 create mode 100644 trading/evidence/20260921T142454218Z-unified-proxy-regression-b6851baf/unit.log
 create mode 100644 trading/evidence/20260921T142533833Z-park-proxy-integration-command-14c55359/output.log
 create mode 100644 trading/evidence/20260921T142533833Z-park-proxy-integration-command-14c55359/run.json
 create mode 100644 trading/evidence/20260921T142958569Z-router-reuse-c51d881e/failure.json
 create mode 100644 trading/evidence/20260921T143031732Z-router-reuse-8bf837b5/before.json
 create mode 100644 trading/evidence/20260921T143031732Z-router-reuse-8bf837b5/output.log
 create mode 100644 trading/evidence/20260921T143031732Z-router-reuse-8bf837b5/program.txt
 create mode 100644 trading/evidence/20260921T143031732Z-router-reuse-8bf837b5/proof.json
 create mode 100644 trading/evidence/frontend-20260921T142914818Z/build.log
 create mode 100644 trading/evidence/frontend-20260921T142914818Z/environment.txt
 create mode 100644 trading/evidence/frontend-20260921T142914818Z/format.log
 create mode 100644 trading/evidence/frontend-20260921T142914818Z/protocol.log
 create mode 100644 trading/scripts/park-proxy.integration.test.mjs
 create mode 100644 trading/scripts/park-router-startup.mjs
 create mode 100644 trading/scripts/park-router-startup.test.mjs
