{
  "classification": "isolated prototype alongside live demo; allocation counts, no timing/TPS claims",
  "deserialized_cow_cache_is_owned": true,
  "execute_count_boundary": "Core::execute only; prebuilt/converted input, returned-result drop, JSON, checks, Core clone and I/O excluded; lookup and clone separately labeled",
  "full_core_byte_equal": true,
  "groups": {
    "borrowed_duplicate": {
      "baseline": {
        "allocations": 640,
        "reallocations": 0,
        "requested_bytes": 8704
      },
      "candidate": {
        "allocations": 256,
        "reallocations": 0,
        "requested_bytes": 2432
      },
      "operations": 128
    },
    "borrowed_lookup": {
      "baseline": {
        "allocations": 640,
        "reallocations": 0,
        "requested_bytes": 8704
      },
      "candidate": {
        "allocations": 256,
        "reallocations": 0,
        "requested_bytes": 2432
      },
      "operations": 128
    },
    "fresh_full_core_clone": {
      "baseline": {
        "allocations": 108849,
        "reallocations": 0,
        "requested_bytes": 8136067
      },
      "candidate": {
        "allocations": 72465,
        "reallocations": 0,
        "requested_bytes": 7539491
      },
      "operations": 1
    },
    "fresh_rejection": {
      "baseline": {
        "allocations": 1300,
        "reallocations": 0,
        "requested_bytes": 74628
      },
      "candidate": {
        "allocations": 532,
        "reallocations": 0,
        "requested_bytes": 57476
      },
      "operations": 128
    },
    "invalid_key_unadmitted": {
      "baseline": {
        "allocations": 64,
        "reallocations": 0,
        "requested_bytes": 1232
      },
      "candidate": {
        "allocations": 16,
        "reallocations": 0,
        "requested_bytes": 112
      },
      "operations": 16
    },
    "normal_new": {
      "baseline": {
        "allocations": 85987,
        "reallocations": 1,
        "requested_bytes": 5034232
      },
      "candidate": {
        "allocations": 49987,
        "reallocations": 1,
        "requested_bytes": 4446232
      },
      "operations": 6000
    },
    "request_conflict": {
      "baseline": {
        "allocations": 640,
        "reallocations": 0,
        "requested_bytes": 14080
      },
      "candidate": {
        "allocations": 256,
        "reallocations": 0,
        "requested_bytes": 2432
      },
      "operations": 128
    },
    "restored_full_core_clone": {
      "baseline": {
        "allocations": 108868,
        "reallocations": 0,
        "requested_bytes": 8186491
      },
      "candidate": {
        "allocations": 108868,
        "reallocations": 0,
        "requested_bytes": 8186491
      },
      "operations": 1
    },
    "restored_owned_duplicate": {
      "baseline": {
        "allocations": 640,
        "reallocations": 0,
        "requested_bytes": 8704
      },
      "candidate": {
        "allocations": 640,
        "reallocations": 0,
        "requested_bytes": 8704
      },
      "operations": 128
    },
    "restored_owned_lookup": {
      "baseline": {
        "allocations": 640,
        "reallocations": 0,
        "requested_bytes": 8704
      },
      "candidate": {
        "allocations": 640,
        "reallocations": 0,
        "requested_bytes": 8704
      },
      "operations": 128
    }
  },
  "legacy": {
    "all_results_full_core_json_equal": true,
    "baseline_checkpoint_read_by_candidate": true,
    "candidate_checkpoint_read_by_baseline": true,
    "format": "v1 CRC framing with JSON payload; not bincode",
    "historical_entries": 13,
    "journal_frames_byte_equal": true,
    "legacy_snapshot_replayed_records": 0,
    "magic": {
      "genesis": "LVINIT01",
      "journal": "LVJRNL01",
      "snapshot": "LVSNAP01"
    },
    "new_snapshot_frames_byte_equal": true,
    "second_restart_full_core_equal": true,
    "snapshot_bytes": 9785,
    "suffix_commands": 9
  },
  "normal_baseline_allocs_per_command": 14.331333333333333,
  "normal_candidate_allocs_per_command": 8.331333333333333,
  "normal_measured_commands_per_variant": 6000,
  "size_of_result_baseline": 184,
  "size_of_result_candidate": 184,
  "unknown_future_strings_and_escaping_preserved": true,
  "verified": true,
  "warmup_commands_per_variant": 6000,
  "zero_allocation": false
}
