{
  "evidence": "C:\\project\\hackton-2026-tbd\\trading\\evidence\\2026-09-21T14-34-57-154Z-supplementary-resource-analysis-450dc7fa",
  "source_status": "running",
  "source_reported_completed": false,
  "parameters": {
    "expected_process_count": 14,
    "logical_processors": 16,
    "source_interval_seconds": 30,
    "max_gap_seconds": 65,
    "max_gap_policy": "2 * recorded interval_seconds + 5 seconds",
    "clock_disagreement_tolerance_ms": 1000,
    "cpu_denominator": "Adjacent recorded elapsed_ms delta * recorded logical_processors"
  },
  "coverage": {
    "sample_count": 154,
    "first_at": "2026-09-21T13:17:59.7923779+00:00",
    "last_at": "2026-09-21T14:34:41.7555734+00:00",
    "observed_elapsed_span_seconds": 4602.039865899999,
    "complete_membership_samples": 154,
    "incomplete_or_invalid_samples": 0,
    "all_samples_and_intervals_valid": true,
    "completion_note": "Sampler status completed means its loop ended; it does not imply complete or valid resource coverage."
  },
  "full_group_cpu": {
    "interval_count": 153,
    "excluded_interval_count": 0,
    "covered_interval_seconds": 4602.0398659,
    "cpu_seconds": 496.375,
    "mean_percent_total_capacity": 0.6741236148316783
  },
  "excluded_partial_tail_bytes": 0
}
